[github.com/flipped-aurora/gin-vue-admin/server]2026-04-21 00:00:07.217	[34minfo[0m	/Users/a1/data/go/gin-vue-admin/server/initialize/gorm.go:39	auto-migrate is disabled, skipping table registration
[github.com/flipped-aurora/gin-vue-admin/server]2026-04-21 00:00:07.417	[34minfo[0m	/Users/a1/data/go/gin-vue-admin/server/initialize/router.go:62	register swagger handler
[github.com/flipped-aurora/gin-vue-admin/server]2026-04-21 00:00:08.750	[34minfo[0m	/Users/a1/data/go/gin-vue-admin/server/initialize/router.go:115	router register success
[github.com/flipped-aurora/gin-vue-admin/server]2026-04-21 00:00:19.194	[34minfo[0m	/Users/a1/data/go/gin-vue-admin/server/initialize/gorm.go:39	auto-migrate is disabled, skipping table registration
[github.com/flipped-aurora/gin-vue-admin/server]2026-04-21 00:00:19.235	[34minfo[0m	/Users/a1/data/go/gin-vue-admin/server/initialize/router.go:62	register swagger handler
[github.com/flipped-aurora/gin-vue-admin/server]2026-04-21 00:00:22.469	[34minfo[0m	/Users/a1/data/go/gin-vue-admin/server/initialize/router.go:115	router register success
[github.com/flipped-aurora/gin-vue-admin/server]2026-04-21 00:01:11.178	[34minfo[0m	/Users/a1/data/go/gin-vue-admin/server/initialize/gorm.go:39	auto-migrate is disabled, skipping table registration
[github.com/flipped-aurora/gin-vue-admin/server]2026-04-21 00:01:11.194	[34minfo[0m	/Users/a1/data/go/gin-vue-admin/server/initialize/router.go:62	register swagger handler
[github.com/flipped-aurora/gin-vue-admin/server]2026-04-21 00:01:12.172	[34minfo[0m	/Users/a1/data/go/gin-vue-admin/server/initialize/router.go:115	router register success
[github.com/flipped-aurora/gin-vue-admin/server]2026-04-21 00:01:43.889	[34minfo[0m	/Users/a1/data/go/gin-vue-admin/server/initialize/gorm.go:39	auto-migrate is disabled, skipping table registration
[github.com/flipped-aurora/gin-vue-admin/server]2026-04-21 00:01:43.924	[34minfo[0m	/Users/a1/data/go/gin-vue-admin/server/initialize/router.go:62	register swagger handler
[github.com/flipped-aurora/gin-vue-admin/server]2026-04-21 00:01:45.466	[34minfo[0m	/Users/a1/data/go/gin-vue-admin/server/initialize/router.go:115	router register success
[github.com/flipped-aurora/gin-vue-admin/server]2026-04-21 00:02:22.946	[34minfo[0m	/Users/a1/data/go/gin-vue-admin/server/initialize/gorm.go:39	auto-migrate is disabled, skipping table registration
[github.com/flipped-aurora/gin-vue-admin/server]2026-04-21 00:02:23.018	[34minfo[0m	/Users/a1/data/go/gin-vue-admin/server/initialize/router.go:62	register swagger handler
[github.com/flipped-aurora/gin-vue-admin/server]2026-04-21 00:02:24.531	[34minfo[0m	/Users/a1/data/go/gin-vue-admin/server/initialize/router.go:115	router register success
[github.com/flipped-aurora/gin-vue-admin/server]2026-04-21 00:02:33.860	[34minfo[0m	/Users/a1/data/go/gin-vue-admin/server/initialize/gorm.go:39	auto-migrate is disabled, skipping table registration
[github.com/flipped-aurora/gin-vue-admin/server]2026-04-21 00:02:33.887	[34minfo[0m	/Users/a1/data/go/gin-vue-admin/server/initialize/router.go:62	register swagger handler
[github.com/flipped-aurora/gin-vue-admin/server]2026-04-21 00:02:34.850	[34minfo[0m	/Users/a1/data/go/gin-vue-admin/server/initialize/router.go:115	router register success
[github.com/flipped-aurora/gin-vue-admin/server]2026-04-21 00:02:47.020	[34minfo[0m	/Users/a1/data/go/gin-vue-admin/server/initialize/gorm.go:39	auto-migrate is disabled, skipping table registration
[github.com/flipped-aurora/gin-vue-admin/server]2026-04-21 00:02:47.050	[34minfo[0m	/Users/a1/data/go/gin-vue-admin/server/initialize/router.go:62	register swagger handler
[github.com/flipped-aurora/gin-vue-admin/server]2026-04-21 00:02:47.849	[34minfo[0m	/Users/a1/data/go/gin-vue-admin/server/initialize/router.go:115	router register success
[github.com/flipped-aurora/gin-vue-admin/server]2026-04-21 00:02:57.280	[34minfo[0m	/Users/a1/data/go/gin-vue-admin/server/initialize/gorm.go:39	auto-migrate is disabled, skipping table registration
[github.com/flipped-aurora/gin-vue-admin/server]2026-04-21 00:02:57.308	[34minfo[0m	/Users/a1/data/go/gin-vue-admin/server/initialize/router.go:62	register swagger handler
[github.com/flipped-aurora/gin-vue-admin/server]2026-04-21 00:02:58.769	[34minfo[0m	/Users/a1/data/go/gin-vue-admin/server/initialize/router.go:115	router register success
[github.com/flipped-aurora/gin-vue-admin/server]2026-04-21 00:03:07.920	[34minfo[0m	/Users/a1/data/go/gin-vue-admin/server/initialize/gorm.go:39	auto-migrate is disabled, skipping table registration
[github.com/flipped-aurora/gin-vue-admin/server]2026-04-21 00:03:07.946	[34minfo[0m	/Users/a1/data/go/gin-vue-admin/server/initialize/router.go:62	register swagger handler
[github.com/flipped-aurora/gin-vue-admin/server]2026-04-21 00:03:08.852	[34minfo[0m	/Users/a1/data/go/gin-vue-admin/server/initialize/router.go:115	router register success
[github.com/flipped-aurora/gin-vue-admin/server]2026-04-21 00:03:42.917	[34minfo[0m	/Users/a1/data/go/gin-vue-admin/server/initialize/gorm.go:39	auto-migrate is disabled, skipping table registration
[github.com/flipped-aurora/gin-vue-admin/server]2026-04-21 00:03:42.942	[34minfo[0m	/Users/a1/data/go/gin-vue-admin/server/initialize/router.go:62	register swagger handler
[github.com/flipped-aurora/gin-vue-admin/server]2026-04-21 00:03:44.400	[34minfo[0m	/Users/a1/data/go/gin-vue-admin/server/initialize/router.go:115	router register success
[github.com/flipped-aurora/gin-vue-admin/server]2026-04-21 00:04:41.885	[34minfo[0m	/Users/a1/data/go/gin-vue-admin/server/initialize/gorm.go:39	auto-migrate is disabled, skipping table registration
[github.com/flipped-aurora/gin-vue-admin/server]2026-04-21 00:04:41.910	[34minfo[0m	/Users/a1/data/go/gin-vue-admin/server/initialize/router.go:62	register swagger handler
[github.com/flipped-aurora/gin-vue-admin/server]2026-04-21 00:04:42.725	[34minfo[0m	/Users/a1/data/go/gin-vue-admin/server/initialize/router.go:115	router register success
[github.com/flipped-aurora/gin-vue-admin/server]2026-04-21 00:04:51.237	[34minfo[0m	/Users/a1/data/go/gin-vue-admin/server/initialize/gorm.go:39	auto-migrate is disabled, skipping table registration
[github.com/flipped-aurora/gin-vue-admin/server]2026-04-21 00:04:51.252	[34minfo[0m	/Users/a1/data/go/gin-vue-admin/server/initialize/router.go:62	register swagger handler
[github.com/flipped-aurora/gin-vue-admin/server]2026-04-21 00:04:51.993	[34minfo[0m	/Users/a1/data/go/gin-vue-admin/server/initialize/router.go:115	router register success
[github.com/flipped-aurora/gin-vue-admin/server]2026-04-21 17:12:30.305	[34minfo[0m	/Users/a1/data/go/gin-vue-admin/server/initialize/gorm.go:39	auto-migrate is disabled, skipping table registration
[github.com/flipped-aurora/gin-vue-admin/server]2026-04-21 17:12:30.321	[34minfo[0m	/Users/a1/data/go/gin-vue-admin/server/initialize/router.go:62	register swagger handler
[github.com/flipped-aurora/gin-vue-admin/server]2026-04-21 17:12:30.905	[34minfo[0m	/Users/a1/data/go/gin-vue-admin/server/initialize/router.go:115	router register success
[github.com/flipped-aurora/gin-vue-admin/server]2026-04-21 17:12:44.658	[34minfo[0m	/Users/a1/data/go/gin-vue-admin/server/initialize/gorm.go:39	auto-migrate is disabled, skipping table registration
[github.com/flipped-aurora/gin-vue-admin/server]2026-04-21 17:12:44.670	[34minfo[0m	/Users/a1/data/go/gin-vue-admin/server/initialize/router.go:62	register swagger handler
[github.com/flipped-aurora/gin-vue-admin/server]2026-04-21 17:12:45.205	[34minfo[0m	/Users/a1/data/go/gin-vue-admin/server/initialize/router.go:115	router register success
[github.com/flipped-aurora/gin-vue-admin/server]2026-04-21 17:13:15.142	[34minfo[0m	/Users/a1/data/go/gin-vue-admin/server/initialize/gorm.go:39	auto-migrate is disabled, skipping table registration
[github.com/flipped-aurora/gin-vue-admin/server]2026-04-21 17:13:15.154	[34minfo[0m	/Users/a1/data/go/gin-vue-admin/server/initialize/router.go:62	register swagger handler
[github.com/flipped-aurora/gin-vue-admin/server]2026-04-21 17:13:15.599	[34minfo[0m	/Users/a1/data/go/gin-vue-admin/server/initialize/router.go:115	router register success
[github.com/flipped-aurora/gin-vue-admin/server]2026-04-21 17:13:23.929	[34minfo[0m	/Users/a1/data/go/gin-vue-admin/server/initialize/gorm.go:39	auto-migrate is disabled, skipping table registration
[github.com/flipped-aurora/gin-vue-admin/server]2026-04-21 17:13:23.948	[34minfo[0m	/Users/a1/data/go/gin-vue-admin/server/initialize/router.go:62	register swagger handler
[github.com/flipped-aurora/gin-vue-admin/server]2026-04-21 17:13:24.453	[34minfo[0m	/Users/a1/data/go/gin-vue-admin/server/initialize/router.go:115	router register success
[github.com/flipped-aurora/gin-vue-admin/server]2026-04-21 17:14:21.009	[34minfo[0m	/Users/a1/data/go/gin-vue-admin/server/initialize/gorm.go:39	auto-migrate is disabled, skipping table registration
[github.com/flipped-aurora/gin-vue-admin/server]2026-04-21 17:14:21.022	[34minfo[0m	/Users/a1/data/go/gin-vue-admin/server/initialize/router.go:62	register swagger handler
[github.com/flipped-aurora/gin-vue-admin/server]2026-04-21 17:14:21.501	[34minfo[0m	/Users/a1/data/go/gin-vue-admin/server/initialize/router.go:115	router register success
[github.com/flipped-aurora/gin-vue-admin/server]2026-04-21 17:14:29.509	[34minfo[0m	/Users/a1/data/go/gin-vue-admin/server/initialize/gorm.go:39	auto-migrate is disabled, skipping table registration
[github.com/flipped-aurora/gin-vue-admin/server]2026-04-21 17:14:29.527	[34minfo[0m	/Users/a1/data/go/gin-vue-admin/server/initialize/router.go:62	register swagger handler
[github.com/flipped-aurora/gin-vue-admin/server]2026-04-21 17:14:30.101	[34minfo[0m	/Users/a1/data/go/gin-vue-admin/server/initialize/router.go:115	router register success
[github.com/flipped-aurora/gin-vue-admin/server]2026-04-21 17:14:36.316	[34minfo[0m	/Users/a1/data/go/gin-vue-admin/server/initialize/gorm.go:39	auto-migrate is disabled, skipping table registration
[github.com/flipped-aurora/gin-vue-admin/server]2026-04-21 17:14:36.327	[34minfo[0m	/Users/a1/data/go/gin-vue-admin/server/initialize/router.go:62	register swagger handler
[github.com/flipped-aurora/gin-vue-admin/server]2026-04-21 17:14:36.805	[34minfo[0m	/Users/a1/data/go/gin-vue-admin/server/initialize/router.go:115	router register success
[github.com/flipped-aurora/gin-vue-admin/server]2026-04-21 17:15:05.873	[34minfo[0m	/Users/a1/data/go/gin-vue-admin/server/initialize/gorm.go:39	auto-migrate is disabled, skipping table registration
[github.com/flipped-aurora/gin-vue-admin/server]2026-04-21 17:15:05.888	[34minfo[0m	/Users/a1/data/go/gin-vue-admin/server/initialize/router.go:62	register swagger handler
[github.com/flipped-aurora/gin-vue-admin/server]2026-04-21 17:15:06.401	[34minfo[0m	/Users/a1/data/go/gin-vue-admin/server/initialize/router.go:115	router register success
[github.com/flipped-aurora/gin-vue-admin/server]2026-04-21 17:16:51.494	[34minfo[0m	/Users/a1/data/go/gin-vue-admin/server/initialize/gorm.go:39	auto-migrate is disabled, skipping table registration
[github.com/flipped-aurora/gin-vue-admin/server]2026-04-21 17:16:51.507	[34minfo[0m	/Users/a1/data/go/gin-vue-admin/server/initialize/router.go:62	register swagger handler
[github.com/flipped-aurora/gin-vue-admin/server]2026-04-21 17:16:52.002	[34minfo[0m	/Users/a1/data/go/gin-vue-admin/server/initialize/router.go:115	router register success
[github.com/flipped-aurora/gin-vue-admin/server]2026-04-21 17:17:14.585	[34minfo[0m	/Users/a1/data/go/gin-vue-admin/server/initialize/gorm.go:39	auto-migrate is disabled, skipping table registration
[github.com/flipped-aurora/gin-vue-admin/server]2026-04-21 17:17:14.603	[34minfo[0m	/Users/a1/data/go/gin-vue-admin/server/initialize/router.go:62	register swagger handler
[github.com/flipped-aurora/gin-vue-admin/server]2026-04-21 17:17:15.154	[34minfo[0m	/Users/a1/data/go/gin-vue-admin/server/initialize/router.go:115	router register success
[github.com/flipped-aurora/gin-vue-admin/server]2026-04-21 17:21:03.108	[34minfo[0m	/Users/a1/data/go/gin-vue-admin/server/initialize/gorm.go:39	auto-migrate is disabled, skipping table registration
[github.com/flipped-aurora/gin-vue-admin/server]2026-04-21 17:21:03.121	[34minfo[0m	/Users/a1/data/go/gin-vue-admin/server/initialize/router.go:62	register swagger handler
[github.com/flipped-aurora/gin-vue-admin/server]2026-04-21 17:21:03.603	[34minfo[0m	/Users/a1/data/go/gin-vue-admin/server/initialize/router.go:115	router register success
[github.com/flipped-aurora/gin-vue-admin/server]2026-04-21 17:21:10.080	[34minfo[0m	/Users/a1/data/go/gin-vue-admin/server/initialize/gorm.go:39	auto-migrate is disabled, skipping table registration
[github.com/flipped-aurora/gin-vue-admin/server]2026-04-21 17:21:10.092	[34minfo[0m	/Users/a1/data/go/gin-vue-admin/server/initialize/router.go:62	register swagger handler
[github.com/flipped-aurora/gin-vue-admin/server]2026-04-21 17:21:10.604	[34minfo[0m	/Users/a1/data/go/gin-vue-admin/server/initialize/router.go:115	router register success
[github.com/flipped-aurora/gin-vue-admin/server]2026-04-21 17:21:57.190	[34minfo[0m	/Users/a1/data/go/gin-vue-admin/server/initialize/gorm.go:39	auto-migrate is disabled, skipping table registration
[github.com/flipped-aurora/gin-vue-admin/server]2026-04-21 17:21:57.203	[34minfo[0m	/Users/a1/data/go/gin-vue-admin/server/initialize/router.go:62	register swagger handler
[github.com/flipped-aurora/gin-vue-admin/server]2026-04-21 17:21:57.655	[34minfo[0m	/Users/a1/data/go/gin-vue-admin/server/initialize/router.go:115	router register success
[github.com/flipped-aurora/gin-vue-admin/server]2026-04-21 17:22:34.514	[34minfo[0m	/Users/a1/data/go/gin-vue-admin/server/initialize/gorm.go:39	auto-migrate is disabled, skipping table registration
[github.com/flipped-aurora/gin-vue-admin/server]2026-04-21 17:22:34.526	[34minfo[0m	/Users/a1/data/go/gin-vue-admin/server/initialize/router.go:62	register swagger handler
[github.com/flipped-aurora/gin-vue-admin/server]2026-04-21 17:22:35.055	[34minfo[0m	/Users/a1/data/go/gin-vue-admin/server/initialize/router.go:115	router register success
[github.com/flipped-aurora/gin-vue-admin/server]2026-04-21 17:23:32.920	[34minfo[0m	/Users/a1/data/go/gin-vue-admin/server/initialize/gorm.go:39	auto-migrate is disabled, skipping table registration
[github.com/flipped-aurora/gin-vue-admin/server]2026-04-21 17:23:32.935	[34minfo[0m	/Users/a1/data/go/gin-vue-admin/server/initialize/router.go:62	register swagger handler
[github.com/flipped-aurora/gin-vue-admin/server]2026-04-21 17:23:33.406	[34minfo[0m	/Users/a1/data/go/gin-vue-admin/server/initialize/router.go:115	router register success
[github.com/flipped-aurora/gin-vue-admin/server]2026-04-21 17:24:09.867	[34minfo[0m	/Users/a1/data/go/gin-vue-admin/server/initialize/gorm.go:39	auto-migrate is disabled, skipping table registration
[github.com/flipped-aurora/gin-vue-admin/server]2026-04-21 17:24:09.881	[34minfo[0m	/Users/a1/data/go/gin-vue-admin/server/initialize/router.go:62	register swagger handler
[github.com/flipped-aurora/gin-vue-admin/server]2026-04-21 17:24:10.455	[34minfo[0m	/Users/a1/data/go/gin-vue-admin/server/initialize/router.go:115	router register success
[github.com/flipped-aurora/gin-vue-admin/server]2026-04-21 17:24:25.507	[34minfo[0m	/Users/a1/data/go/gin-vue-admin/server/initialize/gorm.go:39	auto-migrate is disabled, skipping table registration
[github.com/flipped-aurora/gin-vue-admin/server]2026-04-21 17:24:25.521	[34minfo[0m	/Users/a1/data/go/gin-vue-admin/server/initialize/router.go:62	register swagger handler
[github.com/flipped-aurora/gin-vue-admin/server]2026-04-21 17:24:26.058	[34minfo[0m	/Users/a1/data/go/gin-vue-admin/server/initialize/router.go:115	router register success
[github.com/flipped-aurora/gin-vue-admin/server]2026-04-21 17:24:32.155	[34minfo[0m	/Users/a1/data/go/gin-vue-admin/server/initialize/gorm.go:39	auto-migrate is disabled, skipping table registration
[github.com/flipped-aurora/gin-vue-admin/server]2026-04-21 17:24:32.170	[34minfo[0m	/Users/a1/data/go/gin-vue-admin/server/initialize/router.go:62	register swagger handler
[github.com/flipped-aurora/gin-vue-admin/server]2026-04-21 17:24:32.690	[34minfo[0m	/Users/a1/data/go/gin-vue-admin/server/initialize/router.go:115	router register success
[github.com/flipped-aurora/gin-vue-admin/server]2026-04-21 17:25:14.410	[34minfo[0m	/Users/a1/data/go/gin-vue-admin/server/initialize/gorm.go:39	auto-migrate is disabled, skipping table registration
[github.com/flipped-aurora/gin-vue-admin/server]2026-04-21 17:25:14.422	[34minfo[0m	/Users/a1/data/go/gin-vue-admin/server/initialize/router.go:62	register swagger handler
[github.com/flipped-aurora/gin-vue-admin/server]2026-04-21 17:25:14.961	[34minfo[0m	/Users/a1/data/go/gin-vue-admin/server/initialize/router.go:115	router register success
[github.com/flipped-aurora/gin-vue-admin/server]2026-04-21 17:29:54.242	[34minfo[0m	/Users/a1/data/go/gin-vue-admin/server/initialize/gorm.go:39	auto-migrate is disabled, skipping table registration
[github.com/flipped-aurora/gin-vue-admin/server]2026-04-21 17:29:54.254	[34minfo[0m	/Users/a1/data/go/gin-vue-admin/server/initialize/router.go:62	register swagger handler
[github.com/flipped-aurora/gin-vue-admin/server]2026-04-21 17:29:54.699	[34minfo[0m	/Users/a1/data/go/gin-vue-admin/server/initialize/router.go:115	router register success
[github.com/flipped-aurora/gin-vue-admin/server]2026-04-21 17:30:25.603	[34minfo[0m	/Users/a1/data/go/gin-vue-admin/server/initialize/gorm.go:39	auto-migrate is disabled, skipping table registration
[github.com/flipped-aurora/gin-vue-admin/server]2026-04-21 17:30:25.616	[34minfo[0m	/Users/a1/data/go/gin-vue-admin/server/initialize/router.go:62	register swagger handler
[github.com/flipped-aurora/gin-vue-admin/server]2026-04-21 17:30:26.148	[34minfo[0m	/Users/a1/data/go/gin-vue-admin/server/initialize/router.go:115	router register success
[github.com/flipped-aurora/gin-vue-admin/server]2026-04-21 17:47:52.291	[34minfo[0m	/Users/a1/data/go/gin-vue-admin/server/service/quant/meilisearch.go:45	Meilisearch client initialized successfully	{"url": "http://47.108.165.155:7700"}
[github.com/flipped-aurora/gin-vue-admin/server]2026-04-21 17:47:52.340	[34minfo[0m	/Users/a1/data/go/gin-vue-admin/server/service/quant/meilisearch.go:88	News index created and configured successfully	{"index": "news"}
[github.com/flipped-aurora/gin-vue-admin/server]2026-04-21 17:47:52.340	[34minfo[0m	/Users/a1/data/go/gin-vue-admin/server/initialize/meilisearch.go:30	Meilisearch initialized successfully
[github.com/flipped-aurora/gin-vue-admin/server]2026-04-21 17:47:52.340	[34minfo[0m	/Users/a1/data/go/gin-vue-admin/server/initialize/gorm.go:39	auto-migrate is disabled, skipping table registration
[github.com/flipped-aurora/gin-vue-admin/server]2026-04-21 17:47:52.349	[34minfo[0m	/Users/a1/data/go/gin-vue-admin/server/initialize/router.go:62	register swagger handler
[github.com/flipped-aurora/gin-vue-admin/server]2026-04-21 17:47:52.722	[34minfo[0m	/Users/a1/data/go/gin-vue-admin/server/initialize/router.go:115	router register success
[github.com/flipped-aurora/gin-vue-admin/server]2026-04-21 17:48:23.775	[34minfo[0m	/Users/a1/data/go/gin-vue-admin/server/service/quant/meilisearch.go:477	Search completed	{"engine": "meilisearch", "total": 0, "elapsed": 0.202727921}
[github.com/flipped-aurora/gin-vue-admin/server]2026-04-21 17:48:26.237	[34minfo[0m	/Users/a1/data/go/gin-vue-admin/server/service/quant/meilisearch.go:477	Search completed	{"engine": "meilisearch", "total": 0, "elapsed": 0.018689873}
[github.com/flipped-aurora/gin-vue-admin/server]2026-04-21 17:48:26.825	[34minfo[0m	/Users/a1/data/go/gin-vue-admin/server/service/quant/meilisearch.go:477	Search completed	{"engine": "meilisearch", "total": 0, "elapsed": 0.013515007}
[github.com/flipped-aurora/gin-vue-admin/server]2026-04-21 17:48:27.750	[34minfo[0m	/Users/a1/data/go/gin-vue-admin/server/service/quant/meilisearch.go:477	Search completed	{"engine": "meilisearch", "total": 0, "elapsed": 0.013255857}
[github.com/flipped-aurora/gin-vue-admin/server]2026-04-21 17:48:28.493	[34minfo[0m	/Users/a1/data/go/gin-vue-admin/server/service/quant/meilisearch.go:477	Search completed	{"engine": "meilisearch", "total": 0, "elapsed": 0.012457355}
[github.com/flipped-aurora/gin-vue-admin/server]2026-04-21 17:48:29.270	[34minfo[0m	/Users/a1/data/go/gin-vue-admin/server/service/quant/meilisearch.go:477	Search completed	{"engine": "meilisearch", "total": 0, "elapsed": 0.016986991}
[github.com/flipped-aurora/gin-vue-admin/server]2026-04-21 17:48:29.653	[34minfo[0m	/Users/a1/data/go/gin-vue-admin/server/service/quant/meilisearch.go:477	Search completed	{"engine": "meilisearch", "total": 0, "elapsed": 0.013609049}
[github.com/flipped-aurora/gin-vue-admin/server]2026-04-21 17:48:31.822	[34minfo[0m	/Users/a1/data/go/gin-vue-admin/server/service/quant/meilisearch.go:477	Search completed	{"engine": "meilisearch", "total": 0, "elapsed": 0.0114108}
[github.com/flipped-aurora/gin-vue-admin/server]2026-04-21 17:48:31.877	[34minfo[0m	/Users/a1/data/go/gin-vue-admin/server/service/quant/meilisearch.go:477	Search completed	{"engine": "meilisearch", "total": 0, "elapsed": 0.011714859}
[github.com/flipped-aurora/gin-vue-admin/server]2026-04-21 17:48:33.639	[34minfo[0m	/Users/a1/data/go/gin-vue-admin/server/service/quant/meilisearch.go:477	Search completed	{"engine": "meilisearch", "total": 0, "elapsed": 0.014071416}
[github.com/flipped-aurora/gin-vue-admin/server]2026-04-21 17:48:34.040	[34minfo[0m	/Users/a1/data/go/gin-vue-admin/server/service/quant/meilisearch.go:477	Search completed	{"engine": "meilisearch", "total": 0, "elapsed": 0.016956566}
[github.com/flipped-aurora/gin-vue-admin/server]2026-04-21 17:48:34.488	[34minfo[0m	/Users/a1/data/go/gin-vue-admin/server/service/quant/meilisearch.go:477	Search completed	{"engine": "meilisearch", "total": 0, "elapsed": 0.018793152}
[github.com/flipped-aurora/gin-vue-admin/server]2026-04-21 17:48:34.663	[34minfo[0m	/Users/a1/data/go/gin-vue-admin/server/service/quant/meilisearch.go:477	Search completed	{"engine": "meilisearch", "total": 0, "elapsed": 0.012963513}
[github.com/flipped-aurora/gin-vue-admin/server]2026-04-21 17:48:34.835	[34minfo[0m	/Users/a1/data/go/gin-vue-admin/server/service/quant/meilisearch.go:477	Search completed	{"engine": "meilisearch", "total": 0, "elapsed": 0.015321146}
[github.com/flipped-aurora/gin-vue-admin/server]2026-04-21 17:48:36.823	[34minfo[0m	/Users/a1/data/go/gin-vue-admin/server/service/quant/meilisearch.go:477	Search completed	{"engine": "meilisearch", "total": 0, "elapsed": 0.012355398}
[github.com/flipped-aurora/gin-vue-admin/server]2026-04-21 17:48:38.664	[34minfo[0m	/Users/a1/data/go/gin-vue-admin/server/service/quant/meilisearch.go:477	Search completed	{"engine": "meilisearch", "total": 0, "elapsed": 0.018128389}
[github.com/flipped-aurora/gin-vue-admin/server]2026-04-21 17:48:39.121	[34minfo[0m	/Users/a1/data/go/gin-vue-admin/server/service/quant/meilisearch.go:477	Search completed	{"engine": "meilisearch", "total": 0, "elapsed": 0.014333715}
[github.com/flipped-aurora/gin-vue-admin/server]2026-04-21 17:48:41.824	[34minfo[0m	/Users/a1/data/go/gin-vue-admin/server/service/quant/meilisearch.go:477	Search completed	{"engine": "meilisearch", "total": 0, "elapsed": 0.012687558}
[github.com/flipped-aurora/gin-vue-admin/server]2026-04-21 17:48:44.363	[34minfo[0m	/Users/a1/data/go/gin-vue-admin/server/service/quant/meilisearch.go:477	Search completed	{"engine": "meilisearch", "total": 0, "elapsed": 0.018712888}
[github.com/flipped-aurora/gin-vue-admin/server]2026-04-21 17:48:46.832	[34minfo[0m	/Users/a1/data/go/gin-vue-admin/server/service/quant/meilisearch.go:477	Search completed	{"engine": "meilisearch", "total": 0, "elapsed": 0.020729932}
[github.com/flipped-aurora/gin-vue-admin/server]2026-04-21 17:48:51.830	[34minfo[0m	/Users/a1/data/go/gin-vue-admin/server/service/quant/meilisearch.go:477	Search completed	{"engine": "meilisearch", "total": 0, "elapsed": 0.019583717}
[github.com/flipped-aurora/gin-vue-admin/server]2026-04-21 17:48:55.672	[34minfo[0m	/Users/a1/data/go/gin-vue-admin/server/service/quant/meilisearch.go:477	Search completed	{"engine": "meilisearch", "total": 0, "elapsed": 0.018582797}
[github.com/flipped-aurora/gin-vue-admin/server]2026-04-21 17:48:56.824	[34minfo[0m	/Users/a1/data/go/gin-vue-admin/server/service/quant/meilisearch.go:477	Search completed	{"engine": "meilisearch", "total": 0, "elapsed": 0.012806512}
[github.com/flipped-aurora/gin-vue-admin/server]2026-04-21 17:49:01.824	[34minfo[0m	/Users/a1/data/go/gin-vue-admin/server/service/quant/meilisearch.go:477	Search completed	{"engine": "meilisearch", "total": 0, "elapsed": 0.013894949}
[github.com/flipped-aurora/gin-vue-admin/server]2026-04-21 17:49:03.373	[34minfo[0m	/Users/a1/data/go/gin-vue-admin/server/service/quant/meilisearch.go:477	Search completed	{"engine": "meilisearch", "total": 0, "elapsed": 0.022082345}
[github.com/flipped-aurora/gin-vue-admin/server]2026-04-21 17:49:06.823	[34minfo[0m	/Users/a1/data/go/gin-vue-admin/server/service/quant/meilisearch.go:477	Search completed	{"engine": "meilisearch", "total": 0, "elapsed": 0.013106544}
[github.com/flipped-aurora/gin-vue-admin/server]2026-04-21 17:49:11.821	[34minfo[0m	/Users/a1/data/go/gin-vue-admin/server/service/quant/meilisearch.go:477	Search completed	{"engine": "meilisearch", "total": 0, "elapsed": 0.012204134}
[github.com/flipped-aurora/gin-vue-admin/server]2026-04-21 17:49:16.831	[34minfo[0m	/Users/a1/data/go/gin-vue-admin/server/service/quant/meilisearch.go:477	Search completed	{"engine": "meilisearch", "total": 0, "elapsed": 0.022641921}
[github.com/flipped-aurora/gin-vue-admin/server]2026-04-21 17:49:20.852	[34minfo[0m	/Users/a1/data/go/gin-vue-admin/server/service/quant/meilisearch.go:477	Search completed	{"engine": "meilisearch", "total": 0, "elapsed": 0.0132369}
[github.com/flipped-aurora/gin-vue-admin/server]2026-04-21 17:49:21.823	[34minfo[0m	/Users/a1/data/go/gin-vue-admin/server/service/quant/meilisearch.go:477	Search completed	{"engine": "meilisearch", "total": 0, "elapsed": 0.013170123}
[github.com/flipped-aurora/gin-vue-admin/server]2026-04-21 17:49:22.185	[34minfo[0m	/Users/a1/data/go/gin-vue-admin/server/service/quant/meilisearch.go:477	Search completed	{"engine": "meilisearch", "total": 0, "elapsed": 0.012770213}
[github.com/flipped-aurora/gin-vue-admin/server]2026-04-21 17:49:22.918	[34minfo[0m	/Users/a1/data/go/gin-vue-admin/server/service/quant/meilisearch.go:477	Search completed	{"engine": "meilisearch", "total": 0, "elapsed": 0.016811811}
[github.com/flipped-aurora/gin-vue-admin/server]2026-04-21 17:49:25.046	[34minfo[0m	/Users/a1/data/go/gin-vue-admin/server/service/quant/meilisearch.go:477	Search completed	{"engine": "meilisearch", "total": 0, "elapsed": 0.013041739}
[github.com/flipped-aurora/gin-vue-admin/server]2026-04-21 17:49:26.822	[34minfo[0m	/Users/a1/data/go/gin-vue-admin/server/service/quant/meilisearch.go:477	Search completed	{"engine": "meilisearch", "total": 0, "elapsed": 0.01300336}
[github.com/flipped-aurora/gin-vue-admin/server]2026-04-21 17:49:27.149	[34minfo[0m	/Users/a1/data/go/gin-vue-admin/server/service/quant/meilisearch.go:477	Search completed	{"engine": "meilisearch", "total": 0, "elapsed": 0.020312828}
[github.com/flipped-aurora/gin-vue-admin/server]2026-04-21 17:49:29.205	[34minfo[0m	/Users/a1/data/go/gin-vue-admin/server/service/quant/meilisearch.go:477	Search completed	{"engine": "meilisearch", "total": 0, "elapsed": 0.025005465}
[github.com/flipped-aurora/gin-vue-admin/server]2026-04-21 17:49:31.823	[34minfo[0m	/Users/a1/data/go/gin-vue-admin/server/service/quant/meilisearch.go:477	Search completed	{"engine": "meilisearch", "total": 0, "elapsed": 0.013334899}
[github.com/flipped-aurora/gin-vue-admin/server]2026-04-21 17:49:36.823	[34minfo[0m	/Users/a1/data/go/gin-vue-admin/server/service/quant/meilisearch.go:477	Search completed	{"engine": "meilisearch", "total": 0, "elapsed": 0.013767454}
[github.com/flipped-aurora/gin-vue-admin/server]2026-04-21 17:49:41.822	[34minfo[0m	/Users/a1/data/go/gin-vue-admin/server/service/quant/meilisearch.go:477	Search completed	{"engine": "meilisearch", "total": 0, "elapsed": 0.012664624}
[github.com/flipped-aurora/gin-vue-admin/server]2026-04-21 17:49:47.385	[34minfo[0m	/Users/a1/data/go/gin-vue-admin/server/service/quant/meilisearch.go:477	Search completed	{"engine": "meilisearch", "total": 0, "elapsed": 0.013560695}
[github.com/flipped-aurora/gin-vue-admin/server]2026-04-21 17:49:52.403	[34minfo[0m	/Users/a1/data/go/gin-vue-admin/server/service/quant/meilisearch.go:477	Search completed	{"engine": "meilisearch", "total": 0, "elapsed": 0.029670785}
[github.com/flipped-aurora/gin-vue-admin/server]2026-04-21 17:49:57.394	[34minfo[0m	/Users/a1/data/go/gin-vue-admin/server/service/quant/meilisearch.go:477	Search completed	{"engine": "meilisearch", "total": 0, "elapsed": 0.0130619}
[github.com/flipped-aurora/gin-vue-admin/server]2026-04-21 17:50:02.384	[34minfo[0m	/Users/a1/data/go/gin-vue-admin/server/service/quant/meilisearch.go:477	Search completed	{"engine": "meilisearch", "total": 0, "elapsed": 0.013609085}
[github.com/flipped-aurora/gin-vue-admin/server]2026-04-21 17:50:07.382	[34minfo[0m	/Users/a1/data/go/gin-vue-admin/server/service/quant/meilisearch.go:477	Search completed	{"engine": "meilisearch", "total": 0, "elapsed": 0.011507673}
[github.com/flipped-aurora/gin-vue-admin/server]2026-04-21 17:50:12.386	[34minfo[0m	/Users/a1/data/go/gin-vue-admin/server/service/quant/meilisearch.go:477	Search completed	{"engine": "meilisearch", "total": 0, "elapsed": 0.014476144}
[github.com/flipped-aurora/gin-vue-admin/server]2026-04-21 17:50:17.382	[34minfo[0m	/Users/a1/data/go/gin-vue-admin/server/service/quant/meilisearch.go:477	Search completed	{"engine": "meilisearch", "total": 0, "elapsed": 0.010805526}
[github.com/flipped-aurora/gin-vue-admin/server]2026-04-21 17:50:22.381	[34minfo[0m	/Users/a1/data/go/gin-vue-admin/server/service/quant/meilisearch.go:477	Search completed	{"engine": "meilisearch", "total": 0, "elapsed": 0.012352962}
[github.com/flipped-aurora/gin-vue-admin/server]2026-04-21 17:50:27.387	[34minfo[0m	/Users/a1/data/go/gin-vue-admin/server/service/quant/meilisearch.go:477	Search completed	{"engine": "meilisearch", "total": 0, "elapsed": 0.01541325}
[github.com/flipped-aurora/gin-vue-admin/server]2026-04-21 17:50:31.830	[34minfo[0m	/Users/a1/data/go/gin-vue-admin/server/service/quant/meilisearch.go:477	Search completed	{"engine": "meilisearch", "total": 0, "elapsed": 0.019898505}
[github.com/flipped-aurora/gin-vue-admin/server]2026-04-21 17:50:36.829	[34minfo[0m	/Users/a1/data/go/gin-vue-admin/server/service/quant/meilisearch.go:477	Search completed	{"engine": "meilisearch", "total": 0, "elapsed": 0.018422027}
[github.com/flipped-aurora/gin-vue-admin/server]2026-04-21 17:50:41.829	[34minfo[0m	/Users/a1/data/go/gin-vue-admin/server/service/quant/meilisearch.go:477	Search completed	{"engine": "meilisearch", "total": 0, "elapsed": 0.017922227}
[github.com/flipped-aurora/gin-vue-admin/server]2026-04-21 17:50:46.830	[34minfo[0m	/Users/a1/data/go/gin-vue-admin/server/service/quant/meilisearch.go:477	Search completed	{"engine": "meilisearch", "total": 0, "elapsed": 0.019051859}
[github.com/flipped-aurora/gin-vue-admin/server]2026-04-21 17:50:51.825	[34minfo[0m	/Users/a1/data/go/gin-vue-admin/server/service/quant/meilisearch.go:477	Search completed	{"engine": "meilisearch", "total": 0, "elapsed": 0.01346338}
[github.com/flipped-aurora/gin-vue-admin/server]2026-04-21 17:50:56.823	[34minfo[0m	/Users/a1/data/go/gin-vue-admin/server/service/quant/meilisearch.go:477	Search completed	{"engine": "meilisearch", "total": 0, "elapsed": 0.011710455}
[github.com/flipped-aurora/gin-vue-admin/server]2026-04-21 17:50:59.260	[34minfo[0m	/Users/a1/data/go/gin-vue-admin/server/service/quant/meilisearch.go:477	Search completed	{"engine": "meilisearch", "total": 0, "elapsed": 0.018182475}
[github.com/flipped-aurora/gin-vue-admin/server]2026-04-21 17:50:59.912	[34minfo[0m	/Users/a1/data/go/gin-vue-admin/server/service/quant/meilisearch.go:477	Search completed	{"engine": "meilisearch", "total": 0, "elapsed": 0.012429944}
[github.com/flipped-aurora/gin-vue-admin/server]2026-04-21 17:51:01.828	[34minfo[0m	/Users/a1/data/go/gin-vue-admin/server/service/quant/meilisearch.go:477	Search completed	{"engine": "meilisearch", "total": 0, "elapsed": 0.016994605}
[github.com/flipped-aurora/gin-vue-admin/server]2026-04-21 17:51:05.189	[34minfo[0m	/Users/a1/data/go/gin-vue-admin/server/service/quant/meilisearch.go:477	Search completed	{"engine": "meilisearch", "total": 0, "elapsed": 0.012422548}
[github.com/flipped-aurora/gin-vue-admin/server]2026-04-21 17:51:06.832	[34minfo[0m	/Users/a1/data/go/gin-vue-admin/server/service/quant/meilisearch.go:477	Search completed	{"engine": "meilisearch", "total": 0, "elapsed": 0.020144982}
[github.com/flipped-aurora/gin-vue-admin/server]2026-04-21 17:51:11.831	[34minfo[0m	/Users/a1/data/go/gin-vue-admin/server/service/quant/meilisearch.go:477	Search completed	{"engine": "meilisearch", "total": 0, "elapsed": 0.018943842}
[github.com/flipped-aurora/gin-vue-admin/server]2026-04-21 17:51:16.831	[34minfo[0m	/Users/a1/data/go/gin-vue-admin/server/service/quant/meilisearch.go:477	Search completed	{"engine": "meilisearch", "total": 0, "elapsed": 0.020127335}
[github.com/flipped-aurora/gin-vue-admin/server]2026-04-21 17:51:21.829	[34minfo[0m	/Users/a1/data/go/gin-vue-admin/server/service/quant/meilisearch.go:477	Search completed	{"engine": "meilisearch", "total": 0, "elapsed": 0.01560986}
[github.com/flipped-aurora/gin-vue-admin/server]2026-04-21 17:51:26.826	[34minfo[0m	/Users/a1/data/go/gin-vue-admin/server/service/quant/meilisearch.go:477	Search completed	{"engine": "meilisearch", "total": 0, "elapsed": 0.014003366}
[github.com/flipped-aurora/gin-vue-admin/server]2026-04-21 17:51:31.830	[34minfo[0m	/Users/a1/data/go/gin-vue-admin/server/service/quant/meilisearch.go:477	Search completed	{"engine": "meilisearch", "total": 0, "elapsed": 0.017860274}
[github.com/flipped-aurora/gin-vue-admin/server]2026-04-21 17:51:36.823	[34minfo[0m	/Users/a1/data/go/gin-vue-admin/server/service/quant/meilisearch.go:477	Search completed	{"engine": "meilisearch", "total": 0, "elapsed": 0.011855043}
[github.com/flipped-aurora/gin-vue-admin/server]2026-04-21 17:51:41.843	[34minfo[0m	/Users/a1/data/go/gin-vue-admin/server/service/quant/meilisearch.go:477	Search completed	{"engine": "meilisearch", "total": 0, "elapsed": 0.0306119}
[github.com/flipped-aurora/gin-vue-admin/server]2026-04-21 17:51:46.830	[34minfo[0m	/Users/a1/data/go/gin-vue-admin/server/service/quant/meilisearch.go:477	Search completed	{"engine": "meilisearch", "total": 0, "elapsed": 0.018828045}
[github.com/flipped-aurora/gin-vue-admin/server]2026-04-21 17:51:51.831	[34minfo[0m	/Users/a1/data/go/gin-vue-admin/server/service/quant/meilisearch.go:477	Search completed	{"engine": "meilisearch", "total": 0, "elapsed": 0.018800833}
[github.com/flipped-aurora/gin-vue-admin/server]2026-04-21 17:51:56.825	[34minfo[0m	/Users/a1/data/go/gin-vue-admin/server/service/quant/meilisearch.go:477	Search completed	{"engine": "meilisearch", "total": 0, "elapsed": 0.013321103}
[github.com/flipped-aurora/gin-vue-admin/server]2026-04-21 17:52:01.832	[34minfo[0m	/Users/a1/data/go/gin-vue-admin/server/service/quant/meilisearch.go:477	Search completed	{"engine": "meilisearch", "total": 0, "elapsed": 0.019171342}
[github.com/flipped-aurora/gin-vue-admin/server]2026-04-21 17:52:06.827	[34minfo[0m	/Users/a1/data/go/gin-vue-admin/server/service/quant/meilisearch.go:477	Search completed	{"engine": "meilisearch", "total": 0, "elapsed": 0.014433445}
[github.com/flipped-aurora/gin-vue-admin/server]2026-04-21 17:52:07.352	[34minfo[0m	/Users/a1/data/go/gin-vue-admin/server/service/quant/meilisearch.go:477	Search completed	{"engine": "meilisearch", "total": 0, "elapsed": 0.012755553}
[github.com/flipped-aurora/gin-vue-admin/server]2026-04-21 17:52:08.042	[34minfo[0m	/Users/a1/data/go/gin-vue-admin/server/service/quant/meilisearch.go:477	Search completed	{"engine": "meilisearch", "total": 0, "elapsed": 0.015196065}
[github.com/flipped-aurora/gin-vue-admin/server]2026-04-21 17:52:08.353	[34minfo[0m	/Users/a1/data/go/gin-vue-admin/server/service/quant/meilisearch.go:477	Search completed	{"engine": "meilisearch", "total": 0, "elapsed": 0.013148509}
[github.com/flipped-aurora/gin-vue-admin/server]2026-04-21 17:52:11.835	[34minfo[0m	/Users/a1/data/go/gin-vue-admin/server/service/quant/meilisearch.go:477	Search completed	{"engine": "meilisearch", "total": 0, "elapsed": 0.021754647}
[github.com/flipped-aurora/gin-vue-admin/server]2026-04-21 17:52:17.385	[34minfo[0m	/Users/a1/data/go/gin-vue-admin/server/service/quant/meilisearch.go:477	Search completed	{"engine": "meilisearch", "total": 0, "elapsed": 0.014071862}
[github.com/flipped-aurora/gin-vue-admin/server]2026-04-21 17:52:22.386	[34minfo[0m	/Users/a1/data/go/gin-vue-admin/server/service/quant/meilisearch.go:477	Search completed	{"engine": "meilisearch", "total": 0, "elapsed": 0.012341099}
[github.com/flipped-aurora/gin-vue-admin/server]2026-04-21 17:52:27.386	[34minfo[0m	/Users/a1/data/go/gin-vue-admin/server/service/quant/meilisearch.go:477	Search completed	{"engine": "meilisearch", "total": 0, "elapsed": 0.0134601}
[github.com/flipped-aurora/gin-vue-admin/server]2026-04-21 17:52:32.384	[34minfo[0m	/Users/a1/data/go/gin-vue-admin/server/service/quant/meilisearch.go:477	Search completed	{"engine": "meilisearch", "total": 0, "elapsed": 0.011835349}
[github.com/flipped-aurora/gin-vue-admin/server]2026-04-21 17:52:37.386	[34minfo[0m	/Users/a1/data/go/gin-vue-admin/server/service/quant/meilisearch.go:477	Search completed	{"engine": "meilisearch", "total": 0, "elapsed": 0.013023353}
[github.com/flipped-aurora/gin-vue-admin/server]2026-04-21 17:52:42.385	[34minfo[0m	/Users/a1/data/go/gin-vue-admin/server/service/quant/meilisearch.go:477	Search completed	{"engine": "meilisearch", "total": 0, "elapsed": 0.013361938}
[github.com/flipped-aurora/gin-vue-admin/server]2026-04-21 17:52:47.385	[34minfo[0m	/Users/a1/data/go/gin-vue-admin/server/service/quant/meilisearch.go:477	Search completed	{"engine": "meilisearch", "total": 0, "elapsed": 0.012488218}
[github.com/flipped-aurora/gin-vue-admin/server]2026-04-21 17:52:51.833	[34minfo[0m	/Users/a1/data/go/gin-vue-admin/server/service/quant/meilisearch.go:477	Search completed	{"engine": "meilisearch", "total": 0, "elapsed": 0.020000136}
[github.com/flipped-aurora/gin-vue-admin/server]2026-04-21 17:52:56.830	[34minfo[0m	/Users/a1/data/go/gin-vue-admin/server/service/quant/meilisearch.go:477	Search completed	{"engine": "meilisearch", "total": 0, "elapsed": 0.016100424}
[github.com/flipped-aurora/gin-vue-admin/server]2026-04-21 17:53:01.835	[34minfo[0m	/Users/a1/data/go/gin-vue-admin/server/service/quant/meilisearch.go:477	Search completed	{"engine": "meilisearch", "total": 0, "elapsed": 0.021010503}
[github.com/flipped-aurora/gin-vue-admin/server]2026-04-21 17:53:06.837	[34minfo[0m	/Users/a1/data/go/gin-vue-admin/server/service/quant/meilisearch.go:477	Search completed	{"engine": "meilisearch", "total": 0, "elapsed": 0.022206825}
[github.com/flipped-aurora/gin-vue-admin/server]2026-04-21 17:53:11.837	[34minfo[0m	/Users/a1/data/go/gin-vue-admin/server/service/quant/meilisearch.go:477	Search completed	{"engine": "meilisearch", "total": 0, "elapsed": 0.021793067}
[github.com/flipped-aurora/gin-vue-admin/server]2026-04-21 17:53:16.835	[34minfo[0m	/Users/a1/data/go/gin-vue-admin/server/service/quant/meilisearch.go:477	Search completed	{"engine": "meilisearch", "total": 0, "elapsed": 0.019919828}
[github.com/flipped-aurora/gin-vue-admin/server]2026-04-21 17:53:21.712	[34minfo[0m	/Users/a1/data/go/gin-vue-admin/server/service/quant/meilisearch.go:477	Search completed	{"engine": "meilisearch", "total": 0, "elapsed": 0.012220913}
[github.com/flipped-aurora/gin-vue-admin/server]2026-04-21 17:53:21.826	[34minfo[0m	/Users/a1/data/go/gin-vue-admin/server/service/quant/meilisearch.go:477	Search completed	{"engine": "meilisearch", "total": 0, "elapsed": 0.012710212}
[github.com/flipped-aurora/gin-vue-admin/server]2026-04-21 17:53:22.927	[34minfo[0m	/Users/a1/data/go/gin-vue-admin/server/service/quant/meilisearch.go:477	Search completed	{"engine": "meilisearch", "total": 0, "elapsed": 0.012621361}
[github.com/flipped-aurora/gin-vue-admin/server]2026-04-21 17:53:26.828	[34minfo[0m	/Users/a1/data/go/gin-vue-admin/server/service/quant/meilisearch.go:477	Search completed	{"engine": "meilisearch", "total": 0, "elapsed": 0.014348822}
[github.com/flipped-aurora/gin-vue-admin/server]2026-04-21 17:53:31.833	[34minfo[0m	/Users/a1/data/go/gin-vue-admin/server/service/quant/meilisearch.go:477	Search completed	{"engine": "meilisearch", "total": 0, "elapsed": 0.017873941}
[github.com/flipped-aurora/gin-vue-admin/server]2026-04-21 17:53:36.828	[34minfo[0m	/Users/a1/data/go/gin-vue-admin/server/service/quant/meilisearch.go:477	Search completed	{"engine": "meilisearch", "total": 0, "elapsed": 0.011768791}
[github.com/flipped-aurora/gin-vue-admin/server]2026-04-21 17:53:41.825	[34minfo[0m	/Users/a1/data/go/gin-vue-admin/server/service/quant/meilisearch.go:477	Search completed	{"engine": "meilisearch", "total": 0, "elapsed": 0.011169367}
[github.com/flipped-aurora/gin-vue-admin/server]2026-04-21 17:53:46.839	[34minfo[0m	/Users/a1/data/go/gin-vue-admin/server/service/quant/meilisearch.go:477	Search completed	{"engine": "meilisearch", "total": 0, "elapsed": 0.018669984}
[github.com/flipped-aurora/gin-vue-admin/server]2026-04-21 17:53:51.830	[34minfo[0m	/Users/a1/data/go/gin-vue-admin/server/service/quant/meilisearch.go:477	Search completed	{"engine": "meilisearch", "total": 0, "elapsed": 0.015160154}
[github.com/flipped-aurora/gin-vue-admin/server]2026-04-21 17:53:56.844	[34minfo[0m	/Users/a1/data/go/gin-vue-admin/server/service/quant/meilisearch.go:477	Search completed	{"engine": "meilisearch", "total": 0, "elapsed": 0.02936718}
[github.com/flipped-aurora/gin-vue-admin/server]2026-04-21 17:54:01.831	[34minfo[0m	/Users/a1/data/go/gin-vue-admin/server/service/quant/meilisearch.go:477	Search completed	{"engine": "meilisearch", "total": 0, "elapsed": 0.017229005}
[github.com/flipped-aurora/gin-vue-admin/server]2026-04-21 17:54:06.831	[34minfo[0m	/Users/a1/data/go/gin-vue-admin/server/service/quant/meilisearch.go:477	Search completed	{"engine": "meilisearch", "total": 0, "elapsed": 0.015538216}
[github.com/flipped-aurora/gin-vue-admin/server]2026-04-21 17:54:11.833	[34minfo[0m	/Users/a1/data/go/gin-vue-admin/server/service/quant/meilisearch.go:477	Search completed	{"engine": "meilisearch", "total": 0, "elapsed": 0.018303552}
[github.com/flipped-aurora/gin-vue-admin/server]2026-04-21 17:54:16.827	[34minfo[0m	/Users/a1/data/go/gin-vue-admin/server/service/quant/meilisearch.go:477	Search completed	{"engine": "meilisearch", "total": 0, "elapsed": 0.012289688}
[github.com/flipped-aurora/gin-vue-admin/server]2026-04-21 17:54:21.829	[34minfo[0m	/Users/a1/data/go/gin-vue-admin/server/service/quant/meilisearch.go:477	Search completed	{"engine": "meilisearch", "total": 0, "elapsed": 0.015036334}
[github.com/flipped-aurora/gin-vue-admin/server]2026-04-21 17:54:26.829	[34minfo[0m	/Users/a1/data/go/gin-vue-admin/server/service/quant/meilisearch.go:477	Search completed	{"engine": "meilisearch", "total": 0, "elapsed": 0.014123605}
[github.com/flipped-aurora/gin-vue-admin/server]2026-04-21 17:54:31.835	[34minfo[0m	/Users/a1/data/go/gin-vue-admin/server/service/quant/meilisearch.go:477	Search completed	{"engine": "meilisearch", "total": 0, "elapsed": 0.020260592}
[github.com/flipped-aurora/gin-vue-admin/server]2026-04-21 17:54:36.831	[34minfo[0m	/Users/a1/data/go/gin-vue-admin/server/service/quant/meilisearch.go:477	Search completed	{"engine": "meilisearch", "total": 0, "elapsed": 0.013867384}
[github.com/flipped-aurora/gin-vue-admin/server]2026-04-21 17:54:41.828	[34minfo[0m	/Users/a1/data/go/gin-vue-admin/server/service/quant/meilisearch.go:477	Search completed	{"engine": "meilisearch", "total": 0, "elapsed": 0.0121609}
[github.com/flipped-aurora/gin-vue-admin/server]2026-04-21 17:54:46.826	[34minfo[0m	/Users/a1/data/go/gin-vue-admin/server/service/quant/meilisearch.go:477	Search completed	{"engine": "meilisearch", "total": 0, "elapsed": 0.011101291}
[github.com/flipped-aurora/gin-vue-admin/server]2026-04-21 17:54:51.828	[34minfo[0m	/Users/a1/data/go/gin-vue-admin/server/service/quant/meilisearch.go:477	Search completed	{"engine": "meilisearch", "total": 0, "elapsed": 0.011353547}
[github.com/flipped-aurora/gin-vue-admin/server]2026-04-21 17:54:56.838	[34minfo[0m	/Users/a1/data/go/gin-vue-admin/server/service/quant/meilisearch.go:477	Search completed	{"engine": "meilisearch", "total": 0, "elapsed": 0.023168163}
[github.com/flipped-aurora/gin-vue-admin/server]2026-04-21 17:55:01.827	[34minfo[0m	/Users/a1/data/go/gin-vue-admin/server/service/quant/meilisearch.go:477	Search completed	{"engine": "meilisearch", "total": 0, "elapsed": 0.012188548}
[github.com/flipped-aurora/gin-vue-admin/server]2026-04-21 17:55:06.829	[34minfo[0m	/Users/a1/data/go/gin-vue-admin/server/service/quant/meilisearch.go:477	Search completed	{"engine": "meilisearch", "total": 0, "elapsed": 0.012579711}
[github.com/flipped-aurora/gin-vue-admin/server]2026-04-21 17:55:11.838	[34minfo[0m	/Users/a1/data/go/gin-vue-admin/server/service/quant/meilisearch.go:477	Search completed	{"engine": "meilisearch", "total": 0, "elapsed": 0.018769081}
[github.com/flipped-aurora/gin-vue-admin/server]2026-04-21 17:55:16.834	[34minfo[0m	/Users/a1/data/go/gin-vue-admin/server/service/quant/meilisearch.go:477	Search completed	{"engine": "meilisearch", "total": 0, "elapsed": 0.019230132}
[github.com/flipped-aurora/gin-vue-admin/server]2026-04-21 17:55:21.829	[34minfo[0m	/Users/a1/data/go/gin-vue-admin/server/service/quant/meilisearch.go:477	Search completed	{"engine": "meilisearch", "total": 0, "elapsed": 0.013383624}
[github.com/flipped-aurora/gin-vue-admin/server]2026-04-21 17:55:26.843	[34minfo[0m	/Users/a1/data/go/gin-vue-admin/server/service/quant/meilisearch.go:477	Search completed	{"engine": "meilisearch", "total": 0, "elapsed": 0.026252019}
[github.com/flipped-aurora/gin-vue-admin/server]2026-04-21 17:55:31.831	[34minfo[0m	/Users/a1/data/go/gin-vue-admin/server/service/quant/meilisearch.go:477	Search completed	{"engine": "meilisearch", "total": 0, "elapsed": 0.01303698}
[github.com/flipped-aurora/gin-vue-admin/server]2026-04-21 17:55:36.830	[34minfo[0m	/Users/a1/data/go/gin-vue-admin/server/service/quant/meilisearch.go:477	Search completed	{"engine": "meilisearch", "total": 0, "elapsed": 0.013408213}
[github.com/flipped-aurora/gin-vue-admin/server]2026-04-21 17:55:41.840	[34minfo[0m	/Users/a1/data/go/gin-vue-admin/server/service/quant/meilisearch.go:477	Search completed	{"engine": "meilisearch", "total": 0, "elapsed": 0.023512637}
[github.com/flipped-aurora/gin-vue-admin/server]2026-04-21 17:55:46.829	[34minfo[0m	/Users/a1/data/go/gin-vue-admin/server/service/quant/meilisearch.go:477	Search completed	{"engine": "meilisearch", "total": 0, "elapsed": 0.012324441}
[github.com/flipped-aurora/gin-vue-admin/server]2026-04-21 17:55:51.838	[34minfo[0m	/Users/a1/data/go/gin-vue-admin/server/service/quant/meilisearch.go:477	Search completed	{"engine": "meilisearch", "total": 0, "elapsed": 0.021752501}
[github.com/flipped-aurora/gin-vue-admin/server]2026-04-21 17:55:56.846	[34minfo[0m	/Users/a1/data/go/gin-vue-admin/server/service/quant/meilisearch.go:477	Search completed	{"engine": "meilisearch", "total": 0, "elapsed": 0.02924937}
[github.com/flipped-aurora/gin-vue-admin/server]2026-04-21 17:56:01.834	[34minfo[0m	/Users/a1/data/go/gin-vue-admin/server/service/quant/meilisearch.go:477	Search completed	{"engine": "meilisearch", "total": 0, "elapsed": 0.013817043}
[github.com/flipped-aurora/gin-vue-admin/server]2026-04-21 17:56:06.836	[34minfo[0m	/Users/a1/data/go/gin-vue-admin/server/service/quant/meilisearch.go:477	Search completed	{"engine": "meilisearch", "total": 0, "elapsed": 0.018802012}
[github.com/flipped-aurora/gin-vue-admin/server]2026-04-21 17:56:11.831	[34minfo[0m	/Users/a1/data/go/gin-vue-admin/server/service/quant/meilisearch.go:477	Search completed	{"engine": "meilisearch", "total": 0, "elapsed": 0.012803976}
[github.com/flipped-aurora/gin-vue-admin/server]2026-04-21 17:56:16.831	[34minfo[0m	/Users/a1/data/go/gin-vue-admin/server/service/quant/meilisearch.go:477	Search completed	{"engine": "meilisearch", "total": 0, "elapsed": 0.011300061}
[github.com/flipped-aurora/gin-vue-admin/server]2026-04-21 17:56:21.833	[34minfo[0m	/Users/a1/data/go/gin-vue-admin/server/service/quant/meilisearch.go:477	Search completed	{"engine": "meilisearch", "total": 0, "elapsed": 0.016310236}
[github.com/flipped-aurora/gin-vue-admin/server]2026-04-21 17:56:26.835	[34minfo[0m	/Users/a1/data/go/gin-vue-admin/server/service/quant/meilisearch.go:477	Search completed	{"engine": "meilisearch", "total": 0, "elapsed": 0.012944116}
[github.com/flipped-aurora/gin-vue-admin/server]2026-04-21 17:56:31.833	[34minfo[0m	/Users/a1/data/go/gin-vue-admin/server/service/quant/meilisearch.go:477	Search completed	{"engine": "meilisearch", "total": 0, "elapsed": 0.015581791}
[github.com/flipped-aurora/gin-vue-admin/server]2026-04-21 17:56:35.072	[34minfo[0m	/Users/a1/data/go/gin-vue-admin/server/service/quant/meilisearch.go:477	Search completed	{"engine": "meilisearch", "total": 0, "elapsed": 0.015356409}
[github.com/flipped-aurora/gin-vue-admin/server]2026-04-21 17:56:36.830	[34minfo[0m	/Users/a1/data/go/gin-vue-admin/server/service/quant/meilisearch.go:477	Search completed	{"engine": "meilisearch", "total": 0, "elapsed": 0.012824173}
[github.com/flipped-aurora/gin-vue-admin/server]2026-04-21 17:56:41.829	[34minfo[0m	/Users/a1/data/go/gin-vue-admin/server/service/quant/meilisearch.go:477	Search completed	{"engine": "meilisearch", "total": 0, "elapsed": 0.012486699}
[github.com/flipped-aurora/gin-vue-admin/server]2026-04-21 17:56:46.831	[34minfo[0m	/Users/a1/data/go/gin-vue-admin/server/service/quant/meilisearch.go:477	Search completed	{"engine": "meilisearch", "total": 0, "elapsed": 0.012902981}
[github.com/flipped-aurora/gin-vue-admin/server]2026-04-21 17:56:51.830	[34minfo[0m	/Users/a1/data/go/gin-vue-admin/server/service/quant/meilisearch.go:477	Search completed	{"engine": "meilisearch", "total": 0, "elapsed": 0.012249524}
[github.com/flipped-aurora/gin-vue-admin/server]2026-04-21 17:56:56.831	[34minfo[0m	/Users/a1/data/go/gin-vue-admin/server/service/quant/meilisearch.go:477	Search completed	{"engine": "meilisearch", "total": 0, "elapsed": 0.012491242}
[github.com/flipped-aurora/gin-vue-admin/server]2026-04-21 17:57:01.833	[34minfo[0m	/Users/a1/data/go/gin-vue-admin/server/service/quant/meilisearch.go:477	Search completed	{"engine": "meilisearch", "total": 0, "elapsed": 0.012045053}
[github.com/flipped-aurora/gin-vue-admin/server]2026-04-21 17:57:06.831	[34minfo[0m	/Users/a1/data/go/gin-vue-admin/server/service/quant/meilisearch.go:477	Search completed	{"engine": "meilisearch", "total": 0, "elapsed": 0.013687093}
[github.com/flipped-aurora/gin-vue-admin/server]2026-04-21 17:57:11.837	[34minfo[0m	/Users/a1/data/go/gin-vue-admin/server/service/quant/meilisearch.go:477	Search completed	{"engine": "meilisearch", "total": 0, "elapsed": 0.017804249}
[github.com/flipped-aurora/gin-vue-admin/server]2026-04-21 17:57:16.860	[34minfo[0m	/Users/a1/data/go/gin-vue-admin/server/service/quant/meilisearch.go:477	Search completed	{"engine": "meilisearch", "total": 0, "elapsed": 0.042382718}
[github.com/flipped-aurora/gin-vue-admin/server]2026-04-21 17:57:21.841	[34minfo[0m	/Users/a1/data/go/gin-vue-admin/server/service/quant/meilisearch.go:477	Search completed	{"engine": "meilisearch", "total": 0, "elapsed": 0.020607826}
[github.com/flipped-aurora/gin-vue-admin/server]2026-04-21 17:57:26.835	[34minfo[0m	/Users/a1/data/go/gin-vue-admin/server/service/quant/meilisearch.go:477	Search completed	{"engine": "meilisearch", "total": 0, "elapsed": 0.017994957}
[github.com/flipped-aurora/gin-vue-admin/server]2026-04-21 17:57:31.877	[34minfo[0m	/Users/a1/data/go/gin-vue-admin/server/service/quant/meilisearch.go:477	Search completed	{"engine": "meilisearch", "total": 0, "elapsed": 0.056972542}
[github.com/flipped-aurora/gin-vue-admin/server]2026-04-21 17:57:36.835	[34minfo[0m	/Users/a1/data/go/gin-vue-admin/server/service/quant/meilisearch.go:477	Search completed	{"engine": "meilisearch", "total": 0, "elapsed": 0.01212971}
[github.com/flipped-aurora/gin-vue-admin/server]2026-04-21 17:57:41.841	[34minfo[0m	/Users/a1/data/go/gin-vue-admin/server/service/quant/meilisearch.go:477	Search completed	{"engine": "meilisearch", "total": 0, "elapsed": 0.021122924}
[github.com/flipped-aurora/gin-vue-admin/server]2026-04-21 17:57:46.838	[34minfo[0m	/Users/a1/data/go/gin-vue-admin/server/service/quant/meilisearch.go:477	Search completed	{"engine": "meilisearch", "total": 0, "elapsed": 0.011596585}
[github.com/flipped-aurora/gin-vue-admin/server]2026-04-21 17:57:51.876	[34minfo[0m	/Users/a1/data/go/gin-vue-admin/server/service/quant/meilisearch.go:477	Search completed	{"engine": "meilisearch", "total": 0, "elapsed": 0.018294208}
[github.com/flipped-aurora/gin-vue-admin/server]2026-04-21 17:57:56.850	[34minfo[0m	/Users/a1/data/go/gin-vue-admin/server/service/quant/meilisearch.go:477	Search completed	{"engine": "meilisearch", "total": 0, "elapsed": 0.013324147}
[github.com/flipped-aurora/gin-vue-admin/server]2026-04-21 17:58:01.854	[34minfo[0m	/Users/a1/data/go/gin-vue-admin/server/service/quant/meilisearch.go:477	Search completed	{"engine": "meilisearch", "total": 0, "elapsed": 0.012474744}
[github.com/flipped-aurora/gin-vue-admin/server]2026-04-21 17:58:06.864	[34minfo[0m	/Users/a1/data/go/gin-vue-admin/server/service/quant/meilisearch.go:477	Search completed	{"engine": "meilisearch", "total": 0, "elapsed": 0.018965263}
[github.com/flipped-aurora/gin-vue-admin/server]2026-04-21 17:58:11.885	[34minfo[0m	/Users/a1/data/go/gin-vue-admin/server/service/quant/meilisearch.go:477	Search completed	{"engine": "meilisearch", "total": 0, "elapsed": 0.020320409}
[github.com/flipped-aurora/gin-vue-admin/server]2026-04-21 17:58:38.859	[34minfo[0m	/Users/a1/data/go/gin-vue-admin/server/service/quant/meilisearch.go:45	Meilisearch client initialized successfully	{"url": "http://47.108.165.155:7700"}
[github.com/flipped-aurora/gin-vue-admin/server]2026-04-21 17:58:38.897	[34minfo[0m	/Users/a1/data/go/gin-vue-admin/server/service/quant/meilisearch.go:88	News index created and configured successfully	{"index": "news"}
[github.com/flipped-aurora/gin-vue-admin/server]2026-04-21 17:58:38.898	[34minfo[0m	/Users/a1/data/go/gin-vue-admin/server/initialize/meilisearch.go:30	Meilisearch initialized successfully
[github.com/flipped-aurora/gin-vue-admin/server]2026-04-21 17:58:38.898	[34minfo[0m	/Users/a1/data/go/gin-vue-admin/server/initialize/gorm.go:39	auto-migrate is disabled, skipping table registration
[github.com/flipped-aurora/gin-vue-admin/server]2026-04-21 17:58:38.911	[34minfo[0m	/Users/a1/data/go/gin-vue-admin/server/initialize/router.go:62	register swagger handler
[github.com/flipped-aurora/gin-vue-admin/server]2026-04-21 17:58:39.447	[34minfo[0m	/Users/a1/data/go/gin-vue-admin/server/initialize/router.go:115	router register success
[github.com/flipped-aurora/gin-vue-admin/server]2026-04-21 17:59:59.085	[34minfo[0m	/Users/a1/data/go/gin-vue-admin/server/service/quant/meilisearch.go:477	Search completed	{"engine": "meilisearch", "total": 0, "elapsed": 0.01939919}
[github.com/flipped-aurora/gin-vue-admin/server]2026-04-21 18:23:40.293	[34minfo[0m	/Users/a1/data/go/gin-vue-admin/server/service/quant/meilisearch.go:45	Meilisearch client initialized successfully	{"url": "http://47.108.165.155:7700"}
[github.com/flipped-aurora/gin-vue-admin/server]2026-04-21 18:23:40.339	[34minfo[0m	/Users/a1/data/go/gin-vue-admin/server/service/quant/meilisearch.go:88	News index created and configured successfully	{"index": "news"}
[github.com/flipped-aurora/gin-vue-admin/server]2026-04-21 18:23:40.339	[34minfo[0m	/Users/a1/data/go/gin-vue-admin/server/initialize/meilisearch.go:30	Meilisearch initialized successfully
[github.com/flipped-aurora/gin-vue-admin/server]2026-04-21 18:23:40.340	[34minfo[0m	/Users/a1/data/go/gin-vue-admin/server/initialize/gorm.go:39	auto-migrate is disabled, skipping table registration
[github.com/flipped-aurora/gin-vue-admin/server]2026-04-21 18:23:40.352	[34minfo[0m	/Users/a1/data/go/gin-vue-admin/server/initialize/router.go:62	register swagger handler
[github.com/flipped-aurora/gin-vue-admin/server]2026-04-21 18:23:40.882	[34minfo[0m	/Users/a1/data/go/gin-vue-admin/server/initialize/router.go:115	router register success
