[github.com/flipped-aurora/gin-vue-admin/server]2026-04-01 21:08:50.129	[34minfo[0m	/Users/a1/data/go/gin-vue-admin/server/initialize/gorm.go:39	auto-migrate is disabled, skipping table registration
[github.com/flipped-aurora/gin-vue-admin/server]2026-04-01 21:08:50.139	[34minfo[0m	/Users/a1/data/go/gin-vue-admin/server/initialize/router.go:62	register swagger handler
[github.com/flipped-aurora/gin-vue-admin/server]2026-04-01 21:08:50.750	[34minfo[0m	/Users/a1/data/go/gin-vue-admin/server/initialize/router.go:115	router register success
[github.com/flipped-aurora/gin-vue-admin/server]2026-04-01 21:17:32.308	[34minfo[0m	/Users/a1/data/go/gin-vue-admin/server/initialize/gorm.go:39	auto-migrate is disabled, skipping table registration
[github.com/flipped-aurora/gin-vue-admin/server]2026-04-01 21:17:32.321	[34minfo[0m	/Users/a1/data/go/gin-vue-admin/server/initialize/router.go:62	register swagger handler
[github.com/flipped-aurora/gin-vue-admin/server]2026-04-01 21:17:32.760	[34minfo[0m	/Users/a1/data/go/gin-vue-admin/server/initialize/router.go:115	router register success
[github.com/flipped-aurora/gin-vue-admin/server]2026-04-01 21:18:44.314	[34minfo[0m	/Users/a1/data/go/gin-vue-admin/server/initialize/gorm.go:39	auto-migrate is disabled, skipping table registration
[github.com/flipped-aurora/gin-vue-admin/server]2026-04-01 21:18:44.327	[34minfo[0m	/Users/a1/data/go/gin-vue-admin/server/initialize/router.go:62	register swagger handler
[github.com/flipped-aurora/gin-vue-admin/server]2026-04-01 21:18:44.764	[34minfo[0m	/Users/a1/data/go/gin-vue-admin/server/initialize/router.go:115	router register success
[github.com/flipped-aurora/gin-vue-admin/server]2026-04-01 21:32:14.150	[34minfo[0m	/Users/a1/data/go/gin-vue-admin/server/initialize/gorm.go:39	auto-migrate is disabled, skipping table registration
[github.com/flipped-aurora/gin-vue-admin/server]2026-04-01 21:32:14.163	[34minfo[0m	/Users/a1/data/go/gin-vue-admin/server/initialize/router.go:62	register swagger handler
[github.com/flipped-aurora/gin-vue-admin/server]2026-04-01 21:32:14.560	[34minfo[0m	/Users/a1/data/go/gin-vue-admin/server/initialize/router.go:115	router register success
[github.com/flipped-aurora/gin-vue-admin/server]2026-04-01 21:32:22.677	[34minfo[0m	/Users/a1/data/go/gin-vue-admin/server/initialize/gorm.go:39	auto-migrate is disabled, skipping table registration
[github.com/flipped-aurora/gin-vue-admin/server]2026-04-01 21:32:22.690	[34minfo[0m	/Users/a1/data/go/gin-vue-admin/server/initialize/router.go:62	register swagger handler
[github.com/flipped-aurora/gin-vue-admin/server]2026-04-01 21:32:23.122	[34minfo[0m	/Users/a1/data/go/gin-vue-admin/server/initialize/router.go:115	router register success
[github.com/flipped-aurora/gin-vue-admin/server]2026-04-01 21:35:46.131	[34minfo[0m	/Users/a1/data/go/gin-vue-admin/server/initialize/gorm.go:39	auto-migrate is disabled, skipping table registration
[github.com/flipped-aurora/gin-vue-admin/server]2026-04-01 21:35:46.144	[34minfo[0m	/Users/a1/data/go/gin-vue-admin/server/initialize/router.go:62	register swagger handler
[github.com/flipped-aurora/gin-vue-admin/server]2026-04-01 21:35:46.601	[34minfo[0m	/Users/a1/data/go/gin-vue-admin/server/initialize/router.go:115	router register success
[github.com/flipped-aurora/gin-vue-admin/server]2026-04-01 21:36:03.029	[34minfo[0m	/Users/a1/data/go/gin-vue-admin/server/initialize/gorm.go:39	auto-migrate is disabled, skipping table registration
[github.com/flipped-aurora/gin-vue-admin/server]2026-04-01 21:36:03.041	[34minfo[0m	/Users/a1/data/go/gin-vue-admin/server/initialize/router.go:62	register swagger handler
[github.com/flipped-aurora/gin-vue-admin/server]2026-04-01 21:36:03.433	[34minfo[0m	/Users/a1/data/go/gin-vue-admin/server/initialize/router.go:115	router register success
[github.com/flipped-aurora/gin-vue-admin/server]2026-04-01 21:37:31.470	[34minfo[0m	/Users/a1/data/go/gin-vue-admin/server/initialize/gorm.go:39	auto-migrate is disabled, skipping table registration
[github.com/flipped-aurora/gin-vue-admin/server]2026-04-01 21:37:31.489	[34minfo[0m	/Users/a1/data/go/gin-vue-admin/server/initialize/router.go:62	register swagger handler
[github.com/flipped-aurora/gin-vue-admin/server]2026-04-01 21:37:32.004	[34minfo[0m	/Users/a1/data/go/gin-vue-admin/server/initialize/router.go:115	router register success
[github.com/flipped-aurora/gin-vue-admin/server]2026-04-01 21:38:29.082	[34minfo[0m	/Users/a1/data/go/gin-vue-admin/server/initialize/gorm.go:39	auto-migrate is disabled, skipping table registration
[github.com/flipped-aurora/gin-vue-admin/server]2026-04-01 21:38:29.095	[34minfo[0m	/Users/a1/data/go/gin-vue-admin/server/initialize/router.go:62	register swagger handler
[github.com/flipped-aurora/gin-vue-admin/server]2026-04-01 21:38:29.507	[34minfo[0m	/Users/a1/data/go/gin-vue-admin/server/initialize/router.go:115	router register success
[github.com/flipped-aurora/gin-vue-admin/server]2026-04-01 21:40:53.846	[34minfo[0m	/Users/a1/data/go/gin-vue-admin/server/initialize/gorm.go:39	auto-migrate is disabled, skipping table registration
[github.com/flipped-aurora/gin-vue-admin/server]2026-04-01 21:40:53.857	[34minfo[0m	/Users/a1/data/go/gin-vue-admin/server/initialize/router.go:62	register swagger handler
[github.com/flipped-aurora/gin-vue-admin/server]2026-04-01 21:40:54.285	[34minfo[0m	/Users/a1/data/go/gin-vue-admin/server/initialize/router.go:115	router register success
[github.com/flipped-aurora/gin-vue-admin/server]2026-04-01 21:42:07.653	[34minfo[0m	/Users/a1/data/go/gin-vue-admin/server/initialize/gorm.go:39	auto-migrate is disabled, skipping table registration
[github.com/flipped-aurora/gin-vue-admin/server]2026-04-01 21:42:07.664	[34minfo[0m	/Users/a1/data/go/gin-vue-admin/server/initialize/router.go:62	register swagger handler
[github.com/flipped-aurora/gin-vue-admin/server]2026-04-01 21:42:08.069	[34minfo[0m	/Users/a1/data/go/gin-vue-admin/server/initialize/router.go:115	router register success
[github.com/flipped-aurora/gin-vue-admin/server]2026-04-01 21:43:39.286	[34minfo[0m	/Users/a1/data/go/gin-vue-admin/server/initialize/gorm.go:39	auto-migrate is disabled, skipping table registration
[github.com/flipped-aurora/gin-vue-admin/server]2026-04-01 21:43:39.299	[34minfo[0m	/Users/a1/data/go/gin-vue-admin/server/initialize/router.go:62	register swagger handler
[github.com/flipped-aurora/gin-vue-admin/server]2026-04-01 21:43:39.700	[34minfo[0m	/Users/a1/data/go/gin-vue-admin/server/initialize/router.go:115	router register success
[github.com/flipped-aurora/gin-vue-admin/server]2026-04-01 21:44:05.167	[34minfo[0m	/Users/a1/data/go/gin-vue-admin/server/initialize/gorm.go:39	auto-migrate is disabled, skipping table registration
[github.com/flipped-aurora/gin-vue-admin/server]2026-04-01 21:44:05.179	[34minfo[0m	/Users/a1/data/go/gin-vue-admin/server/initialize/router.go:62	register swagger handler
[github.com/flipped-aurora/gin-vue-admin/server]2026-04-01 21:44:05.556	[34minfo[0m	/Users/a1/data/go/gin-vue-admin/server/initialize/router.go:115	router register success
[github.com/flipped-aurora/gin-vue-admin/server]2026-04-01 21:45:34.600	[34minfo[0m	/Users/a1/data/go/gin-vue-admin/server/initialize/gorm.go:39	auto-migrate is disabled, skipping table registration
[github.com/flipped-aurora/gin-vue-admin/server]2026-04-01 21:45:34.611	[34minfo[0m	/Users/a1/data/go/gin-vue-admin/server/initialize/router.go:62	register swagger handler
[github.com/flipped-aurora/gin-vue-admin/server]2026-04-01 21:45:34.966	[34minfo[0m	/Users/a1/data/go/gin-vue-admin/server/initialize/router.go:115	router register success
[github.com/flipped-aurora/gin-vue-admin/server]2026-04-01 21:46:36.028	[34minfo[0m	/Users/a1/data/go/gin-vue-admin/server/initialize/gorm.go:39	auto-migrate is disabled, skipping table registration
[github.com/flipped-aurora/gin-vue-admin/server]2026-04-01 21:46:36.040	[34minfo[0m	/Users/a1/data/go/gin-vue-admin/server/initialize/router.go:62	register swagger handler
[github.com/flipped-aurora/gin-vue-admin/server]2026-04-01 21:46:36.445	[34minfo[0m	/Users/a1/data/go/gin-vue-admin/server/initialize/router.go:115	router register success
[github.com/flipped-aurora/gin-vue-admin/server]2026-04-01 21:46:38.187	[34minfo[0m	/Users/a1/data/go/gin-vue-admin/server/api/v1/quant/screener_record.go:40	使用RecordQuery逻辑	{"member_id": 1, "prompt": "大股东增持"}
[github.com/flipped-aurora/gin-vue-admin/server]2026-04-01 21:46:38.187	[34minfo[0m	/Users/a1/data/go/gin-vue-admin/server/service/quant/screener_record.go:109	开始查询记录	{"member_id": 1, "prompt": "大股东增持", "prompt_length": 15, "prompt_hex": "e5a4a7e882a1e4b89ce5a29ee68c81"}
[github.com/flipped-aurora/gin-vue-admin/server]2026-04-01 21:46:38.207	[34minfo[0m	/Users/a1/data/go/gin-vue-admin/server/service/quant/screener_record.go:118	该用户的所有记录	{"count": 16}
[github.com/flipped-aurora/gin-vue-admin/server]2026-04-01 21:46:38.208	[34minfo[0m	/Users/a1/data/go/gin-vue-admin/server/service/quant/screener_record.go:122	记录详情	{"index": 0, "id": 10001, "prompt": "macd金叉，kdj金叉", "prompt_length": 22, "prompt_hex": "6d616364e98791e58f89efbc8c6b646ae98791e58f89", "match": false}
[github.com/flipped-aurora/gin-vue-admin/server]2026-04-01 21:46:38.208	[34minfo[0m	/Users/a1/data/go/gin-vue-admin/server/service/quant/screener_record.go:122	记录详情	{"index": 1, "id": 10002, "prompt": "大股东增持，macd金叉，kdj金叉", "prompt_length": 40, "prompt_hex": "e5a4a7e882a1e4b89ce5a29ee68c81efbc8c6d616364e98791e58f89efbc8c6b646ae98791e58f89", "match": false}
[github.com/flipped-aurora/gin-vue-admin/server]2026-04-01 21:46:38.208	[34minfo[0m	/Users/a1/data/go/gin-vue-admin/server/service/quant/screener_record.go:122	记录详情	{"index": 2, "id": 10003, "prompt": "大股东增持", "prompt_length": 15, "prompt_hex": "e5a4a7e882a1e4b89ce5a29ee68c81", "match": true}
[github.com/flipped-aurora/gin-vue-admin/server]2026-04-01 21:46:38.208	[34minfo[0m	/Users/a1/data/go/gin-vue-admin/server/service/quant/screener_record.go:122	记录详情	{"index": 3, "id": 10004, "prompt": "大股东增持", "prompt_length": 15, "prompt_hex": "e5a4a7e882a1e4b89ce5a29ee68c81", "match": true}
[github.com/flipped-aurora/gin-vue-admin/server]2026-04-01 21:46:38.208	[34minfo[0m	/Users/a1/data/go/gin-vue-admin/server/service/quant/screener_record.go:122	记录详情	{"index": 4, "id": 10005, "prompt": "大股东增持", "prompt_length": 15, "prompt_hex": "e5a4a7e882a1e4b89ce5a29ee68c81", "match": true}
[github.com/flipped-aurora/gin-vue-admin/server]2026-04-01 21:46:38.208	[34minfo[0m	/Users/a1/data/go/gin-vue-admin/server/service/quant/screener_record.go:122	记录详情	{"index": 5, "id": 10006, "prompt": "大股东增持", "prompt_length": 15, "prompt_hex": "e5a4a7e882a1e4b89ce5a29ee68c81", "match": true}
[github.com/flipped-aurora/gin-vue-admin/server]2026-04-01 21:46:38.208	[34minfo[0m	/Users/a1/data/go/gin-vue-admin/server/service/quant/screener_record.go:122	记录详情	{"index": 6, "id": 10007, "prompt": "macd金叉，kdj金叉", "prompt_length": 22, "prompt_hex": "6d616364e98791e58f89efbc8c6b646ae98791e58f89", "match": false}
[github.com/flipped-aurora/gin-vue-admin/server]2026-04-01 21:46:38.208	[34minfo[0m	/Users/a1/data/go/gin-vue-admin/server/service/quant/screener_record.go:122	记录详情	{"index": 7, "id": 10008, "prompt": "macd金叉，kdj金叉", "prompt_length": 22, "prompt_hex": "6d616364e98791e58f89efbc8c6b646ae98791e58f89", "match": false}
[github.com/flipped-aurora/gin-vue-admin/server]2026-04-01 21:46:38.208	[34minfo[0m	/Users/a1/data/go/gin-vue-admin/server/service/quant/screener_record.go:122	记录详情	{"index": 8, "id": 10009, "prompt": "macd金叉，kdj金叉", "prompt_length": 22, "prompt_hex": "6d616364e98791e58f89efbc8c6b646ae98791e58f89", "match": false}
[github.com/flipped-aurora/gin-vue-admin/server]2026-04-01 21:46:38.209	[34minfo[0m	/Users/a1/data/go/gin-vue-admin/server/service/quant/screener_record.go:122	记录详情	{"index": 9, "id": 10010, "prompt": "macd金叉，kdj金叉", "prompt_length": 22, "prompt_hex": "6d616364e98791e58f89efbc8c6b646ae98791e58f89", "match": false}
[github.com/flipped-aurora/gin-vue-admin/server]2026-04-01 21:46:38.209	[34minfo[0m	/Users/a1/data/go/gin-vue-admin/server/service/quant/screener_record.go:122	记录详情	{"index": 10, "id": 10011, "prompt": "大股东增持", "prompt_length": 15, "prompt_hex": "e5a4a7e882a1e4b89ce5a29ee68c81", "match": true}
[github.com/flipped-aurora/gin-vue-admin/server]2026-04-01 21:46:38.209	[34minfo[0m	/Users/a1/data/go/gin-vue-admin/server/service/quant/screener_record.go:122	记录详情	{"index": 11, "id": 10012, "prompt": "大股东增持", "prompt_length": 15, "prompt_hex": "e5a4a7e882a1e4b89ce5a29ee68c81", "match": true}
[github.com/flipped-aurora/gin-vue-admin/server]2026-04-01 21:46:38.209	[34minfo[0m	/Users/a1/data/go/gin-vue-admin/server/service/quant/screener_record.go:122	记录详情	{"index": 12, "id": 10013, "prompt": "大股东增持", "prompt_length": 15, "prompt_hex": "e5a4a7e882a1e4b89ce5a29ee68c81", "match": true}
[github.com/flipped-aurora/gin-vue-admin/server]2026-04-01 21:46:38.209	[34minfo[0m	/Users/a1/data/go/gin-vue-admin/server/service/quant/screener_record.go:122	记录详情	{"index": 13, "id": 10014, "prompt": "大股东增持", "prompt_length": 15, "prompt_hex": "e5a4a7e882a1e4b89ce5a29ee68c81", "match": true}
[github.com/flipped-aurora/gin-vue-admin/server]2026-04-01 21:46:38.209	[34minfo[0m	/Users/a1/data/go/gin-vue-admin/server/service/quant/screener_record.go:122	记录详情	{"index": 14, "id": 10015, "prompt": "大股东增持", "prompt_length": 15, "prompt_hex": "e5a4a7e882a1e4b89ce5a29ee68c81", "match": true}
[github.com/flipped-aurora/gin-vue-admin/server]2026-04-01 21:46:38.209	[34minfo[0m	/Users/a1/data/go/gin-vue-admin/server/service/quant/screener_record.go:122	记录详情	{"index": 15, "id": 10016, "prompt": "大股东增持", "prompt_length": 15, "prompt_hex": "e5a4a7e882a1e4b89ce5a29ee68c81", "match": true}
[github.com/flipped-aurora/gin-vue-admin/server]2026-04-01 21:46:38.231	[34minfo[0m	/Users/a1/data/go/gin-vue-admin/server/service/quant/screener_record.go:154	找到已存在记录，更新查询次数	{"record_id": 10003, "current_times": 0, "existing_prompt": "大股东增持"}
[github.com/flipped-aurora/gin-vue-admin/server]2026-04-01 21:47:33.014	[34minfo[0m	/Users/a1/data/go/gin-vue-admin/server/api/v1/quant/screener_record.go:40	使用RecordQuery逻辑	{"member_id": 1, "prompt": "大股东增持"}
[github.com/flipped-aurora/gin-vue-admin/server]2026-04-01 21:47:33.014	[34minfo[0m	/Users/a1/data/go/gin-vue-admin/server/service/quant/screener_record.go:109	开始查询记录	{"member_id": 1, "prompt": "大股东增持", "prompt_length": 15, "prompt_hex": "e5a4a7e882a1e4b89ce5a29ee68c81"}
[github.com/flipped-aurora/gin-vue-admin/server]2026-04-01 21:47:33.037	[34minfo[0m	/Users/a1/data/go/gin-vue-admin/server/service/quant/screener_record.go:118	该用户的所有记录	{"count": 3}
[github.com/flipped-aurora/gin-vue-admin/server]2026-04-01 21:47:33.037	[34minfo[0m	/Users/a1/data/go/gin-vue-admin/server/service/quant/screener_record.go:122	记录详情	{"index": 0, "id": 10001, "prompt": "macd金叉，kdj金叉", "prompt_length": 22, "prompt_hex": "6d616364e98791e58f89efbc8c6b646ae98791e58f89", "match": false}
[github.com/flipped-aurora/gin-vue-admin/server]2026-04-01 21:47:33.038	[34minfo[0m	/Users/a1/data/go/gin-vue-admin/server/service/quant/screener_record.go:122	记录详情	{"index": 1, "id": 10002, "prompt": "大股东增持，macd金叉，kdj金叉", "prompt_length": 40, "prompt_hex": "e5a4a7e882a1e4b89ce5a29ee68c81efbc8c6d616364e98791e58f89efbc8c6b646ae98791e58f89", "match": false}
[github.com/flipped-aurora/gin-vue-admin/server]2026-04-01 21:47:33.038	[34minfo[0m	/Users/a1/data/go/gin-vue-admin/server/service/quant/screener_record.go:122	记录详情	{"index": 2, "id": 10003, "prompt": "大股东增持", "prompt_length": 15, "prompt_hex": "e5a4a7e882a1e4b89ce5a29ee68c81", "match": true}
[github.com/flipped-aurora/gin-vue-admin/server]2026-04-01 21:47:33.059	[34minfo[0m	/Users/a1/data/go/gin-vue-admin/server/service/quant/screener_record.go:154	找到已存在记录，更新查询次数	{"record_id": 10003, "current_times": 1, "existing_prompt": "大股东增持"}
[github.com/flipped-aurora/gin-vue-admin/server]2026-04-01 21:47:33.594	[34minfo[0m	/Users/a1/data/go/gin-vue-admin/server/api/v1/quant/screener_record.go:40	使用RecordQuery逻辑	{"member_id": 1, "prompt": "大股东增持"}
[github.com/flipped-aurora/gin-vue-admin/server]2026-04-01 21:47:33.594	[34minfo[0m	/Users/a1/data/go/gin-vue-admin/server/service/quant/screener_record.go:109	开始查询记录	{"member_id": 1, "prompt": "大股东增持", "prompt_length": 15, "prompt_hex": "e5a4a7e882a1e4b89ce5a29ee68c81"}
[github.com/flipped-aurora/gin-vue-admin/server]2026-04-01 21:47:33.616	[34minfo[0m	/Users/a1/data/go/gin-vue-admin/server/service/quant/screener_record.go:118	该用户的所有记录	{"count": 3}
[github.com/flipped-aurora/gin-vue-admin/server]2026-04-01 21:47:33.616	[34minfo[0m	/Users/a1/data/go/gin-vue-admin/server/service/quant/screener_record.go:122	记录详情	{"index": 0, "id": 10001, "prompt": "macd金叉，kdj金叉", "prompt_length": 22, "prompt_hex": "6d616364e98791e58f89efbc8c6b646ae98791e58f89", "match": false}
[github.com/flipped-aurora/gin-vue-admin/server]2026-04-01 21:47:33.616	[34minfo[0m	/Users/a1/data/go/gin-vue-admin/server/service/quant/screener_record.go:122	记录详情	{"index": 1, "id": 10002, "prompt": "大股东增持，macd金叉，kdj金叉", "prompt_length": 40, "prompt_hex": "e5a4a7e882a1e4b89ce5a29ee68c81efbc8c6d616364e98791e58f89efbc8c6b646ae98791e58f89", "match": false}
[github.com/flipped-aurora/gin-vue-admin/server]2026-04-01 21:47:33.617	[34minfo[0m	/Users/a1/data/go/gin-vue-admin/server/service/quant/screener_record.go:122	记录详情	{"index": 2, "id": 10003, "prompt": "大股东增持", "prompt_length": 15, "prompt_hex": "e5a4a7e882a1e4b89ce5a29ee68c81", "match": true}
[github.com/flipped-aurora/gin-vue-admin/server]2026-04-01 21:47:33.660	[34minfo[0m	/Users/a1/data/go/gin-vue-admin/server/service/quant/screener_record.go:154	找到已存在记录，更新查询次数	{"record_id": 10003, "current_times": 2, "existing_prompt": "大股东增持"}
[github.com/flipped-aurora/gin-vue-admin/server]2026-04-01 21:48:13.097	[34minfo[0m	/Users/a1/data/go/gin-vue-admin/server/api/v1/quant/screener_record.go:40	使用RecordQuery逻辑	{"member_id": 1, "prompt": "macd金叉，kdj金叉，rsi金叉"}
[github.com/flipped-aurora/gin-vue-admin/server]2026-04-01 21:48:13.097	[34minfo[0m	/Users/a1/data/go/gin-vue-admin/server/service/quant/screener_record.go:109	开始查询记录	{"member_id": 1, "prompt": "macd金叉，kdj金叉，rsi金叉", "prompt_length": 34, "prompt_hex": "6d616364e98791e58f89efbc8c6b646ae98791e58f89efbc8c727369e98791e58f89"}
[github.com/flipped-aurora/gin-vue-admin/server]2026-04-01 21:48:13.121	[34minfo[0m	/Users/a1/data/go/gin-vue-admin/server/service/quant/screener_record.go:118	该用户的所有记录	{"count": 3}
[github.com/flipped-aurora/gin-vue-admin/server]2026-04-01 21:48:13.121	[34minfo[0m	/Users/a1/data/go/gin-vue-admin/server/service/quant/screener_record.go:122	记录详情	{"index": 0, "id": 10001, "prompt": "macd金叉，kdj金叉", "prompt_length": 22, "prompt_hex": "6d616364e98791e58f89efbc8c6b646ae98791e58f89", "match": false}
[github.com/flipped-aurora/gin-vue-admin/server]2026-04-01 21:48:13.121	[34minfo[0m	/Users/a1/data/go/gin-vue-admin/server/service/quant/screener_record.go:122	记录详情	{"index": 1, "id": 10002, "prompt": "大股东增持，macd金叉，kdj金叉", "prompt_length": 40, "prompt_hex": "e5a4a7e882a1e4b89ce5a29ee68c81efbc8c6d616364e98791e58f89efbc8c6b646ae98791e58f89", "match": false}
[github.com/flipped-aurora/gin-vue-admin/server]2026-04-01 21:48:13.121	[34minfo[0m	/Users/a1/data/go/gin-vue-admin/server/service/quant/screener_record.go:122	记录详情	{"index": 2, "id": 10003, "prompt": "大股东增持", "prompt_length": 15, "prompt_hex": "e5a4a7e882a1e4b89ce5a29ee68c81", "match": false}
[github.com/flipped-aurora/gin-vue-admin/server]2026-04-01 21:48:13.162	[34minfo[0m	/Users/a1/data/go/gin-vue-admin/server/service/quant/screener_record.go:144	创建新的查询记录	{"member_id": 1, "prompt": "macd金叉，kdj金叉，rsi金叉"}
[github.com/flipped-aurora/gin-vue-admin/server]2026-04-01 21:48:15.061	[34minfo[0m	/Users/a1/data/go/gin-vue-admin/server/api/v1/quant/screener_record.go:40	使用RecordQuery逻辑	{"member_id": 1, "prompt": "macd金叉，kdj金叉，rsi金叉"}
[github.com/flipped-aurora/gin-vue-admin/server]2026-04-01 21:48:15.062	[34minfo[0m	/Users/a1/data/go/gin-vue-admin/server/service/quant/screener_record.go:109	开始查询记录	{"member_id": 1, "prompt": "macd金叉，kdj金叉，rsi金叉", "prompt_length": 34, "prompt_hex": "6d616364e98791e58f89efbc8c6b646ae98791e58f89efbc8c727369e98791e58f89"}
[github.com/flipped-aurora/gin-vue-admin/server]2026-04-01 21:48:15.084	[34minfo[0m	/Users/a1/data/go/gin-vue-admin/server/service/quant/screener_record.go:118	该用户的所有记录	{"count": 4}
[github.com/flipped-aurora/gin-vue-admin/server]2026-04-01 21:48:15.084	[34minfo[0m	/Users/a1/data/go/gin-vue-admin/server/service/quant/screener_record.go:122	记录详情	{"index": 0, "id": 10001, "prompt": "macd金叉，kdj金叉", "prompt_length": 22, "prompt_hex": "6d616364e98791e58f89efbc8c6b646ae98791e58f89", "match": false}
[github.com/flipped-aurora/gin-vue-admin/server]2026-04-01 21:48:15.085	[34minfo[0m	/Users/a1/data/go/gin-vue-admin/server/service/quant/screener_record.go:122	记录详情	{"index": 1, "id": 10002, "prompt": "大股东增持，macd金叉，kdj金叉", "prompt_length": 40, "prompt_hex": "e5a4a7e882a1e4b89ce5a29ee68c81efbc8c6d616364e98791e58f89efbc8c6b646ae98791e58f89", "match": false}
[github.com/flipped-aurora/gin-vue-admin/server]2026-04-01 21:48:15.085	[34minfo[0m	/Users/a1/data/go/gin-vue-admin/server/service/quant/screener_record.go:122	记录详情	{"index": 2, "id": 10003, "prompt": "大股东增持", "prompt_length": 15, "prompt_hex": "e5a4a7e882a1e4b89ce5a29ee68c81", "match": false}
[github.com/flipped-aurora/gin-vue-admin/server]2026-04-01 21:48:15.085	[34minfo[0m	/Users/a1/data/go/gin-vue-admin/server/service/quant/screener_record.go:122	记录详情	{"index": 3, "id": 10004, "prompt": "macd金叉，kdj金叉，rsi金叉", "prompt_length": 34, "prompt_hex": "6d616364e98791e58f89efbc8c6b646ae98791e58f89efbc8c727369e98791e58f89", "match": true}
[github.com/flipped-aurora/gin-vue-admin/server]2026-04-01 21:48:15.104	[34minfo[0m	/Users/a1/data/go/gin-vue-admin/server/service/quant/screener_record.go:154	找到已存在记录，更新查询次数	{"record_id": 10004, "current_times": 1, "existing_prompt": "macd金叉，kdj金叉，rsi金叉"}
[github.com/flipped-aurora/gin-vue-admin/server]2026-04-01 21:48:26.801	[34minfo[0m	/Users/a1/data/go/gin-vue-admin/server/api/v1/quant/screener_record.go:40	使用RecordQuery逻辑	{"member_id": 1, "prompt": "macd金叉，kdj金叉，rsi金叉"}
[github.com/flipped-aurora/gin-vue-admin/server]2026-04-01 21:48:26.802	[34minfo[0m	/Users/a1/data/go/gin-vue-admin/server/service/quant/screener_record.go:109	开始查询记录	{"member_id": 1, "prompt": "macd金叉，kdj金叉，rsi金叉", "prompt_length": 34, "prompt_hex": "6d616364e98791e58f89efbc8c6b646ae98791e58f89efbc8c727369e98791e58f89"}
[github.com/flipped-aurora/gin-vue-admin/server]2026-04-01 21:48:26.824	[34minfo[0m	/Users/a1/data/go/gin-vue-admin/server/service/quant/screener_record.go:118	该用户的所有记录	{"count": 4}
[github.com/flipped-aurora/gin-vue-admin/server]2026-04-01 21:48:26.824	[34minfo[0m	/Users/a1/data/go/gin-vue-admin/server/service/quant/screener_record.go:122	记录详情	{"index": 0, "id": 10001, "prompt": "macd金叉，kdj金叉", "prompt_length": 22, "prompt_hex": "6d616364e98791e58f89efbc8c6b646ae98791e58f89", "match": false}
[github.com/flipped-aurora/gin-vue-admin/server]2026-04-01 21:48:26.824	[34minfo[0m	/Users/a1/data/go/gin-vue-admin/server/service/quant/screener_record.go:122	记录详情	{"index": 1, "id": 10002, "prompt": "大股东增持，macd金叉，kdj金叉", "prompt_length": 40, "prompt_hex": "e5a4a7e882a1e4b89ce5a29ee68c81efbc8c6d616364e98791e58f89efbc8c6b646ae98791e58f89", "match": false}
[github.com/flipped-aurora/gin-vue-admin/server]2026-04-01 21:48:26.824	[34minfo[0m	/Users/a1/data/go/gin-vue-admin/server/service/quant/screener_record.go:122	记录详情	{"index": 2, "id": 10003, "prompt": "大股东增持", "prompt_length": 15, "prompt_hex": "e5a4a7e882a1e4b89ce5a29ee68c81", "match": false}
[github.com/flipped-aurora/gin-vue-admin/server]2026-04-01 21:48:26.839	[34minfo[0m	/Users/a1/data/go/gin-vue-admin/server/service/quant/screener_record.go:122	记录详情	{"index": 3, "id": 10004, "prompt": "macd金叉，kdj金叉，rsi金叉", "prompt_length": 34, "prompt_hex": "6d616364e98791e58f89efbc8c6b646ae98791e58f89efbc8c727369e98791e58f89", "match": true}
[github.com/flipped-aurora/gin-vue-admin/server]2026-04-01 21:48:26.860	[34minfo[0m	/Users/a1/data/go/gin-vue-admin/server/service/quant/screener_record.go:154	找到已存在记录，更新查询次数	{"record_id": 10004, "current_times": 2, "existing_prompt": "macd金叉，kdj金叉，rsi金叉"}
[github.com/flipped-aurora/gin-vue-admin/server]2026-04-01 21:49:40.079	[34minfo[0m	/Users/a1/data/go/gin-vue-admin/server/api/v1/quant/screener_record.go:40	使用RecordQuery逻辑	{"member_id": 1, "prompt": "底部反转且底背离"}
[github.com/flipped-aurora/gin-vue-admin/server]2026-04-01 21:49:40.079	[34minfo[0m	/Users/a1/data/go/gin-vue-admin/server/service/quant/screener_record.go:109	开始查询记录	{"member_id": 1, "prompt": "底部反转且底背离", "prompt_length": 24, "prompt_hex": "e5ba95e983a8e58f8de8bdace4b894e5ba95e8838ce7a6bb"}
[github.com/flipped-aurora/gin-vue-admin/server]2026-04-01 21:49:40.104	[34minfo[0m	/Users/a1/data/go/gin-vue-admin/server/service/quant/screener_record.go:118	该用户的所有记录	{"count": 4}
[github.com/flipped-aurora/gin-vue-admin/server]2026-04-01 21:49:40.104	[34minfo[0m	/Users/a1/data/go/gin-vue-admin/server/service/quant/screener_record.go:122	记录详情	{"index": 0, "id": 10001, "prompt": "macd金叉，kdj金叉", "prompt_length": 22, "prompt_hex": "6d616364e98791e58f89efbc8c6b646ae98791e58f89", "match": false}
[github.com/flipped-aurora/gin-vue-admin/server]2026-04-01 21:49:40.104	[34minfo[0m	/Users/a1/data/go/gin-vue-admin/server/service/quant/screener_record.go:122	记录详情	{"index": 1, "id": 10002, "prompt": "大股东增持，macd金叉，kdj金叉", "prompt_length": 40, "prompt_hex": "e5a4a7e882a1e4b89ce5a29ee68c81efbc8c6d616364e98791e58f89efbc8c6b646ae98791e58f89", "match": false}
[github.com/flipped-aurora/gin-vue-admin/server]2026-04-01 21:49:40.104	[34minfo[0m	/Users/a1/data/go/gin-vue-admin/server/service/quant/screener_record.go:122	记录详情	{"index": 2, "id": 10003, "prompt": "大股东增持", "prompt_length": 15, "prompt_hex": "e5a4a7e882a1e4b89ce5a29ee68c81", "match": false}
[github.com/flipped-aurora/gin-vue-admin/server]2026-04-01 21:49:40.105	[34minfo[0m	/Users/a1/data/go/gin-vue-admin/server/service/quant/screener_record.go:122	记录详情	{"index": 3, "id": 10004, "prompt": "macd金叉，kdj金叉，rsi金叉", "prompt_length": 34, "prompt_hex": "6d616364e98791e58f89efbc8c6b646ae98791e58f89efbc8c727369e98791e58f89", "match": false}
[github.com/flipped-aurora/gin-vue-admin/server]2026-04-01 21:49:40.150	[34minfo[0m	/Users/a1/data/go/gin-vue-admin/server/service/quant/screener_record.go:144	创建新的查询记录	{"member_id": 1, "prompt": "底部反转且底背离"}
