[github.com/flipped-aurora/gin-vue-admin/server]2026-04-06 00:06:41.897	[34minfo[0m	/Users/a1/data/go/gin-vue-admin/server/api/v1/quant/screener_record.go:40	使用RecordQuery逻辑	{"member_id": 10011, "prompt": "资金流入1亿以上，涨停"}
[github.com/flipped-aurora/gin-vue-admin/server]2026-04-06 00:06:41.899	[34minfo[0m	/Users/a1/data/go/gin-vue-admin/server/service/quant/screener_record.go:109	开始查询记录	{"member_id": 10011, "prompt": "资金流入1亿以上，涨停", "prompt_length": 31, "prompt_hex": "e8b584e98791e6b581e585a531e4babfe4bba5e4b88aefbc8ce6b6a8e5819c"}
[github.com/flipped-aurora/gin-vue-admin/server]2026-04-06 00:06:41.952	[34minfo[0m	/Users/a1/data/go/gin-vue-admin/server/service/quant/screener_record.go:118	该用户的所有记录	{"count": 0}
[github.com/flipped-aurora/gin-vue-admin/server]2026-04-06 00:06:42.010	[34minfo[0m	/Users/a1/data/go/gin-vue-admin/server/service/quant/screener_record.go:144	创建新的查询记录	{"member_id": 10011, "prompt": "资金流入1亿以上，涨停"}
[github.com/flipped-aurora/gin-vue-admin/server]2026-04-06 00:07:58.989	[34minfo[0m	/Users/a1/data/go/gin-vue-admin/server/api/v1/quant/screener_record.go:40	使用RecordQuery逻辑	{"member_id": 10011, "prompt": "资金流入1亿以上，涨停"}
[github.com/flipped-aurora/gin-vue-admin/server]2026-04-06 00:07:58.989	[34minfo[0m	/Users/a1/data/go/gin-vue-admin/server/service/quant/screener_record.go:109	开始查询记录	{"member_id": 10011, "prompt": "资金流入1亿以上，涨停", "prompt_length": 31, "prompt_hex": "e8b584e98791e6b581e585a531e4babfe4bba5e4b88aefbc8ce6b6a8e5819c"}
[github.com/flipped-aurora/gin-vue-admin/server]2026-04-06 00:07:59.040	[34minfo[0m	/Users/a1/data/go/gin-vue-admin/server/service/quant/screener_record.go:118	该用户的所有记录	{"count": 1}
[github.com/flipped-aurora/gin-vue-admin/server]2026-04-06 00:07:59.041	[34minfo[0m	/Users/a1/data/go/gin-vue-admin/server/service/quant/screener_record.go:122	记录详情	{"index": 0, "id": 10012, "prompt": "资金流入1亿以上，涨停", "prompt_length": 31, "prompt_hex": "e8b584e98791e6b581e585a531e4babfe4bba5e4b88aefbc8ce6b6a8e5819c", "match": true}
[github.com/flipped-aurora/gin-vue-admin/server]2026-04-06 00:07:59.099	[34minfo[0m	/Users/a1/data/go/gin-vue-admin/server/service/quant/screener_record.go:154	找到已存在记录，更新查询次数	{"record_id": 10012, "current_times": 1, "existing_prompt": "资金流入1亿以上，涨停"}
[github.com/flipped-aurora/gin-vue-admin/server]2026-04-06 14:24:44.443	[34minfo[0m	/Users/a1/data/go/gin-vue-admin/server/api/v1/quant/screener_record.go:40	使用RecordQuery逻辑	{"member_id": 10011, "prompt": "macd金叉"}
[github.com/flipped-aurora/gin-vue-admin/server]2026-04-06 14:24:44.446	[34minfo[0m	/Users/a1/data/go/gin-vue-admin/server/service/quant/screener_record.go:109	开始查询记录	{"member_id": 10011, "prompt": "macd金叉", "prompt_length": 10, "prompt_hex": "6d616364e98791e58f89"}
[github.com/flipped-aurora/gin-vue-admin/server]2026-04-06 14:24:44.476	[34minfo[0m	/Users/a1/data/go/gin-vue-admin/server/service/quant/screener_record.go:118	该用户的所有记录	{"count": 1}
[github.com/flipped-aurora/gin-vue-admin/server]2026-04-06 14:24:44.477	[34minfo[0m	/Users/a1/data/go/gin-vue-admin/server/service/quant/screener_record.go:122	记录详情	{"index": 0, "id": 10012, "prompt": "资金流入1亿以上，涨停", "prompt_length": 31, "prompt_hex": "e8b584e98791e6b581e585a531e4babfe4bba5e4b88aefbc8ce6b6a8e5819c", "match": false}
[github.com/flipped-aurora/gin-vue-admin/server]2026-04-06 14:24:44.505	[34minfo[0m	/Users/a1/data/go/gin-vue-admin/server/service/quant/screener_record.go:144	创建新的查询记录	{"member_id": 10011, "prompt": "macd金叉"}
[github.com/flipped-aurora/gin-vue-admin/server]2026-04-06 15:35:39.394	[34minfo[0m	/Users/a1/data/go/gin-vue-admin/server/api/v1/quant/screener_record.go:40	使用RecordQuery逻辑	{"member_id": 10011, "prompt": "底部反转且底背离"}
[github.com/flipped-aurora/gin-vue-admin/server]2026-04-06 15:35:39.397	[34minfo[0m	/Users/a1/data/go/gin-vue-admin/server/service/quant/screener_record.go:109	开始查询记录	{"member_id": 10011, "prompt": "底部反转且底背离", "prompt_length": 24, "prompt_hex": "e5ba95e983a8e58f8de8bdace4b894e5ba95e8838ce7a6bb"}
[github.com/flipped-aurora/gin-vue-admin/server]2026-04-06 15:35:39.419	[34minfo[0m	/Users/a1/data/go/gin-vue-admin/server/service/quant/screener_record.go:118	该用户的所有记录	{"count": 3}
[github.com/flipped-aurora/gin-vue-admin/server]2026-04-06 15:35:39.420	[34minfo[0m	/Users/a1/data/go/gin-vue-admin/server/service/quant/screener_record.go:122	记录详情	{"index": 0, "id": 10012, "prompt": "资金流入1亿以上，涨停", "prompt_length": 31, "prompt_hex": "e8b584e98791e6b581e585a531e4babfe4bba5e4b88aefbc8ce6b6a8e5819c", "match": false}
[github.com/flipped-aurora/gin-vue-admin/server]2026-04-06 15:35:39.420	[34minfo[0m	/Users/a1/data/go/gin-vue-admin/server/service/quant/screener_record.go:122	记录详情	{"index": 1, "id": 10013, "prompt": "macd金叉", "prompt_length": 10, "prompt_hex": "6d616364e98791e58f89", "match": false}
[github.com/flipped-aurora/gin-vue-admin/server]2026-04-06 15:35:39.420	[34minfo[0m	/Users/a1/data/go/gin-vue-admin/server/service/quant/screener_record.go:122	记录详情	{"index": 2, "id": 10014, "prompt": "macd金叉，kdj金叉", "prompt_length": 22, "prompt_hex": "6d616364e98791e58f89efbc8c6b646ae98791e58f89", "match": false}
[github.com/flipped-aurora/gin-vue-admin/server]2026-04-06 15:35:39.449	[34minfo[0m	/Users/a1/data/go/gin-vue-admin/server/service/quant/screener_record.go:144	创建新的查询记录	{"member_id": 10011, "prompt": "底部反转且底背离"}
[github.com/flipped-aurora/gin-vue-admin/server]2026-04-06 17:08:41.703	[34minfo[0m	/Users/a1/data/go/gin-vue-admin/server/api/v1/quant/screener_record.go:40	使用RecordQuery逻辑	{"member_id": 10011, "prompt": "底部反转且底背离"}
[github.com/flipped-aurora/gin-vue-admin/server]2026-04-06 17:08:41.704	[34minfo[0m	/Users/a1/data/go/gin-vue-admin/server/service/quant/screener_record.go:109	开始查询记录	{"member_id": 10011, "prompt": "底部反转且底背离", "prompt_length": 24, "prompt_hex": "e5ba95e983a8e58f8de8bdace4b894e5ba95e8838ce7a6bb"}
[github.com/flipped-aurora/gin-vue-admin/server]2026-04-06 17:08:41.730	[34minfo[0m	/Users/a1/data/go/gin-vue-admin/server/service/quant/screener_record.go:118	该用户的所有记录	{"count": 4}
[github.com/flipped-aurora/gin-vue-admin/server]2026-04-06 17:08:41.730	[34minfo[0m	/Users/a1/data/go/gin-vue-admin/server/service/quant/screener_record.go:122	记录详情	{"index": 0, "id": 10012, "prompt": "资金流入1亿以上，涨停", "prompt_length": 31, "prompt_hex": "e8b584e98791e6b581e585a531e4babfe4bba5e4b88aefbc8ce6b6a8e5819c", "match": false}
[github.com/flipped-aurora/gin-vue-admin/server]2026-04-06 17:08:41.730	[34minfo[0m	/Users/a1/data/go/gin-vue-admin/server/service/quant/screener_record.go:122	记录详情	{"index": 1, "id": 10013, "prompt": "macd金叉", "prompt_length": 10, "prompt_hex": "6d616364e98791e58f89", "match": false}
[github.com/flipped-aurora/gin-vue-admin/server]2026-04-06 17:08:41.731	[34minfo[0m	/Users/a1/data/go/gin-vue-admin/server/service/quant/screener_record.go:122	记录详情	{"index": 2, "id": 10014, "prompt": "macd金叉，kdj金叉", "prompt_length": 22, "prompt_hex": "6d616364e98791e58f89efbc8c6b646ae98791e58f89", "match": false}
[github.com/flipped-aurora/gin-vue-admin/server]2026-04-06 17:08:41.757	[34minfo[0m	/Users/a1/data/go/gin-vue-admin/server/service/quant/screener_record.go:122	记录详情	{"index": 3, "id": 10016, "prompt": "底部反转且底背离", "prompt_length": 24, "prompt_hex": "e5ba95e983a8e58f8de8bdace4b894e5ba95e8838ce7a6bb", "match": true}
[github.com/flipped-aurora/gin-vue-admin/server]2026-04-06 17:08:41.781	[34minfo[0m	/Users/a1/data/go/gin-vue-admin/server/service/quant/screener_record.go:154	找到已存在记录，更新查询次数	{"record_id": 10016, "current_times": 1, "existing_prompt": "底部反转且底背离"}
[github.com/flipped-aurora/gin-vue-admin/server]2026-04-06 17:09:07.324	[34minfo[0m	/Users/a1/data/go/gin-vue-admin/server/api/v1/quant/screener_record.go:40	使用RecordQuery逻辑	{"member_id": 10011, "prompt": "macd金叉，kdj金叉"}
[github.com/flipped-aurora/gin-vue-admin/server]2026-04-06 17:09:07.324	[34minfo[0m	/Users/a1/data/go/gin-vue-admin/server/service/quant/screener_record.go:109	开始查询记录	{"member_id": 10011, "prompt": "macd金叉，kdj金叉", "prompt_length": 22, "prompt_hex": "6d616364e98791e58f89efbc8c6b646ae98791e58f89"}
[github.com/flipped-aurora/gin-vue-admin/server]2026-04-06 17:09:07.352	[34minfo[0m	/Users/a1/data/go/gin-vue-admin/server/service/quant/screener_record.go:118	该用户的所有记录	{"count": 4}
[github.com/flipped-aurora/gin-vue-admin/server]2026-04-06 17:09:07.352	[34minfo[0m	/Users/a1/data/go/gin-vue-admin/server/service/quant/screener_record.go:122	记录详情	{"index": 0, "id": 10012, "prompt": "资金流入1亿以上，涨停", "prompt_length": 31, "prompt_hex": "e8b584e98791e6b581e585a531e4babfe4bba5e4b88aefbc8ce6b6a8e5819c", "match": false}
[github.com/flipped-aurora/gin-vue-admin/server]2026-04-06 17:09:07.352	[34minfo[0m	/Users/a1/data/go/gin-vue-admin/server/service/quant/screener_record.go:122	记录详情	{"index": 1, "id": 10013, "prompt": "macd金叉", "prompt_length": 10, "prompt_hex": "6d616364e98791e58f89", "match": false}
[github.com/flipped-aurora/gin-vue-admin/server]2026-04-06 17:09:07.352	[34minfo[0m	/Users/a1/data/go/gin-vue-admin/server/service/quant/screener_record.go:122	记录详情	{"index": 2, "id": 10014, "prompt": "macd金叉，kdj金叉", "prompt_length": 22, "prompt_hex": "6d616364e98791e58f89efbc8c6b646ae98791e58f89", "match": true}
[github.com/flipped-aurora/gin-vue-admin/server]2026-04-06 17:09:07.353	[34minfo[0m	/Users/a1/data/go/gin-vue-admin/server/service/quant/screener_record.go:122	记录详情	{"index": 3, "id": 10016, "prompt": "底部反转且底背离", "prompt_length": 24, "prompt_hex": "e5ba95e983a8e58f8de8bdace4b894e5ba95e8838ce7a6bb", "match": false}
[github.com/flipped-aurora/gin-vue-admin/server]2026-04-06 17:09:07.380	[34minfo[0m	/Users/a1/data/go/gin-vue-admin/server/service/quant/screener_record.go:154	找到已存在记录，更新查询次数	{"record_id": 10014, "current_times": 2, "existing_prompt": "macd金叉，kdj金叉"}
[github.com/flipped-aurora/gin-vue-admin/server]2026-04-06 22:16:30.713	[34minfo[0m	/Users/a1/data/go/gin-vue-admin/server/initialize/gorm.go:39	auto-migrate is disabled, skipping table registration
[github.com/flipped-aurora/gin-vue-admin/server]2026-04-06 22:16:30.729	[34minfo[0m	/Users/a1/data/go/gin-vue-admin/server/initialize/router.go:62	register swagger handler
[github.com/flipped-aurora/gin-vue-admin/server]2026-04-06 22:16:31.410	[34minfo[0m	/Users/a1/data/go/gin-vue-admin/server/initialize/router.go:115	router register success
[github.com/flipped-aurora/gin-vue-admin/server]2026-04-06 22:28:50.423	[34minfo[0m	/Users/a1/data/go/gin-vue-admin/server/initialize/gorm.go:39	auto-migrate is disabled, skipping table registration
[github.com/flipped-aurora/gin-vue-admin/server]2026-04-06 22:28:50.439	[34minfo[0m	/Users/a1/data/go/gin-vue-admin/server/initialize/router.go:62	register swagger handler
[github.com/flipped-aurora/gin-vue-admin/server]2026-04-06 22:28:50.901	[34minfo[0m	/Users/a1/data/go/gin-vue-admin/server/initialize/router.go:115	router register success
[github.com/flipped-aurora/gin-vue-admin/server]2026-04-06 22:32:53.469	[34minfo[0m	/Users/a1/data/go/gin-vue-admin/server/initialize/gorm.go:39	auto-migrate is disabled, skipping table registration
[github.com/flipped-aurora/gin-vue-admin/server]2026-04-06 22:32:53.488	[34minfo[0m	/Users/a1/data/go/gin-vue-admin/server/initialize/router.go:62	register swagger handler
[github.com/flipped-aurora/gin-vue-admin/server]2026-04-06 22:32:54.228	[34minfo[0m	/Users/a1/data/go/gin-vue-admin/server/initialize/router.go:115	router register success
[github.com/flipped-aurora/gin-vue-admin/server]2026-04-06 22:37:58.762	[34minfo[0m	/Users/a1/data/go/gin-vue-admin/server/initialize/gorm.go:39	auto-migrate is disabled, skipping table registration
[github.com/flipped-aurora/gin-vue-admin/server]2026-04-06 22:37:58.775	[34minfo[0m	/Users/a1/data/go/gin-vue-admin/server/initialize/router.go:62	register swagger handler
[github.com/flipped-aurora/gin-vue-admin/server]2026-04-06 22:37:59.539	[34minfo[0m	/Users/a1/data/go/gin-vue-admin/server/initialize/router.go:115	router register success
[github.com/flipped-aurora/gin-vue-admin/server]2026-04-06 22:38:47.408	[34minfo[0m	/Users/a1/data/go/gin-vue-admin/server/service/quant/base_stock.go:354	successfully synced stocks	{"count": 5497}
