[github.com/flipped-aurora/gin-vue-admin/server]2026-04-03 23:00:04.669	[34minfo[0m	/Users/a1/data/go/gin-vue-admin/server/api/v1/quant/screener_record.go:40	使用RecordQuery逻辑	{"member_id": 1, "prompt": "macd金叉，kdj金叉，rsi金叉"}
[github.com/flipped-aurora/gin-vue-admin/server]2026-04-03 23:00:04.673	[34minfo[0m	/Users/a1/data/go/gin-vue-admin/server/service/quant/screener_record.go:109	开始查询记录	{"member_id": 1, "prompt": "macd金叉，kdj金叉，rsi金叉", "prompt_length": 34, "prompt_hex": "6d616364e98791e58f89efbc8c6b646ae98791e58f89efbc8c727369e98791e58f89"}
[github.com/flipped-aurora/gin-vue-admin/server]2026-04-03 23:00:04.696	[34minfo[0m	/Users/a1/data/go/gin-vue-admin/server/service/quant/screener_record.go:118	该用户的所有记录	{"count": 5}
[github.com/flipped-aurora/gin-vue-admin/server]2026-04-03 23:00:04.696	[34minfo[0m	/Users/a1/data/go/gin-vue-admin/server/service/quant/screener_record.go:122	记录详情	{"index": 0, "id": 10001, "prompt": "macd金叉，kdj金叉", "prompt_length": 22, "prompt_hex": "6d616364e98791e58f89efbc8c6b646ae98791e58f89", "match": false}
[github.com/flipped-aurora/gin-vue-admin/server]2026-04-03 23:00:04.697	[34minfo[0m	/Users/a1/data/go/gin-vue-admin/server/service/quant/screener_record.go:122	记录详情	{"index": 1, "id": 10002, "prompt": "大股东增持，macd金叉，kdj金叉", "prompt_length": 40, "prompt_hex": "e5a4a7e882a1e4b89ce5a29ee68c81efbc8c6d616364e98791e58f89efbc8c6b646ae98791e58f89", "match": false}
[github.com/flipped-aurora/gin-vue-admin/server]2026-04-03 23:00:04.697	[34minfo[0m	/Users/a1/data/go/gin-vue-admin/server/service/quant/screener_record.go:122	记录详情	{"index": 2, "id": 10003, "prompt": "大股东增持", "prompt_length": 15, "prompt_hex": "e5a4a7e882a1e4b89ce5a29ee68c81", "match": false}
[github.com/flipped-aurora/gin-vue-admin/server]2026-04-03 23:00:04.697	[34minfo[0m	/Users/a1/data/go/gin-vue-admin/server/service/quant/screener_record.go:122	记录详情	{"index": 3, "id": 10004, "prompt": "macd金叉，kdj金叉，rsi金叉", "prompt_length": 34, "prompt_hex": "6d616364e98791e58f89efbc8c6b646ae98791e58f89efbc8c727369e98791e58f89", "match": true}
[github.com/flipped-aurora/gin-vue-admin/server]2026-04-03 23:00:04.697	[34minfo[0m	/Users/a1/data/go/gin-vue-admin/server/service/quant/screener_record.go:122	记录详情	{"index": 4, "id": 10005, "prompt": "底部反转且底背离", "prompt_length": 24, "prompt_hex": "e5ba95e983a8e58f8de8bdace4b894e5ba95e8838ce7a6bb", "match": false}
[github.com/flipped-aurora/gin-vue-admin/server]2026-04-03 23:00:04.721	[34minfo[0m	/Users/a1/data/go/gin-vue-admin/server/service/quant/screener_record.go:154	找到已存在记录，更新查询次数	{"record_id": 10004, "current_times": 8, "existing_prompt": "macd金叉，kdj金叉，rsi金叉"}
[github.com/flipped-aurora/gin-vue-admin/server]2026-04-03 23:03:42.756	[34minfo[0m	/Users/a1/data/go/gin-vue-admin/server/api/v1/quant/screener_record.go:40	使用RecordQuery逻辑	{"member_id": 1, "prompt": "主力大幅买入且三重底"}
[github.com/flipped-aurora/gin-vue-admin/server]2026-04-03 23:03:42.759	[34minfo[0m	/Users/a1/data/go/gin-vue-admin/server/service/quant/screener_record.go:109	开始查询记录	{"member_id": 1, "prompt": "主力大幅买入且三重底", "prompt_length": 30, "prompt_hex": "e4b8bbe58a9be5a4a7e5b985e4b9b0e585a5e4b894e4b889e9878de5ba95"}
[github.com/flipped-aurora/gin-vue-admin/server]2026-04-03 23:03:42.780	[34minfo[0m	/Users/a1/data/go/gin-vue-admin/server/service/quant/screener_record.go:118	该用户的所有记录	{"count": 5}
[github.com/flipped-aurora/gin-vue-admin/server]2026-04-03 23:03:42.780	[34minfo[0m	/Users/a1/data/go/gin-vue-admin/server/service/quant/screener_record.go:122	记录详情	{"index": 0, "id": 10001, "prompt": "macd金叉，kdj金叉", "prompt_length": 22, "prompt_hex": "6d616364e98791e58f89efbc8c6b646ae98791e58f89", "match": false}
[github.com/flipped-aurora/gin-vue-admin/server]2026-04-03 23:03:42.789	[34minfo[0m	/Users/a1/data/go/gin-vue-admin/server/service/quant/screener_record.go:122	记录详情	{"index": 1, "id": 10002, "prompt": "大股东增持，macd金叉，kdj金叉", "prompt_length": 40, "prompt_hex": "e5a4a7e882a1e4b89ce5a29ee68c81efbc8c6d616364e98791e58f89efbc8c6b646ae98791e58f89", "match": false}
[github.com/flipped-aurora/gin-vue-admin/server]2026-04-03 23:03:42.789	[34minfo[0m	/Users/a1/data/go/gin-vue-admin/server/service/quant/screener_record.go:122	记录详情	{"index": 2, "id": 10003, "prompt": "大股东增持", "prompt_length": 15, "prompt_hex": "e5a4a7e882a1e4b89ce5a29ee68c81", "match": false}
[github.com/flipped-aurora/gin-vue-admin/server]2026-04-03 23:03:42.789	[34minfo[0m	/Users/a1/data/go/gin-vue-admin/server/service/quant/screener_record.go:122	记录详情	{"index": 3, "id": 10004, "prompt": "macd金叉，kdj金叉，rsi金叉", "prompt_length": 34, "prompt_hex": "6d616364e98791e58f89efbc8c6b646ae98791e58f89efbc8c727369e98791e58f89", "match": false}
[github.com/flipped-aurora/gin-vue-admin/server]2026-04-03 23:03:42.789	[34minfo[0m	/Users/a1/data/go/gin-vue-admin/server/service/quant/screener_record.go:122	记录详情	{"index": 4, "id": 10005, "prompt": "底部反转且底背离", "prompt_length": 24, "prompt_hex": "e5ba95e983a8e58f8de8bdace4b894e5ba95e8838ce7a6bb", "match": false}
[github.com/flipped-aurora/gin-vue-admin/server]2026-04-03 23:03:42.820	[34minfo[0m	/Users/a1/data/go/gin-vue-admin/server/service/quant/screener_record.go:144	创建新的查询记录	{"member_id": 1, "prompt": "主力大幅买入且三重底"}
[github.com/flipped-aurora/gin-vue-admin/server]2026-04-03 23:19:29.732	[34minfo[0m	/Users/a1/data/go/gin-vue-admin/server/api/v1/quant/screener_record.go:40	使用RecordQuery逻辑	{"member_id": 1, "prompt": "冷门股且kdj金叉"}
[github.com/flipped-aurora/gin-vue-admin/server]2026-04-03 23:19:29.732	[34minfo[0m	/Users/a1/data/go/gin-vue-admin/server/service/quant/screener_record.go:109	开始查询记录	{"member_id": 1, "prompt": "冷门股且kdj金叉", "prompt_length": 21, "prompt_hex": "e586b7e997a8e882a1e4b8946b646ae98791e58f89"}
[github.com/flipped-aurora/gin-vue-admin/server]2026-04-03 23:19:29.759	[34minfo[0m	/Users/a1/data/go/gin-vue-admin/server/service/quant/screener_record.go:118	该用户的所有记录	{"count": 6}
[github.com/flipped-aurora/gin-vue-admin/server]2026-04-03 23:19:29.759	[34minfo[0m	/Users/a1/data/go/gin-vue-admin/server/service/quant/screener_record.go:122	记录详情	{"index": 0, "id": 10001, "prompt": "macd金叉，kdj金叉", "prompt_length": 22, "prompt_hex": "6d616364e98791e58f89efbc8c6b646ae98791e58f89", "match": false}
[github.com/flipped-aurora/gin-vue-admin/server]2026-04-03 23:19:29.759	[34minfo[0m	/Users/a1/data/go/gin-vue-admin/server/service/quant/screener_record.go:122	记录详情	{"index": 1, "id": 10002, "prompt": "大股东增持，macd金叉，kdj金叉", "prompt_length": 40, "prompt_hex": "e5a4a7e882a1e4b89ce5a29ee68c81efbc8c6d616364e98791e58f89efbc8c6b646ae98791e58f89", "match": false}
[github.com/flipped-aurora/gin-vue-admin/server]2026-04-03 23:19:29.759	[34minfo[0m	/Users/a1/data/go/gin-vue-admin/server/service/quant/screener_record.go:122	记录详情	{"index": 2, "id": 10003, "prompt": "大股东增持", "prompt_length": 15, "prompt_hex": "e5a4a7e882a1e4b89ce5a29ee68c81", "match": false}
[github.com/flipped-aurora/gin-vue-admin/server]2026-04-03 23:19:29.759	[34minfo[0m	/Users/a1/data/go/gin-vue-admin/server/service/quant/screener_record.go:122	记录详情	{"index": 3, "id": 10004, "prompt": "macd金叉，kdj金叉，rsi金叉", "prompt_length": 34, "prompt_hex": "6d616364e98791e58f89efbc8c6b646ae98791e58f89efbc8c727369e98791e58f89", "match": false}
[github.com/flipped-aurora/gin-vue-admin/server]2026-04-03 23:19:29.759	[34minfo[0m	/Users/a1/data/go/gin-vue-admin/server/service/quant/screener_record.go:122	记录详情	{"index": 4, "id": 10005, "prompt": "底部反转且底背离", "prompt_length": 24, "prompt_hex": "e5ba95e983a8e58f8de8bdace4b894e5ba95e8838ce7a6bb", "match": false}
[github.com/flipped-aurora/gin-vue-admin/server]2026-04-03 23:19:29.760	[34minfo[0m	/Users/a1/data/go/gin-vue-admin/server/service/quant/screener_record.go:122	记录详情	{"index": 5, "id": 10006, "prompt": "主力大幅买入且三重底", "prompt_length": 30, "prompt_hex": "e4b8bbe58a9be5a4a7e5b985e4b9b0e585a5e4b894e4b889e9878de5ba95", "match": false}
[github.com/flipped-aurora/gin-vue-admin/server]2026-04-03 23:19:29.782	[34minfo[0m	/Users/a1/data/go/gin-vue-admin/server/service/quant/screener_record.go:144	创建新的查询记录	{"member_id": 1, "prompt": "冷门股且kdj金叉"}
[github.com/flipped-aurora/gin-vue-admin/server]2026-04-03 23:20:34.187	[34minfo[0m	/Users/a1/data/go/gin-vue-admin/server/api/v1/quant/screener_record.go:40	使用RecordQuery逻辑	{"member_id": 1, "prompt": "昨日尾盘拉升且周线三连阳"}
[github.com/flipped-aurora/gin-vue-admin/server]2026-04-03 23:20:34.187	[34minfo[0m	/Users/a1/data/go/gin-vue-admin/server/service/quant/screener_record.go:109	开始查询记录	{"member_id": 1, "prompt": "昨日尾盘拉升且周线三连阳", "prompt_length": 36, "prompt_hex": "e698a8e697a5e5b0bee79b98e68b89e58d87e4b894e591a8e7babfe4b889e8bf9ee998b3"}
[github.com/flipped-aurora/gin-vue-admin/server]2026-04-03 23:20:34.208	[34minfo[0m	/Users/a1/data/go/gin-vue-admin/server/service/quant/screener_record.go:118	该用户的所有记录	{"count": 7}
[github.com/flipped-aurora/gin-vue-admin/server]2026-04-03 23:20:34.208	[34minfo[0m	/Users/a1/data/go/gin-vue-admin/server/service/quant/screener_record.go:122	记录详情	{"index": 0, "id": 10001, "prompt": "macd金叉，kdj金叉", "prompt_length": 22, "prompt_hex": "6d616364e98791e58f89efbc8c6b646ae98791e58f89", "match": false}
[github.com/flipped-aurora/gin-vue-admin/server]2026-04-03 23:20:34.208	[34minfo[0m	/Users/a1/data/go/gin-vue-admin/server/service/quant/screener_record.go:122	记录详情	{"index": 1, "id": 10002, "prompt": "大股东增持，macd金叉，kdj金叉", "prompt_length": 40, "prompt_hex": "e5a4a7e882a1e4b89ce5a29ee68c81efbc8c6d616364e98791e58f89efbc8c6b646ae98791e58f89", "match": false}
[github.com/flipped-aurora/gin-vue-admin/server]2026-04-03 23:20:34.208	[34minfo[0m	/Users/a1/data/go/gin-vue-admin/server/service/quant/screener_record.go:122	记录详情	{"index": 2, "id": 10003, "prompt": "大股东增持", "prompt_length": 15, "prompt_hex": "e5a4a7e882a1e4b89ce5a29ee68c81", "match": false}
[github.com/flipped-aurora/gin-vue-admin/server]2026-04-03 23:20:34.209	[34minfo[0m	/Users/a1/data/go/gin-vue-admin/server/service/quant/screener_record.go:122	记录详情	{"index": 3, "id": 10004, "prompt": "macd金叉，kdj金叉，rsi金叉", "prompt_length": 34, "prompt_hex": "6d616364e98791e58f89efbc8c6b646ae98791e58f89efbc8c727369e98791e58f89", "match": false}
[github.com/flipped-aurora/gin-vue-admin/server]2026-04-03 23:20:34.209	[34minfo[0m	/Users/a1/data/go/gin-vue-admin/server/service/quant/screener_record.go:122	记录详情	{"index": 4, "id": 10005, "prompt": "底部反转且底背离", "prompt_length": 24, "prompt_hex": "e5ba95e983a8e58f8de8bdace4b894e5ba95e8838ce7a6bb", "match": false}
[github.com/flipped-aurora/gin-vue-admin/server]2026-04-03 23:20:34.209	[34minfo[0m	/Users/a1/data/go/gin-vue-admin/server/service/quant/screener_record.go:122	记录详情	{"index": 5, "id": 10006, "prompt": "主力大幅买入且三重底", "prompt_length": 30, "prompt_hex": "e4b8bbe58a9be5a4a7e5b985e4b9b0e585a5e4b894e4b889e9878de5ba95", "match": false}
[github.com/flipped-aurora/gin-vue-admin/server]2026-04-03 23:20:34.209	[34minfo[0m	/Users/a1/data/go/gin-vue-admin/server/service/quant/screener_record.go:122	记录详情	{"index": 6, "id": 10007, "prompt": "冷门股且kdj金叉", "prompt_length": 21, "prompt_hex": "e586b7e997a8e882a1e4b8946b646ae98791e58f89", "match": false}
[github.com/flipped-aurora/gin-vue-admin/server]2026-04-03 23:20:34.231	[34minfo[0m	/Users/a1/data/go/gin-vue-admin/server/service/quant/screener_record.go:144	创建新的查询记录	{"member_id": 1, "prompt": "昨日尾盘拉升且周线三连阳"}
[github.com/flipped-aurora/gin-vue-admin/server]2026-04-03 23:22:03.935	[34minfo[0m	/Users/a1/data/go/gin-vue-admin/server/api/v1/quant/screener_record.go:40	使用RecordQuery逻辑	{"member_id": 1, "prompt": "放量突破且月线三连阳"}
[github.com/flipped-aurora/gin-vue-admin/server]2026-04-03 23:22:03.936	[34minfo[0m	/Users/a1/data/go/gin-vue-admin/server/service/quant/screener_record.go:109	开始查询记录	{"member_id": 1, "prompt": "放量突破且月线三连阳", "prompt_length": 30, "prompt_hex": "e694bee9878fe7aa81e7a0b4e4b894e69c88e7babfe4b889e8bf9ee998b3"}
[github.com/flipped-aurora/gin-vue-admin/server]2026-04-03 23:22:03.970	[34minfo[0m	/Users/a1/data/go/gin-vue-admin/server/service/quant/screener_record.go:118	该用户的所有记录	{"count": 8}
[github.com/flipped-aurora/gin-vue-admin/server]2026-04-03 23:22:03.970	[34minfo[0m	/Users/a1/data/go/gin-vue-admin/server/service/quant/screener_record.go:122	记录详情	{"index": 0, "id": 10001, "prompt": "macd金叉，kdj金叉", "prompt_length": 22, "prompt_hex": "6d616364e98791e58f89efbc8c6b646ae98791e58f89", "match": false}
[github.com/flipped-aurora/gin-vue-admin/server]2026-04-03 23:22:03.970	[34minfo[0m	/Users/a1/data/go/gin-vue-admin/server/service/quant/screener_record.go:122	记录详情	{"index": 1, "id": 10002, "prompt": "大股东增持，macd金叉，kdj金叉", "prompt_length": 40, "prompt_hex": "e5a4a7e882a1e4b89ce5a29ee68c81efbc8c6d616364e98791e58f89efbc8c6b646ae98791e58f89", "match": false}
[github.com/flipped-aurora/gin-vue-admin/server]2026-04-03 23:22:03.970	[34minfo[0m	/Users/a1/data/go/gin-vue-admin/server/service/quant/screener_record.go:122	记录详情	{"index": 2, "id": 10003, "prompt": "大股东增持", "prompt_length": 15, "prompt_hex": "e5a4a7e882a1e4b89ce5a29ee68c81", "match": false}
[github.com/flipped-aurora/gin-vue-admin/server]2026-04-03 23:22:03.999	[34minfo[0m	/Users/a1/data/go/gin-vue-admin/server/service/quant/screener_record.go:122	记录详情	{"index": 3, "id": 10004, "prompt": "macd金叉，kdj金叉，rsi金叉", "prompt_length": 34, "prompt_hex": "6d616364e98791e58f89efbc8c6b646ae98791e58f89efbc8c727369e98791e58f89", "match": false}
[github.com/flipped-aurora/gin-vue-admin/server]2026-04-03 23:22:03.999	[34minfo[0m	/Users/a1/data/go/gin-vue-admin/server/service/quant/screener_record.go:122	记录详情	{"index": 4, "id": 10005, "prompt": "底部反转且底背离", "prompt_length": 24, "prompt_hex": "e5ba95e983a8e58f8de8bdace4b894e5ba95e8838ce7a6bb", "match": false}
[github.com/flipped-aurora/gin-vue-admin/server]2026-04-03 23:22:03.999	[34minfo[0m	/Users/a1/data/go/gin-vue-admin/server/service/quant/screener_record.go:122	记录详情	{"index": 5, "id": 10006, "prompt": "主力大幅买入且三重底", "prompt_length": 30, "prompt_hex": "e4b8bbe58a9be5a4a7e5b985e4b9b0e585a5e4b894e4b889e9878de5ba95", "match": false}
[github.com/flipped-aurora/gin-vue-admin/server]2026-04-03 23:22:03.999	[34minfo[0m	/Users/a1/data/go/gin-vue-admin/server/service/quant/screener_record.go:122	记录详情	{"index": 6, "id": 10007, "prompt": "冷门股且kdj金叉", "prompt_length": 21, "prompt_hex": "e586b7e997a8e882a1e4b8946b646ae98791e58f89", "match": false}
[github.com/flipped-aurora/gin-vue-admin/server]2026-04-03 23:22:03.999	[34minfo[0m	/Users/a1/data/go/gin-vue-admin/server/service/quant/screener_record.go:122	记录详情	{"index": 7, "id": 10008, "prompt": "昨日尾盘拉升且周线三连阳", "prompt_length": 36, "prompt_hex": "e698a8e697a5e5b0bee79b98e68b89e58d87e4b894e591a8e7babfe4b889e8bf9ee998b3", "match": false}
[github.com/flipped-aurora/gin-vue-admin/server]2026-04-03 23:22:04.027	[34minfo[0m	/Users/a1/data/go/gin-vue-admin/server/service/quant/screener_record.go:144	创建新的查询记录	{"member_id": 1, "prompt": "放量突破且月线三连阳"}
[github.com/flipped-aurora/gin-vue-admin/server]2026-04-03 23:24:51.176	[34minfo[0m	/Users/a1/data/go/gin-vue-admin/server/api/v1/quant/screener_record.go:40	使用RecordQuery逻辑	{"member_id": 1, "prompt": "上升通道且筹码集中"}
[github.com/flipped-aurora/gin-vue-admin/server]2026-04-03 23:24:51.177	[34minfo[0m	/Users/a1/data/go/gin-vue-admin/server/service/quant/screener_record.go:109	开始查询记录	{"member_id": 1, "prompt": "上升通道且筹码集中", "prompt_length": 27, "prompt_hex": "e4b88ae58d87e9809ae98193e4b894e7adb9e7a081e99b86e4b8ad"}
[github.com/flipped-aurora/gin-vue-admin/server]2026-04-03 23:24:51.205	[34minfo[0m	/Users/a1/data/go/gin-vue-admin/server/service/quant/screener_record.go:118	该用户的所有记录	{"count": 9}
[github.com/flipped-aurora/gin-vue-admin/server]2026-04-03 23:24:51.205	[34minfo[0m	/Users/a1/data/go/gin-vue-admin/server/service/quant/screener_record.go:122	记录详情	{"index": 0, "id": 10001, "prompt": "macd金叉，kdj金叉", "prompt_length": 22, "prompt_hex": "6d616364e98791e58f89efbc8c6b646ae98791e58f89", "match": false}
[github.com/flipped-aurora/gin-vue-admin/server]2026-04-03 23:24:51.205	[34minfo[0m	/Users/a1/data/go/gin-vue-admin/server/service/quant/screener_record.go:122	记录详情	{"index": 1, "id": 10002, "prompt": "大股东增持，macd金叉，kdj金叉", "prompt_length": 40, "prompt_hex": "e5a4a7e882a1e4b89ce5a29ee68c81efbc8c6d616364e98791e58f89efbc8c6b646ae98791e58f89", "match": false}
[github.com/flipped-aurora/gin-vue-admin/server]2026-04-03 23:24:51.205	[34minfo[0m	/Users/a1/data/go/gin-vue-admin/server/service/quant/screener_record.go:122	记录详情	{"index": 2, "id": 10003, "prompt": "大股东增持", "prompt_length": 15, "prompt_hex": "e5a4a7e882a1e4b89ce5a29ee68c81", "match": false}
[github.com/flipped-aurora/gin-vue-admin/server]2026-04-03 23:24:51.286	[34minfo[0m	/Users/a1/data/go/gin-vue-admin/server/service/quant/screener_record.go:122	记录详情	{"index": 3, "id": 10004, "prompt": "macd金叉，kdj金叉，rsi金叉", "prompt_length": 34, "prompt_hex": "6d616364e98791e58f89efbc8c6b646ae98791e58f89efbc8c727369e98791e58f89", "match": false}
[github.com/flipped-aurora/gin-vue-admin/server]2026-04-03 23:24:51.286	[34minfo[0m	/Users/a1/data/go/gin-vue-admin/server/service/quant/screener_record.go:122	记录详情	{"index": 4, "id": 10005, "prompt": "底部反转且底背离", "prompt_length": 24, "prompt_hex": "e5ba95e983a8e58f8de8bdace4b894e5ba95e8838ce7a6bb", "match": false}
[github.com/flipped-aurora/gin-vue-admin/server]2026-04-03 23:24:51.286	[34minfo[0m	/Users/a1/data/go/gin-vue-admin/server/service/quant/screener_record.go:122	记录详情	{"index": 5, "id": 10006, "prompt": "主力大幅买入且三重底", "prompt_length": 30, "prompt_hex": "e4b8bbe58a9be5a4a7e5b985e4b9b0e585a5e4b894e4b889e9878de5ba95", "match": false}
[github.com/flipped-aurora/gin-vue-admin/server]2026-04-03 23:24:51.286	[34minfo[0m	/Users/a1/data/go/gin-vue-admin/server/service/quant/screener_record.go:122	记录详情	{"index": 6, "id": 10007, "prompt": "冷门股且kdj金叉", "prompt_length": 21, "prompt_hex": "e586b7e997a8e882a1e4b8946b646ae98791e58f89", "match": false}
[github.com/flipped-aurora/gin-vue-admin/server]2026-04-03 23:24:51.286	[34minfo[0m	/Users/a1/data/go/gin-vue-admin/server/service/quant/screener_record.go:122	记录详情	{"index": 7, "id": 10008, "prompt": "昨日尾盘拉升且周线三连阳", "prompt_length": 36, "prompt_hex": "e698a8e697a5e5b0bee79b98e68b89e58d87e4b894e591a8e7babfe4b889e8bf9ee998b3", "match": false}
[github.com/flipped-aurora/gin-vue-admin/server]2026-04-03 23:24:51.287	[34minfo[0m	/Users/a1/data/go/gin-vue-admin/server/service/quant/screener_record.go:122	记录详情	{"index": 8, "id": 10009, "prompt": "放量突破且月线三连阳", "prompt_length": 30, "prompt_hex": "e694bee9878fe7aa81e7a0b4e4b894e69c88e7babfe4b889e8bf9ee998b3", "match": false}
[github.com/flipped-aurora/gin-vue-admin/server]2026-04-03 23:24:51.311	[34minfo[0m	/Users/a1/data/go/gin-vue-admin/server/service/quant/screener_record.go:144	创建新的查询记录	{"member_id": 1, "prompt": "上升通道且筹码集中"}
