[github.com/flipped-aurora/gin-vue-admin/server]2026-08-10 11:47:38.198	[33mwarn[0m	/Users/a1/data/go/gin-vue-admin/server/service/quant/meilisearch.go:554	Meilisearch search failed, falling back to MySQL	{"error": "meilisearch client is not initialized"}
[github.com/flipped-aurora/gin-vue-admin/server]2026-08-10 11:48:41.486	[33mwarn[0m	/Users/a1/data/go/gin-vue-admin/server/service/quant/meilisearch.go:554	Meilisearch search failed, falling back to MySQL	{"error": "meilisearch client is not initialized"}
[github.com/flipped-aurora/gin-vue-admin/server]2026-08-10 13:05:11.431	[33mwarn[0m	/Users/a1/data/go/gin-vue-admin/server/service/quant/theme_stock_ai.go:419	AI 联网检索新闻失败	{"keyword": "军工重组 洪都航空 600316", "error": "send tushare news request failed: Post \"https://jiaoch.site/news\": tls: failed to verify certificate: x509: certificate has expired or is not yet valid: “jiaoch.site” certificate is expired"}
[github.com/flipped-aurora/gin-vue-admin/server]2026-08-10 13:08:07.295	[33mwarn[0m	/Users/a1/data/go/gin-vue-admin/server/service/quant/theme_stock_ai.go:419	AI 联网检索新闻失败	{"keyword": "军工重组 建设工业 002265", "error": "send tushare news request failed: Post \"https://jiaoch.site/news\": tls: failed to verify certificate: x509: certificate has expired or is not yet valid: “jiaoch.site” certificate is expired"}
[github.com/flipped-aurora/gin-vue-admin/server]2026-08-10 13:08:07.408	[33mwarn[0m	/Users/a1/data/go/gin-vue-admin/server/service/quant/theme_stock_ai.go:419	AI 联网检索新闻失败	{"keyword": "军工重组 建设工业 002265", "error": "send tushare news request failed: Post \"https://jiaoch.site/news\": tls: failed to verify certificate: x509: certificate has expired or is not yet valid: “jiaoch.site” certificate is expired"}
[github.com/flipped-aurora/gin-vue-admin/server]2026-08-10 14:00:32.927	[33mwarn[0m	/Users/a1/data/go/gin-vue-admin/server/service/quant/theme_stock_ai.go:431	AI 联网检索新闻失败	{"keyword": "军工重组 建设工业 002265", "error": "send tushare news request failed: Post \"https://jiaoch.site/news\": tls: failed to verify certificate: x509: certificate has expired or is not yet valid: “jiaoch.site” certificate is expired"}
[github.com/flipped-aurora/gin-vue-admin/server]2026-08-10 14:01:02.941	[33mwarn[0m	/Users/a1/data/go/gin-vue-admin/server/service/quant/theme_stock_ai.go:431	AI 联网检索新闻失败	{"keyword": "军工重组 建设工业 002265", "error": "send tushare news request failed: Post \"https://jiaoch.site/news\": tls: failed to verify certificate: x509: certificate has expired or is not yet valid: “jiaoch.site” certificate is expired"}
[github.com/flipped-aurora/gin-vue-admin/server]2026-08-10 14:55:04.056	[33mwarn[0m	/Users/a1/data/go/gin-vue-admin/server/service/quant/theme_stock_ai.go:431	AI 联网检索新闻失败	{"keyword": "军工重组 北方长龙 301357", "error": "send tushare news request failed: Post \"https://jiaoch.site/news\": tls: failed to verify certificate: x509: certificate has expired or is not yet valid: “jiaoch.site” certificate is expired"}
[github.com/flipped-aurora/gin-vue-admin/server]2026-08-10 14:56:42.885	[33mwarn[0m	/Users/a1/data/go/gin-vue-admin/server/service/quant/theme_stock_ai.go:431	AI 联网检索新闻失败	{"keyword": "军工重组 长城军工 601606", "error": "send tushare news request failed: Post \"https://jiaoch.site/news\": tls: failed to verify certificate: x509: certificate has expired or is not yet valid: “jiaoch.site” certificate is expired"}
[github.com/flipped-aurora/gin-vue-admin/server]2026-08-10 15:16:55.333	[33mwarn[0m	/Users/a1/data/go/gin-vue-admin/server/service/quant/theme_stock_ai.go:431	AI 联网检索新闻失败	{"keyword": "军工重组 长城军工 601606", "error": "send tushare news request failed: Post \"https://jiaoch.site/news\": tls: failed to verify certificate: x509: certificate has expired or is not yet valid: “jiaoch.site” certificate is expired"}
[github.com/flipped-aurora/gin-vue-admin/server]2026-08-10 16:20:20.206	[33mwarn[0m	/Users/a1/data/go/gin-vue-admin/server/service/quant/search_engine.go:112	百度搜索联网检索失败	{"keyword": "军工重组 建设工业 002265", "error": "百度搜索未配置 api-key / base-url"}
[github.com/flipped-aurora/gin-vue-admin/server]2026-08-10 16:20:20.207	[33mwarn[0m	/Users/a1/data/go/gin-vue-admin/server/service/quant/search_engine.go:112	百度搜索联网检索失败	{"keyword": "军工重组 建设工业 002265", "error": "百度搜索未配置 api-key / base-url"}
[github.com/flipped-aurora/gin-vue-admin/server]2026-08-10 17:36:55.218	[33mwarn[0m	/Users/a1/data/go/gin-vue-admin/server/service/quant/search_engine.go:95	Serper 联网检索失败，回退默认引擎	{"keyword": "军工重组 建设工业 002265", "error": "serper 未配置 api-key / base-url"}
[github.com/flipped-aurora/gin-vue-admin/server]2026-08-10 17:36:55.219	[33mwarn[0m	/Users/a1/data/go/gin-vue-admin/server/service/quant/search_engine.go:112	百度搜索联网检索失败	{"keyword": "军工重组 建设工业 002265", "error": "百度搜索未配置 api-key / base-url"}
[github.com/flipped-aurora/gin-vue-admin/server]2026-08-10 17:36:55.219	[33mwarn[0m	/Users/a1/data/go/gin-vue-admin/server/service/quant/search_engine.go:95	Serper 联网检索失败，回退默认引擎	{"keyword": "军工重组 建设工业 002265", "error": "serper 未配置 api-key / base-url"}
[github.com/flipped-aurora/gin-vue-admin/server]2026-08-10 17:36:55.219	[33mwarn[0m	/Users/a1/data/go/gin-vue-admin/server/service/quant/search_engine.go:112	百度搜索联网检索失败	{"keyword": "军工重组 建设工业 002265", "error": "百度搜索未配置 api-key / base-url"}
[github.com/flipped-aurora/gin-vue-admin/server]2026-08-10 17:47:10.736	[33mwarn[0m	/Users/a1/data/go/gin-vue-admin/server/service/quant/search_engine.go:112	百度搜索联网检索失败	{"keyword": "Optimus 三花智控 002050", "error": "百度搜索未配置 api-key / base-url"}
[github.com/flipped-aurora/gin-vue-admin/server]2026-08-10 18:12:21.535	[33mwarn[0m	/Users/a1/data/go/gin-vue-admin/server/service/quant/search_engine.go:102	博查AI 联网检索失败，回退默认引擎	{"keyword": "军工重组 北方长龙 301357", "error": "博查AI 未配置 api-key / base-url"}
[github.com/flipped-aurora/gin-vue-admin/server]2026-08-10 18:12:21.536	[33mwarn[0m	/Users/a1/data/go/gin-vue-admin/server/service/quant/search_engine.go:112	百度搜索联网检索失败	{"keyword": "军工重组 北方长龙 301357", "error": "百度搜索未配置 api-key / base-url"}
[github.com/flipped-aurora/gin-vue-admin/server]2026-08-10 18:12:21.536	[33mwarn[0m	/Users/a1/data/go/gin-vue-admin/server/service/quant/search_engine.go:102	博查AI 联网检索失败，回退默认引擎	{"keyword": "军工重组 北方长龙 301357", "error": "博查AI 未配置 api-key / base-url"}
[github.com/flipped-aurora/gin-vue-admin/server]2026-08-10 18:12:21.537	[33mwarn[0m	/Users/a1/data/go/gin-vue-admin/server/service/quant/search_engine.go:112	百度搜索联网检索失败	{"keyword": "军工重组 北方长龙 301357", "error": "百度搜索未配置 api-key / base-url"}
[github.com/flipped-aurora/gin-vue-admin/server]2026-08-10 22:57:02.577	[33mwarn[0m	/Users/a1/data/go/gin-vue-admin/server/service/quant/search_engine.go:88	Tavily 联网检索失败，回退默认引擎	{"keyword": "Optimus 三花智控 002050", "error": "tavily 未配置 api-key / base-url"}
[github.com/flipped-aurora/gin-vue-admin/server]2026-08-10 22:57:02.579	[33mwarn[0m	/Users/a1/data/go/gin-vue-admin/server/service/quant/search_engine.go:112	百度搜索联网检索失败	{"keyword": "Optimus 三花智控 002050", "error": "百度搜索未配置 api-key / base-url"}
[github.com/flipped-aurora/gin-vue-admin/server]2026-08-10 22:57:02.580	[33mwarn[0m	/Users/a1/data/go/gin-vue-admin/server/service/quant/search_engine.go:88	Tavily 联网检索失败，回退默认引擎	{"keyword": "Optimus 三花智控 002050", "error": "tavily 未配置 api-key / base-url"}
[github.com/flipped-aurora/gin-vue-admin/server]2026-08-10 22:57:02.580	[33mwarn[0m	/Users/a1/data/go/gin-vue-admin/server/service/quant/search_engine.go:112	百度搜索联网检索失败	{"keyword": "Optimus 三花智控 002050", "error": "百度搜索未配置 api-key / base-url"}
[github.com/flipped-aurora/gin-vue-admin/server]2026-08-10 23:10:50.036	[33mwarn[0m	/Users/a1/data/go/gin-vue-admin/server/service/quant/search_engine.go:112	百度搜索联网检索失败	{"keyword": "行星滚柱丝杠", "error": "百度搜索未配置 api-key / base-url"}
