[github.com/flipped-aurora/gin-vue-admin/server]2026-05-25 00:48:18.293	[34minfo[0m	/Users/a1/data/go/gin-vue-admin/server/service/quant/meilisearch.go:45	Meilisearch client initialized successfully	{"url": "http://47.108.165.155:7700"}
[github.com/flipped-aurora/gin-vue-admin/server]2026-05-25 00:48:18.335	[34minfo[0m	/Users/a1/data/go/gin-vue-admin/server/service/quant/meilisearch.go:88	News index created and configured successfully	{"index": "news"}
[github.com/flipped-aurora/gin-vue-admin/server]2026-05-25 00:48:18.336	[34minfo[0m	/Users/a1/data/go/gin-vue-admin/server/initialize/meilisearch.go:30	Meilisearch initialized successfully
[github.com/flipped-aurora/gin-vue-admin/server]2026-05-25 00:48:18.336	[34minfo[0m	/Users/a1/data/go/gin-vue-admin/server/initialize/gorm.go:39	auto-migrate is disabled, skipping table registration
[github.com/flipped-aurora/gin-vue-admin/server]2026-05-25 00:48:18.348	[34minfo[0m	/Users/a1/data/go/gin-vue-admin/server/initialize/router.go:62	register swagger handler
[github.com/flipped-aurora/gin-vue-admin/server]2026-05-25 00:48:18.783	[34minfo[0m	/Users/a1/data/go/gin-vue-admin/server/initialize/router.go:115	router register success
[github.com/flipped-aurora/gin-vue-admin/server]2026-05-25 00:50:27.802	[34minfo[0m	/Users/a1/data/go/gin-vue-admin/server/service/quant/meilisearch.go:45	Meilisearch client initialized successfully	{"url": "http://47.108.165.155:7700"}
[github.com/flipped-aurora/gin-vue-admin/server]2026-05-25 00:50:27.845	[34minfo[0m	/Users/a1/data/go/gin-vue-admin/server/service/quant/meilisearch.go:88	News index created and configured successfully	{"index": "news"}
[github.com/flipped-aurora/gin-vue-admin/server]2026-05-25 00:50:27.845	[34minfo[0m	/Users/a1/data/go/gin-vue-admin/server/initialize/meilisearch.go:30	Meilisearch initialized successfully
[github.com/flipped-aurora/gin-vue-admin/server]2026-05-25 00:50:27.845	[34minfo[0m	/Users/a1/data/go/gin-vue-admin/server/initialize/gorm.go:39	auto-migrate is disabled, skipping table registration
[github.com/flipped-aurora/gin-vue-admin/server]2026-05-25 00:50:27.858	[34minfo[0m	/Users/a1/data/go/gin-vue-admin/server/initialize/router.go:62	register swagger handler
[github.com/flipped-aurora/gin-vue-admin/server]2026-05-25 00:50:28.295	[34minfo[0m	/Users/a1/data/go/gin-vue-admin/server/initialize/router.go:115	router register success
[github.com/flipped-aurora/gin-vue-admin/server]2026-05-25 09:03:54.067	[34minfo[0m	/Users/a1/data/go/gin-vue-admin/server/service/quant/meilisearch.go:565	Search completed	{"engine": "meilisearch", "total": 1000, "elapsed": 0.052076473}
[github.com/flipped-aurora/gin-vue-admin/server]2026-05-25 09:04:05.591	[34minfo[0m	/Users/a1/data/go/gin-vue-admin/server/service/quant/meilisearch.go:565	Search completed	{"engine": "meilisearch", "total": 1000, "elapsed": 0.033951812}
[github.com/flipped-aurora/gin-vue-admin/server]2026-05-25 09:04:10.999	[34minfo[0m	/Users/a1/data/go/gin-vue-admin/server/service/quant/meilisearch.go:565	Search completed	{"engine": "meilisearch", "total": 1000, "elapsed": 0.028888059}
[github.com/flipped-aurora/gin-vue-admin/server]2026-05-25 09:04:27.565	[34minfo[0m	/Users/a1/data/go/gin-vue-admin/server/service/quant/meilisearch.go:565	Search completed	{"engine": "meilisearch", "total": 1000, "elapsed": 0.071817931}
[github.com/flipped-aurora/gin-vue-admin/server]2026-05-25 09:04:40.463	[34minfo[0m	/Users/a1/data/go/gin-vue-admin/server/service/quant/meilisearch.go:565	Search completed	{"engine": "meilisearch", "total": 1000, "elapsed": 0.030848589}
[github.com/flipped-aurora/gin-vue-admin/server]2026-05-25 09:04:42.587	[34minfo[0m	/Users/a1/data/go/gin-vue-admin/server/service/quant/meilisearch.go:565	Search completed	{"engine": "meilisearch", "total": 1000, "elapsed": 0.026686799}
[github.com/flipped-aurora/gin-vue-admin/server]2026-05-25 14:23:17.210	[34minfo[0m	/Users/a1/data/go/gin-vue-admin/server/service/quant/meilisearch.go:565	Search completed	{"engine": "meilisearch", "total": 102, "elapsed": 0.051742842}
[github.com/flipped-aurora/gin-vue-admin/server]2026-05-25 23:02:33.024	[34minfo[0m	/Users/a1/data/go/gin-vue-admin/server/service/quant/meilisearch.go:565	Search completed	{"engine": "meilisearch", "total": 1000, "elapsed": 0.047917262}
[github.com/flipped-aurora/gin-vue-admin/server]2026-05-25 23:04:01.305	[34minfo[0m	/Users/a1/data/go/gin-vue-admin/server/service/quant/meilisearch.go:565	Search completed	{"engine": "meilisearch", "total": 1000, "elapsed": 0.0323553}
[github.com/flipped-aurora/gin-vue-admin/server]2026-05-25 23:04:13.233	[34minfo[0m	/Users/a1/data/go/gin-vue-admin/server/service/quant/meilisearch.go:565	Search completed	{"engine": "meilisearch", "total": 1000, "elapsed": 0.025015669}
[github.com/flipped-aurora/gin-vue-admin/server]2026-05-25 23:04:25.161	[34minfo[0m	/Users/a1/data/go/gin-vue-admin/server/service/quant/meilisearch.go:565	Search completed	{"engine": "meilisearch", "total": 1000, "elapsed": 0.026665783}
[github.com/flipped-aurora/gin-vue-admin/server]2026-05-25 23:04:28.207	[34minfo[0m	/Users/a1/data/go/gin-vue-admin/server/service/quant/meilisearch.go:565	Search completed	{"engine": "meilisearch", "total": 1000, "elapsed": 0.026372562}
[github.com/flipped-aurora/gin-vue-admin/server]2026-05-25 23:04:34.408	[34minfo[0m	/Users/a1/data/go/gin-vue-admin/server/service/quant/meilisearch.go:565	Search completed	{"engine": "meilisearch", "total": 1000, "elapsed": 0.032873289}
[github.com/flipped-aurora/gin-vue-admin/server]2026-05-25 23:04:57.588	[34minfo[0m	/Users/a1/data/go/gin-vue-admin/server/service/quant/meilisearch.go:565	Search completed	{"engine": "meilisearch", "total": 1000, "elapsed": 0.025705569}
[github.com/flipped-aurora/gin-vue-admin/server]2026-05-25 23:05:59.812	[34minfo[0m	/Users/a1/data/go/gin-vue-admin/server/service/quant/meilisearch.go:565	Search completed	{"engine": "meilisearch", "total": 1000, "elapsed": 0.030123978}
[github.com/flipped-aurora/gin-vue-admin/server]2026-05-25 23:06:01.157	[34minfo[0m	/Users/a1/data/go/gin-vue-admin/server/service/quant/meilisearch.go:565	Search completed	{"engine": "meilisearch", "total": 1000, "elapsed": 0.025728537}
[github.com/flipped-aurora/gin-vue-admin/server]2026-05-25 23:06:04.499	[34minfo[0m	/Users/a1/data/go/gin-vue-admin/server/service/quant/meilisearch.go:565	Search completed	{"engine": "meilisearch", "total": 1000, "elapsed": 0.033131463}
[github.com/flipped-aurora/gin-vue-admin/server]2026-05-25 23:06:13.653	[34minfo[0m	/Users/a1/data/go/gin-vue-admin/server/service/quant/meilisearch.go:565	Search completed	{"engine": "meilisearch", "total": 1000, "elapsed": 0.022474744}
