[github.com/flipped-aurora/gin-vue-admin/server]2026-07-27 12:42:36.749	[31merror[0m	/Users/a1/data/go/gin-vue-admin/server/service/quant/meilisearch.go:39	Failed to connect to Meilisearch	{"url": "http://47.108.165.155:7700", "error": "MeilisearchTimeoutError (path \"GET /indexes\" with method \"GetIndexes\"): Get \"http://47.108.165.155:7700/indexes\": dial tcp 47.108.165.155:7700: i/o timeout"}
github.com/flipped-aurora/gin-vue-admin/server/service/quant.(*MeilisearchService).InitializeMeilisearch
	/Users/a1/data/go/gin-vue-admin/server/service/quant/meilisearch.go:39
github.com/flipped-aurora/gin-vue-admin/server/initialize.InitMeilisearch
	/Users/a1/data/go/gin-vue-admin/server/initialize/meilisearch.go:14
main.initializeSystem
	/Users/a1/data/go/gin-vue-admin/server/main.go:47
main.main
	/Users/a1/data/go/gin-vue-admin/server/main.go:32
runtime.main
	/usr/local/go/src/runtime/proc.go:290
[github.com/flipped-aurora/gin-vue-admin/server]2026-07-27 12:42:36.928	[31merror[0m	/Users/a1/data/go/gin-vue-admin/server/initialize/meilisearch.go:15	Failed to initialize Meilisearch	{"error": "failed to connect to meilisearch: MeilisearchTimeoutError (path \"GET /indexes\" with method \"GetIndexes\"): Get \"http://47.108.165.155:7700/indexes\": dial tcp 47.108.165.155:7700: i/o timeout"}
github.com/flipped-aurora/gin-vue-admin/server/initialize.InitMeilisearch
	/Users/a1/data/go/gin-vue-admin/server/initialize/meilisearch.go:15
main.initializeSystem
	/Users/a1/data/go/gin-vue-admin/server/main.go:47
main.main
	/Users/a1/data/go/gin-vue-admin/server/main.go:32
runtime.main
	/usr/local/go/src/runtime/proc.go:290
[github.com/flipped-aurora/gin-vue-admin/server]2026-07-27 14:08:02.235	[31merror[0m	/Users/a1/data/go/gin-vue-admin/server/service/quant/meilisearch.go:39	Failed to connect to Meilisearch	{"url": "http://47.108.165.155:7700", "error": "MeilisearchTimeoutError (path \"GET /indexes\" with method \"GetIndexes\"): Get \"http://47.108.165.155:7700/indexes\": dial tcp 47.108.165.155:7700: i/o timeout"}
github.com/flipped-aurora/gin-vue-admin/server/service/quant.(*MeilisearchService).InitializeMeilisearch
	/Users/a1/data/go/gin-vue-admin/server/service/quant/meilisearch.go:39
github.com/flipped-aurora/gin-vue-admin/server/initialize.InitMeilisearch
	/Users/a1/data/go/gin-vue-admin/server/initialize/meilisearch.go:14
main.initializeSystem
	/Users/a1/data/go/gin-vue-admin/server/main.go:47
main.main
	/Users/a1/data/go/gin-vue-admin/server/main.go:32
runtime.main
	/usr/local/go/src/runtime/proc.go:290
[github.com/flipped-aurora/gin-vue-admin/server]2026-07-27 14:08:02.476	[31merror[0m	/Users/a1/data/go/gin-vue-admin/server/initialize/meilisearch.go:15	Failed to initialize Meilisearch	{"error": "failed to connect to meilisearch: MeilisearchTimeoutError (path \"GET /indexes\" with method \"GetIndexes\"): Get \"http://47.108.165.155:7700/indexes\": dial tcp 47.108.165.155:7700: i/o timeout"}
github.com/flipped-aurora/gin-vue-admin/server/initialize.InitMeilisearch
	/Users/a1/data/go/gin-vue-admin/server/initialize/meilisearch.go:15
main.initializeSystem
	/Users/a1/data/go/gin-vue-admin/server/main.go:47
main.main
	/Users/a1/data/go/gin-vue-admin/server/main.go:32
runtime.main
	/usr/local/go/src/runtime/proc.go:290
[github.com/flipped-aurora/gin-vue-admin/server]2026-07-27 22:50:18.511	[31merror[0m	/Users/a1/data/go/gin-vue-admin/server/service/quant/meilisearch.go:39	Failed to connect to Meilisearch	{"url": "http://47.108.165.155:7700", "error": "MeilisearchTimeoutError (path \"GET /indexes\" with method \"GetIndexes\"): Get \"http://47.108.165.155:7700/indexes\": dial tcp 47.108.165.155:7700: i/o timeout"}
github.com/flipped-aurora/gin-vue-admin/server/service/quant.(*MeilisearchService).InitializeMeilisearch
	/Users/a1/data/go/gin-vue-admin/server/service/quant/meilisearch.go:39
github.com/flipped-aurora/gin-vue-admin/server/initialize.InitMeilisearch
	/Users/a1/data/go/gin-vue-admin/server/initialize/meilisearch.go:14
main.initializeSystem
	/Users/a1/data/go/gin-vue-admin/server/main.go:47
main.main
	/Users/a1/data/go/gin-vue-admin/server/main.go:32
runtime.main
	/usr/local/go/src/runtime/proc.go:290
[github.com/flipped-aurora/gin-vue-admin/server]2026-07-27 22:50:18.723	[31merror[0m	/Users/a1/data/go/gin-vue-admin/server/initialize/meilisearch.go:15	Failed to initialize Meilisearch	{"error": "failed to connect to meilisearch: MeilisearchTimeoutError (path \"GET /indexes\" with method \"GetIndexes\"): Get \"http://47.108.165.155:7700/indexes\": dial tcp 47.108.165.155:7700: i/o timeout"}
github.com/flipped-aurora/gin-vue-admin/server/initialize.InitMeilisearch
	/Users/a1/data/go/gin-vue-admin/server/initialize/meilisearch.go:15
main.initializeSystem
	/Users/a1/data/go/gin-vue-admin/server/main.go:47
main.main
	/Users/a1/data/go/gin-vue-admin/server/main.go:32
runtime.main
	/usr/local/go/src/runtime/proc.go:290
[github.com/flipped-aurora/gin-vue-admin/server]2026-07-27 23:03:34.818	[31merror[0m	/Users/a1/data/go/gin-vue-admin/server/service/quant/meilisearch.go:39	Failed to connect to Meilisearch	{"url": "http://47.108.165.155:7700", "error": "MeilisearchTimeoutError (path \"GET /indexes\" with method \"GetIndexes\"): Get \"http://47.108.165.155:7700/indexes\": dial tcp 47.108.165.155:7700: i/o timeout"}
github.com/flipped-aurora/gin-vue-admin/server/service/quant.(*MeilisearchService).InitializeMeilisearch
	/Users/a1/data/go/gin-vue-admin/server/service/quant/meilisearch.go:39
github.com/flipped-aurora/gin-vue-admin/server/initialize.InitMeilisearch
	/Users/a1/data/go/gin-vue-admin/server/initialize/meilisearch.go:14
main.initializeSystem
	/Users/a1/data/go/gin-vue-admin/server/main.go:47
main.main
	/Users/a1/data/go/gin-vue-admin/server/main.go:32
runtime.main
	/usr/local/go/src/runtime/proc.go:290
[github.com/flipped-aurora/gin-vue-admin/server]2026-07-27 23:03:34.998	[31merror[0m	/Users/a1/data/go/gin-vue-admin/server/initialize/meilisearch.go:15	Failed to initialize Meilisearch	{"error": "failed to connect to meilisearch: MeilisearchTimeoutError (path \"GET /indexes\" with method \"GetIndexes\"): Get \"http://47.108.165.155:7700/indexes\": dial tcp 47.108.165.155:7700: i/o timeout"}
github.com/flipped-aurora/gin-vue-admin/server/initialize.InitMeilisearch
	/Users/a1/data/go/gin-vue-admin/server/initialize/meilisearch.go:15
main.initializeSystem
	/Users/a1/data/go/gin-vue-admin/server/main.go:47
main.main
	/Users/a1/data/go/gin-vue-admin/server/main.go:32
runtime.main
	/usr/local/go/src/runtime/proc.go:290
[github.com/flipped-aurora/gin-vue-admin/server]2026-07-27 23:07:02.828	[31merror[0m	/Users/a1/data/go/gin-vue-admin/server/service/quant/meilisearch.go:39	Failed to connect to Meilisearch	{"url": "http://47.108.165.155:7700", "error": "MeilisearchTimeoutError (path \"GET /indexes\" with method \"GetIndexes\"): Get \"http://47.108.165.155:7700/indexes\": dial tcp 47.108.165.155:7700: i/o timeout"}
github.com/flipped-aurora/gin-vue-admin/server/service/quant.(*MeilisearchService).InitializeMeilisearch
	/Users/a1/data/go/gin-vue-admin/server/service/quant/meilisearch.go:39
github.com/flipped-aurora/gin-vue-admin/server/initialize.InitMeilisearch
	/Users/a1/data/go/gin-vue-admin/server/initialize/meilisearch.go:14
main.initializeSystem
	/Users/a1/data/go/gin-vue-admin/server/main.go:47
main.main
	/Users/a1/data/go/gin-vue-admin/server/main.go:32
runtime.main
	/usr/local/go/src/runtime/proc.go:290
[github.com/flipped-aurora/gin-vue-admin/server]2026-07-27 23:07:03.033	[31merror[0m	/Users/a1/data/go/gin-vue-admin/server/initialize/meilisearch.go:15	Failed to initialize Meilisearch	{"error": "failed to connect to meilisearch: MeilisearchTimeoutError (path \"GET /indexes\" with method \"GetIndexes\"): Get \"http://47.108.165.155:7700/indexes\": dial tcp 47.108.165.155:7700: i/o timeout"}
github.com/flipped-aurora/gin-vue-admin/server/initialize.InitMeilisearch
	/Users/a1/data/go/gin-vue-admin/server/initialize/meilisearch.go:15
main.initializeSystem
	/Users/a1/data/go/gin-vue-admin/server/main.go:47
main.main
	/Users/a1/data/go/gin-vue-admin/server/main.go:32
runtime.main
	/usr/local/go/src/runtime/proc.go:290
[github.com/flipped-aurora/gin-vue-admin/server]2026-07-27 23:09:59.216	[31merror[0m	/Users/a1/data/go/gin-vue-admin/server/service/quant/meilisearch.go:39	Failed to connect to Meilisearch	{"url": "http://47.108.165.155:7700", "error": "MeilisearchTimeoutError (path \"GET /indexes\" with method \"GetIndexes\"): Get \"http://47.108.165.155:7700/indexes\": dial tcp 47.108.165.155:7700: i/o timeout"}
github.com/flipped-aurora/gin-vue-admin/server/service/quant.(*MeilisearchService).InitializeMeilisearch
	/Users/a1/data/go/gin-vue-admin/server/service/quant/meilisearch.go:39
github.com/flipped-aurora/gin-vue-admin/server/initialize.InitMeilisearch
	/Users/a1/data/go/gin-vue-admin/server/initialize/meilisearch.go:14
main.initializeSystem
	/Users/a1/data/go/gin-vue-admin/server/main.go:47
main.main
	/Users/a1/data/go/gin-vue-admin/server/main.go:32
runtime.main
	/usr/local/go/src/runtime/proc.go:290
[github.com/flipped-aurora/gin-vue-admin/server]2026-07-27 23:09:59.393	[31merror[0m	/Users/a1/data/go/gin-vue-admin/server/initialize/meilisearch.go:15	Failed to initialize Meilisearch	{"error": "failed to connect to meilisearch: MeilisearchTimeoutError (path \"GET /indexes\" with method \"GetIndexes\"): Get \"http://47.108.165.155:7700/indexes\": dial tcp 47.108.165.155:7700: i/o timeout"}
github.com/flipped-aurora/gin-vue-admin/server/initialize.InitMeilisearch
	/Users/a1/data/go/gin-vue-admin/server/initialize/meilisearch.go:15
main.initializeSystem
	/Users/a1/data/go/gin-vue-admin/server/main.go:47
main.main
	/Users/a1/data/go/gin-vue-admin/server/main.go:32
runtime.main
	/usr/local/go/src/runtime/proc.go:290
[github.com/flipped-aurora/gin-vue-admin/server]2026-07-27 23:19:18.746	[31merror[0m	/Users/a1/data/go/gin-vue-admin/server/service/quant/meilisearch.go:39	Failed to connect to Meilisearch	{"url": "http://47.108.165.155:7700", "error": "MeilisearchTimeoutError (path \"GET /indexes\" with method \"GetIndexes\"): Get \"http://47.108.165.155:7700/indexes\": dial tcp 47.108.165.155:7700: i/o timeout"}
github.com/flipped-aurora/gin-vue-admin/server/service/quant.(*MeilisearchService).InitializeMeilisearch
	/Users/a1/data/go/gin-vue-admin/server/service/quant/meilisearch.go:39
github.com/flipped-aurora/gin-vue-admin/server/initialize.InitMeilisearch
	/Users/a1/data/go/gin-vue-admin/server/initialize/meilisearch.go:14
main.initializeSystem
	/Users/a1/data/go/gin-vue-admin/server/main.go:47
main.main
	/Users/a1/data/go/gin-vue-admin/server/main.go:32
runtime.main
	/usr/local/go/src/runtime/proc.go:290
[github.com/flipped-aurora/gin-vue-admin/server]2026-07-27 23:19:18.921	[31merror[0m	/Users/a1/data/go/gin-vue-admin/server/initialize/meilisearch.go:15	Failed to initialize Meilisearch	{"error": "failed to connect to meilisearch: MeilisearchTimeoutError (path \"GET /indexes\" with method \"GetIndexes\"): Get \"http://47.108.165.155:7700/indexes\": dial tcp 47.108.165.155:7700: i/o timeout"}
github.com/flipped-aurora/gin-vue-admin/server/initialize.InitMeilisearch
	/Users/a1/data/go/gin-vue-admin/server/initialize/meilisearch.go:15
main.initializeSystem
	/Users/a1/data/go/gin-vue-admin/server/main.go:47
main.main
	/Users/a1/data/go/gin-vue-admin/server/main.go:32
runtime.main
	/usr/local/go/src/runtime/proc.go:290
[github.com/flipped-aurora/gin-vue-admin/server]2026-07-27 23:28:19.849	[31merror[0m	/Users/a1/data/go/gin-vue-admin/server/service/quant/meilisearch.go:39	Failed to connect to Meilisearch	{"url": "http://47.108.165.155:7700", "error": "MeilisearchTimeoutError (path \"GET /indexes\" with method \"GetIndexes\"): Get \"http://47.108.165.155:7700/indexes\": dial tcp 47.108.165.155:7700: i/o timeout"}
github.com/flipped-aurora/gin-vue-admin/server/service/quant.(*MeilisearchService).InitializeMeilisearch
	/Users/a1/data/go/gin-vue-admin/server/service/quant/meilisearch.go:39
github.com/flipped-aurora/gin-vue-admin/server/initialize.InitMeilisearch
	/Users/a1/data/go/gin-vue-admin/server/initialize/meilisearch.go:14
main.initializeSystem
	/Users/a1/data/go/gin-vue-admin/server/main.go:47
main.main
	/Users/a1/data/go/gin-vue-admin/server/main.go:32
runtime.main
	/usr/local/go/src/runtime/proc.go:290
[github.com/flipped-aurora/gin-vue-admin/server]2026-07-27 23:28:20.034	[31merror[0m	/Users/a1/data/go/gin-vue-admin/server/initialize/meilisearch.go:15	Failed to initialize Meilisearch	{"error": "failed to connect to meilisearch: MeilisearchTimeoutError (path \"GET /indexes\" with method \"GetIndexes\"): Get \"http://47.108.165.155:7700/indexes\": dial tcp 47.108.165.155:7700: i/o timeout"}
github.com/flipped-aurora/gin-vue-admin/server/initialize.InitMeilisearch
	/Users/a1/data/go/gin-vue-admin/server/initialize/meilisearch.go:15
main.initializeSystem
	/Users/a1/data/go/gin-vue-admin/server/main.go:47
main.main
	/Users/a1/data/go/gin-vue-admin/server/main.go:32
runtime.main
	/usr/local/go/src/runtime/proc.go:290
[github.com/flipped-aurora/gin-vue-admin/server]2026-07-27 23:49:46.554	[31merror[0m	/Users/a1/data/go/gin-vue-admin/server/api/v1/quant/theme.go:158	获取失败!	{"error": "Error 1054 (42S22): Unknown column 'addon_quant_theme.deleted_at' in 'where clause'"}
github.com/flipped-aurora/gin-vue-admin/server/api/v1/quant.(*ThemeApi).GetThemeList
	/Users/a1/data/go/gin-vue-admin/server/api/v1/quant/theme.go:158
github.com/gin-gonic/gin.(*Context).Next
	/Users/a1/go/pkg/mod/github.com/gin-gonic/gin@v1.10.0/context.go:185
github.com/flipped-aurora/gin-vue-admin/server/initialize.Routers.CasbinHandler.func4
	/Users/a1/data/go/gin-vue-admin/server/middleware/casbin_rbac.go:30
github.com/gin-gonic/gin.(*Context).Next
	/Users/a1/go/pkg/mod/github.com/gin-gonic/gin@v1.10.0/context.go:185
github.com/flipped-aurora/gin-vue-admin/server/initialize.Routers.JWTAuth.func3
	/Users/a1/data/go/gin-vue-admin/server/middleware/jwt.go:69
github.com/gin-gonic/gin.(*Context).Next
	/Users/a1/go/pkg/mod/github.com/gin-gonic/gin@v1.10.0/context.go:185
github.com/gin-gonic/gin.LoggerWithConfig.func1
	/Users/a1/go/pkg/mod/github.com/gin-gonic/gin@v1.10.0/logger.go:249
github.com/gin-gonic/gin.(*Context).Next
	/Users/a1/go/pkg/mod/github.com/gin-gonic/gin@v1.10.0/context.go:185
github.com/flipped-aurora/gin-vue-admin/server/initialize.Routers.GinRecovery.func2
	/Users/a1/data/go/gin-vue-admin/server/middleware/error.go:78
github.com/gin-gonic/gin.(*Context).Next
	/Users/a1/go/pkg/mod/github.com/gin-gonic/gin@v1.10.0/context.go:185
github.com/gin-gonic/gin.(*Engine).handleHTTPRequest
	/Users/a1/go/pkg/mod/github.com/gin-gonic/gin@v1.10.0/gin.go:633
github.com/gin-gonic/gin.(*Engine).ServeHTTP
	/Users/a1/go/pkg/mod/github.com/gin-gonic/gin@v1.10.0/gin.go:589
net/http.serverHandler.ServeHTTP
	/usr/local/go/src/net/http/server.go:3311
net/http.(*conn).serve
	/usr/local/go/src/net/http/server.go:2073
[github.com/flipped-aurora/gin-vue-admin/server]2026-07-27 23:49:51.535	[31merror[0m	/Users/a1/data/go/gin-vue-admin/server/api/v1/quant/theme.go:158	获取失败!	{"error": "Error 1054 (42S22): Unknown column 'addon_quant_theme.deleted_at' in 'where clause'"}
github.com/flipped-aurora/gin-vue-admin/server/api/v1/quant.(*ThemeApi).GetThemeList
	/Users/a1/data/go/gin-vue-admin/server/api/v1/quant/theme.go:158
github.com/gin-gonic/gin.(*Context).Next
	/Users/a1/go/pkg/mod/github.com/gin-gonic/gin@v1.10.0/context.go:185
github.com/flipped-aurora/gin-vue-admin/server/initialize.Routers.CasbinHandler.func4
	/Users/a1/data/go/gin-vue-admin/server/middleware/casbin_rbac.go:30
github.com/gin-gonic/gin.(*Context).Next
	/Users/a1/go/pkg/mod/github.com/gin-gonic/gin@v1.10.0/context.go:185
github.com/flipped-aurora/gin-vue-admin/server/initialize.Routers.JWTAuth.func3
	/Users/a1/data/go/gin-vue-admin/server/middleware/jwt.go:69
github.com/gin-gonic/gin.(*Context).Next
	/Users/a1/go/pkg/mod/github.com/gin-gonic/gin@v1.10.0/context.go:185
github.com/gin-gonic/gin.LoggerWithConfig.func1
	/Users/a1/go/pkg/mod/github.com/gin-gonic/gin@v1.10.0/logger.go:249
github.com/gin-gonic/gin.(*Context).Next
	/Users/a1/go/pkg/mod/github.com/gin-gonic/gin@v1.10.0/context.go:185
github.com/flipped-aurora/gin-vue-admin/server/initialize.Routers.GinRecovery.func2
	/Users/a1/data/go/gin-vue-admin/server/middleware/error.go:78
github.com/gin-gonic/gin.(*Context).Next
	/Users/a1/go/pkg/mod/github.com/gin-gonic/gin@v1.10.0/context.go:185
github.com/gin-gonic/gin.(*Engine).handleHTTPRequest
	/Users/a1/go/pkg/mod/github.com/gin-gonic/gin@v1.10.0/gin.go:633
github.com/gin-gonic/gin.(*Engine).ServeHTTP
	/Users/a1/go/pkg/mod/github.com/gin-gonic/gin@v1.10.0/gin.go:589
net/http.serverHandler.ServeHTTP
	/usr/local/go/src/net/http/server.go:3311
net/http.(*conn).serve
	/usr/local/go/src/net/http/server.go:2073
[github.com/flipped-aurora/gin-vue-admin/server]2026-07-27 23:49:59.311	[31merror[0m	/Users/a1/data/go/gin-vue-admin/server/api/v1/quant/theme.go:158	获取失败!	{"error": "Error 1054 (42S22): Unknown column 'addon_quant_theme.deleted_at' in 'where clause'"}
github.com/flipped-aurora/gin-vue-admin/server/api/v1/quant.(*ThemeApi).GetThemeList
	/Users/a1/data/go/gin-vue-admin/server/api/v1/quant/theme.go:158
github.com/gin-gonic/gin.(*Context).Next
	/Users/a1/go/pkg/mod/github.com/gin-gonic/gin@v1.10.0/context.go:185
github.com/flipped-aurora/gin-vue-admin/server/initialize.Routers.CasbinHandler.func4
	/Users/a1/data/go/gin-vue-admin/server/middleware/casbin_rbac.go:30
github.com/gin-gonic/gin.(*Context).Next
	/Users/a1/go/pkg/mod/github.com/gin-gonic/gin@v1.10.0/context.go:185
github.com/flipped-aurora/gin-vue-admin/server/initialize.Routers.JWTAuth.func3
	/Users/a1/data/go/gin-vue-admin/server/middleware/jwt.go:69
github.com/gin-gonic/gin.(*Context).Next
	/Users/a1/go/pkg/mod/github.com/gin-gonic/gin@v1.10.0/context.go:185
github.com/gin-gonic/gin.LoggerWithConfig.func1
	/Users/a1/go/pkg/mod/github.com/gin-gonic/gin@v1.10.0/logger.go:249
github.com/gin-gonic/gin.(*Context).Next
	/Users/a1/go/pkg/mod/github.com/gin-gonic/gin@v1.10.0/context.go:185
github.com/flipped-aurora/gin-vue-admin/server/initialize.Routers.GinRecovery.func2
	/Users/a1/data/go/gin-vue-admin/server/middleware/error.go:78
github.com/gin-gonic/gin.(*Context).Next
	/Users/a1/go/pkg/mod/github.com/gin-gonic/gin@v1.10.0/context.go:185
github.com/gin-gonic/gin.(*Engine).handleHTTPRequest
	/Users/a1/go/pkg/mod/github.com/gin-gonic/gin@v1.10.0/gin.go:633
github.com/gin-gonic/gin.(*Engine).ServeHTTP
	/Users/a1/go/pkg/mod/github.com/gin-gonic/gin@v1.10.0/gin.go:589
net/http.serverHandler.ServeHTTP
	/usr/local/go/src/net/http/server.go:3311
net/http.(*conn).serve
	/usr/local/go/src/net/http/server.go:2073
[github.com/flipped-aurora/gin-vue-admin/server]2026-07-27 23:50:04.734	[31merror[0m	/Users/a1/data/go/gin-vue-admin/server/api/v1/quant/theme.go:158	获取失败!	{"error": "Error 1054 (42S22): Unknown column 'addon_quant_theme.deleted_at' in 'where clause'"}
github.com/flipped-aurora/gin-vue-admin/server/api/v1/quant.(*ThemeApi).GetThemeList
	/Users/a1/data/go/gin-vue-admin/server/api/v1/quant/theme.go:158
github.com/gin-gonic/gin.(*Context).Next
	/Users/a1/go/pkg/mod/github.com/gin-gonic/gin@v1.10.0/context.go:185
github.com/flipped-aurora/gin-vue-admin/server/initialize.Routers.CasbinHandler.func4
	/Users/a1/data/go/gin-vue-admin/server/middleware/casbin_rbac.go:30
github.com/gin-gonic/gin.(*Context).Next
	/Users/a1/go/pkg/mod/github.com/gin-gonic/gin@v1.10.0/context.go:185
github.com/flipped-aurora/gin-vue-admin/server/initialize.Routers.JWTAuth.func3
	/Users/a1/data/go/gin-vue-admin/server/middleware/jwt.go:69
github.com/gin-gonic/gin.(*Context).Next
	/Users/a1/go/pkg/mod/github.com/gin-gonic/gin@v1.10.0/context.go:185
github.com/gin-gonic/gin.LoggerWithConfig.func1
	/Users/a1/go/pkg/mod/github.com/gin-gonic/gin@v1.10.0/logger.go:249
github.com/gin-gonic/gin.(*Context).Next
	/Users/a1/go/pkg/mod/github.com/gin-gonic/gin@v1.10.0/context.go:185
github.com/flipped-aurora/gin-vue-admin/server/initialize.Routers.GinRecovery.func2
	/Users/a1/data/go/gin-vue-admin/server/middleware/error.go:78
github.com/gin-gonic/gin.(*Context).Next
	/Users/a1/go/pkg/mod/github.com/gin-gonic/gin@v1.10.0/context.go:185
github.com/gin-gonic/gin.(*Engine).handleHTTPRequest
	/Users/a1/go/pkg/mod/github.com/gin-gonic/gin@v1.10.0/gin.go:633
github.com/gin-gonic/gin.(*Engine).ServeHTTP
	/Users/a1/go/pkg/mod/github.com/gin-gonic/gin@v1.10.0/gin.go:589
net/http.serverHandler.ServeHTTP
	/usr/local/go/src/net/http/server.go:3311
net/http.(*conn).serve
	/usr/local/go/src/net/http/server.go:2073
[github.com/flipped-aurora/gin-vue-admin/server]2026-07-27 23:53:51.178	[31merror[0m	/Users/a1/data/go/gin-vue-admin/server/api/v1/quant/theme.go:158	获取失败!	{"error": "Error 1054 (42S22): Unknown column 'addon_quant_theme.deleted_at' in 'where clause'"}
github.com/flipped-aurora/gin-vue-admin/server/api/v1/quant.(*ThemeApi).GetThemeList
	/Users/a1/data/go/gin-vue-admin/server/api/v1/quant/theme.go:158
github.com/gin-gonic/gin.(*Context).Next
	/Users/a1/go/pkg/mod/github.com/gin-gonic/gin@v1.10.0/context.go:185
github.com/flipped-aurora/gin-vue-admin/server/initialize.Routers.CasbinHandler.func4
	/Users/a1/data/go/gin-vue-admin/server/middleware/casbin_rbac.go:30
github.com/gin-gonic/gin.(*Context).Next
	/Users/a1/go/pkg/mod/github.com/gin-gonic/gin@v1.10.0/context.go:185
github.com/flipped-aurora/gin-vue-admin/server/initialize.Routers.JWTAuth.func3
	/Users/a1/data/go/gin-vue-admin/server/middleware/jwt.go:69
github.com/gin-gonic/gin.(*Context).Next
	/Users/a1/go/pkg/mod/github.com/gin-gonic/gin@v1.10.0/context.go:185
github.com/gin-gonic/gin.LoggerWithConfig.func1
	/Users/a1/go/pkg/mod/github.com/gin-gonic/gin@v1.10.0/logger.go:249
github.com/gin-gonic/gin.(*Context).Next
	/Users/a1/go/pkg/mod/github.com/gin-gonic/gin@v1.10.0/context.go:185
github.com/flipped-aurora/gin-vue-admin/server/initialize.Routers.GinRecovery.func2
	/Users/a1/data/go/gin-vue-admin/server/middleware/error.go:78
github.com/gin-gonic/gin.(*Context).Next
	/Users/a1/go/pkg/mod/github.com/gin-gonic/gin@v1.10.0/context.go:185
github.com/gin-gonic/gin.(*Engine).handleHTTPRequest
	/Users/a1/go/pkg/mod/github.com/gin-gonic/gin@v1.10.0/gin.go:633
github.com/gin-gonic/gin.(*Engine).ServeHTTP
	/Users/a1/go/pkg/mod/github.com/gin-gonic/gin@v1.10.0/gin.go:589
net/http.serverHandler.ServeHTTP
	/usr/local/go/src/net/http/server.go:3311
net/http.(*conn).serve
	/usr/local/go/src/net/http/server.go:2073
[github.com/flipped-aurora/gin-vue-admin/server]2026-07-27 23:55:44.258	[31merror[0m	/Users/a1/data/go/gin-vue-admin/server/service/quant/meilisearch.go:39	Failed to connect to Meilisearch	{"url": "http://47.108.165.155:7700", "error": "MeilisearchTimeoutError (path \"GET /indexes\" with method \"GetIndexes\"): Get \"http://47.108.165.155:7700/indexes\": dial tcp 47.108.165.155:7700: i/o timeout"}
github.com/flipped-aurora/gin-vue-admin/server/service/quant.(*MeilisearchService).InitializeMeilisearch
	/Users/a1/data/go/gin-vue-admin/server/service/quant/meilisearch.go:39
github.com/flipped-aurora/gin-vue-admin/server/initialize.InitMeilisearch
	/Users/a1/data/go/gin-vue-admin/server/initialize/meilisearch.go:14
main.initializeSystem
	/Users/a1/data/go/gin-vue-admin/server/main.go:47
main.main
	/Users/a1/data/go/gin-vue-admin/server/main.go:32
runtime.main
	/usr/local/go/src/runtime/proc.go:290
[github.com/flipped-aurora/gin-vue-admin/server]2026-07-27 23:55:44.452	[31merror[0m	/Users/a1/data/go/gin-vue-admin/server/initialize/meilisearch.go:15	Failed to initialize Meilisearch	{"error": "failed to connect to meilisearch: MeilisearchTimeoutError (path \"GET /indexes\" with method \"GetIndexes\"): Get \"http://47.108.165.155:7700/indexes\": dial tcp 47.108.165.155:7700: i/o timeout"}
github.com/flipped-aurora/gin-vue-admin/server/initialize.InitMeilisearch
	/Users/a1/data/go/gin-vue-admin/server/initialize/meilisearch.go:15
main.initializeSystem
	/Users/a1/data/go/gin-vue-admin/server/main.go:47
main.main
	/Users/a1/data/go/gin-vue-admin/server/main.go:32
runtime.main
	/usr/local/go/src/runtime/proc.go:290
[github.com/flipped-aurora/gin-vue-admin/server]2026-07-27 23:57:57.567	[31merror[0m	/Users/a1/data/go/gin-vue-admin/server/api/v1/quant/theme.go:158	获取失败!	{"error": "Error 1054 (42S22): Unknown column 'addon_quant_theme.deleted_at' in 'where clause'"}
github.com/flipped-aurora/gin-vue-admin/server/api/v1/quant.(*ThemeApi).GetThemeList
	/Users/a1/data/go/gin-vue-admin/server/api/v1/quant/theme.go:158
github.com/gin-gonic/gin.(*Context).Next
	/Users/a1/go/pkg/mod/github.com/gin-gonic/gin@v1.10.0/context.go:185
github.com/flipped-aurora/gin-vue-admin/server/initialize.Routers.CasbinHandler.func4
	/Users/a1/data/go/gin-vue-admin/server/middleware/casbin_rbac.go:30
github.com/gin-gonic/gin.(*Context).Next
	/Users/a1/go/pkg/mod/github.com/gin-gonic/gin@v1.10.0/context.go:185
github.com/flipped-aurora/gin-vue-admin/server/initialize.Routers.JWTAuth.func3
	/Users/a1/data/go/gin-vue-admin/server/middleware/jwt.go:69
github.com/gin-gonic/gin.(*Context).Next
	/Users/a1/go/pkg/mod/github.com/gin-gonic/gin@v1.10.0/context.go:185
github.com/gin-gonic/gin.LoggerWithConfig.func1
	/Users/a1/go/pkg/mod/github.com/gin-gonic/gin@v1.10.0/logger.go:249
github.com/gin-gonic/gin.(*Context).Next
	/Users/a1/go/pkg/mod/github.com/gin-gonic/gin@v1.10.0/context.go:185
github.com/flipped-aurora/gin-vue-admin/server/initialize.Routers.GinRecovery.func2
	/Users/a1/data/go/gin-vue-admin/server/middleware/error.go:78
github.com/gin-gonic/gin.(*Context).Next
	/Users/a1/go/pkg/mod/github.com/gin-gonic/gin@v1.10.0/context.go:185
github.com/gin-gonic/gin.(*Engine).handleHTTPRequest
	/Users/a1/go/pkg/mod/github.com/gin-gonic/gin@v1.10.0/gin.go:633
github.com/gin-gonic/gin.(*Engine).ServeHTTP
	/Users/a1/go/pkg/mod/github.com/gin-gonic/gin@v1.10.0/gin.go:589
net/http.serverHandler.ServeHTTP
	/usr/local/go/src/net/http/server.go:3311
net/http.(*conn).serve
	/usr/local/go/src/net/http/server.go:2073
[github.com/flipped-aurora/gin-vue-admin/server]2026-07-27 23:57:57.913	[31merror[0m	/Users/a1/data/go/gin-vue-admin/server/api/v1/quant/theme.go:158	获取失败!	{"error": "Error 1054 (42S22): Unknown column 'addon_quant_theme.deleted_at' in 'where clause'"}
github.com/flipped-aurora/gin-vue-admin/server/api/v1/quant.(*ThemeApi).GetThemeList
	/Users/a1/data/go/gin-vue-admin/server/api/v1/quant/theme.go:158
github.com/gin-gonic/gin.(*Context).Next
	/Users/a1/go/pkg/mod/github.com/gin-gonic/gin@v1.10.0/context.go:185
github.com/flipped-aurora/gin-vue-admin/server/initialize.Routers.CasbinHandler.func4
	/Users/a1/data/go/gin-vue-admin/server/middleware/casbin_rbac.go:30
github.com/gin-gonic/gin.(*Context).Next
	/Users/a1/go/pkg/mod/github.com/gin-gonic/gin@v1.10.0/context.go:185
github.com/flipped-aurora/gin-vue-admin/server/initialize.Routers.JWTAuth.func3
	/Users/a1/data/go/gin-vue-admin/server/middleware/jwt.go:69
github.com/gin-gonic/gin.(*Context).Next
	/Users/a1/go/pkg/mod/github.com/gin-gonic/gin@v1.10.0/context.go:185
github.com/gin-gonic/gin.LoggerWithConfig.func1
	/Users/a1/go/pkg/mod/github.com/gin-gonic/gin@v1.10.0/logger.go:249
github.com/gin-gonic/gin.(*Context).Next
	/Users/a1/go/pkg/mod/github.com/gin-gonic/gin@v1.10.0/context.go:185
github.com/flipped-aurora/gin-vue-admin/server/initialize.Routers.GinRecovery.func2
	/Users/a1/data/go/gin-vue-admin/server/middleware/error.go:78
github.com/gin-gonic/gin.(*Context).Next
	/Users/a1/go/pkg/mod/github.com/gin-gonic/gin@v1.10.0/context.go:185
github.com/gin-gonic/gin.(*Engine).handleHTTPRequest
	/Users/a1/go/pkg/mod/github.com/gin-gonic/gin@v1.10.0/gin.go:633
github.com/gin-gonic/gin.(*Engine).ServeHTTP
	/Users/a1/go/pkg/mod/github.com/gin-gonic/gin@v1.10.0/gin.go:589
net/http.serverHandler.ServeHTTP
	/usr/local/go/src/net/http/server.go:3311
net/http.(*conn).serve
	/usr/local/go/src/net/http/server.go:2073
[github.com/flipped-aurora/gin-vue-admin/server]2026-07-27 23:58:02.282	[31merror[0m	/Users/a1/data/go/gin-vue-admin/server/api/v1/quant/theme.go:158	获取失败!	{"error": "Error 1054 (42S22): Unknown column 'addon_quant_theme.deleted_at' in 'where clause'"}
github.com/flipped-aurora/gin-vue-admin/server/api/v1/quant.(*ThemeApi).GetThemeList
	/Users/a1/data/go/gin-vue-admin/server/api/v1/quant/theme.go:158
github.com/gin-gonic/gin.(*Context).Next
	/Users/a1/go/pkg/mod/github.com/gin-gonic/gin@v1.10.0/context.go:185
github.com/flipped-aurora/gin-vue-admin/server/initialize.Routers.CasbinHandler.func4
	/Users/a1/data/go/gin-vue-admin/server/middleware/casbin_rbac.go:30
github.com/gin-gonic/gin.(*Context).Next
	/Users/a1/go/pkg/mod/github.com/gin-gonic/gin@v1.10.0/context.go:185
github.com/flipped-aurora/gin-vue-admin/server/initialize.Routers.JWTAuth.func3
	/Users/a1/data/go/gin-vue-admin/server/middleware/jwt.go:69
github.com/gin-gonic/gin.(*Context).Next
	/Users/a1/go/pkg/mod/github.com/gin-gonic/gin@v1.10.0/context.go:185
github.com/gin-gonic/gin.LoggerWithConfig.func1
	/Users/a1/go/pkg/mod/github.com/gin-gonic/gin@v1.10.0/logger.go:249
github.com/gin-gonic/gin.(*Context).Next
	/Users/a1/go/pkg/mod/github.com/gin-gonic/gin@v1.10.0/context.go:185
github.com/flipped-aurora/gin-vue-admin/server/initialize.Routers.GinRecovery.func2
	/Users/a1/data/go/gin-vue-admin/server/middleware/error.go:78
github.com/gin-gonic/gin.(*Context).Next
	/Users/a1/go/pkg/mod/github.com/gin-gonic/gin@v1.10.0/context.go:185
github.com/gin-gonic/gin.(*Engine).handleHTTPRequest
	/Users/a1/go/pkg/mod/github.com/gin-gonic/gin@v1.10.0/gin.go:633
github.com/gin-gonic/gin.(*Engine).ServeHTTP
	/Users/a1/go/pkg/mod/github.com/gin-gonic/gin@v1.10.0/gin.go:589
net/http.serverHandler.ServeHTTP
	/usr/local/go/src/net/http/server.go:3311
net/http.(*conn).serve
	/usr/local/go/src/net/http/server.go:2073
[github.com/flipped-aurora/gin-vue-admin/server]2026-07-27 23:58:18.212	[31merror[0m	/Users/a1/data/go/gin-vue-admin/server/api/v1/quant/theme.go:158	获取失败!	{"error": "Error 1054 (42S22): Unknown column 'addon_quant_theme.deleted_at' in 'where clause'"}
github.com/flipped-aurora/gin-vue-admin/server/api/v1/quant.(*ThemeApi).GetThemeList
	/Users/a1/data/go/gin-vue-admin/server/api/v1/quant/theme.go:158
github.com/gin-gonic/gin.(*Context).Next
	/Users/a1/go/pkg/mod/github.com/gin-gonic/gin@v1.10.0/context.go:185
github.com/flipped-aurora/gin-vue-admin/server/initialize.Routers.CasbinHandler.func4
	/Users/a1/data/go/gin-vue-admin/server/middleware/casbin_rbac.go:30
github.com/gin-gonic/gin.(*Context).Next
	/Users/a1/go/pkg/mod/github.com/gin-gonic/gin@v1.10.0/context.go:185
github.com/flipped-aurora/gin-vue-admin/server/initialize.Routers.JWTAuth.func3
	/Users/a1/data/go/gin-vue-admin/server/middleware/jwt.go:69
github.com/gin-gonic/gin.(*Context).Next
	/Users/a1/go/pkg/mod/github.com/gin-gonic/gin@v1.10.0/context.go:185
github.com/gin-gonic/gin.LoggerWithConfig.func1
	/Users/a1/go/pkg/mod/github.com/gin-gonic/gin@v1.10.0/logger.go:249
github.com/gin-gonic/gin.(*Context).Next
	/Users/a1/go/pkg/mod/github.com/gin-gonic/gin@v1.10.0/context.go:185
github.com/flipped-aurora/gin-vue-admin/server/initialize.Routers.GinRecovery.func2
	/Users/a1/data/go/gin-vue-admin/server/middleware/error.go:78
github.com/gin-gonic/gin.(*Context).Next
	/Users/a1/go/pkg/mod/github.com/gin-gonic/gin@v1.10.0/context.go:185
github.com/gin-gonic/gin.(*Engine).handleHTTPRequest
	/Users/a1/go/pkg/mod/github.com/gin-gonic/gin@v1.10.0/gin.go:633
github.com/gin-gonic/gin.(*Engine).ServeHTTP
	/Users/a1/go/pkg/mod/github.com/gin-gonic/gin@v1.10.0/gin.go:589
net/http.serverHandler.ServeHTTP
	/usr/local/go/src/net/http/server.go:3311
net/http.(*conn).serve
	/usr/local/go/src/net/http/server.go:2073
[github.com/flipped-aurora/gin-vue-admin/server]2026-07-27 23:59:00.668	[31merror[0m	/Users/a1/data/go/gin-vue-admin/server/service/quant/meilisearch.go:39	Failed to connect to Meilisearch	{"url": "http://47.108.165.155:7700", "error": "MeilisearchTimeoutError (path \"GET /indexes\" with method \"GetIndexes\"): Get \"http://47.108.165.155:7700/indexes\": dial tcp 47.108.165.155:7700: i/o timeout"}
github.com/flipped-aurora/gin-vue-admin/server/service/quant.(*MeilisearchService).InitializeMeilisearch
	/Users/a1/data/go/gin-vue-admin/server/service/quant/meilisearch.go:39
github.com/flipped-aurora/gin-vue-admin/server/initialize.InitMeilisearch
	/Users/a1/data/go/gin-vue-admin/server/initialize/meilisearch.go:14
main.initializeSystem
	/Users/a1/data/go/gin-vue-admin/server/main.go:47
main.main
	/Users/a1/data/go/gin-vue-admin/server/main.go:32
runtime.main
	/usr/local/go/src/runtime/proc.go:290
[github.com/flipped-aurora/gin-vue-admin/server]2026-07-27 23:59:00.831	[31merror[0m	/Users/a1/data/go/gin-vue-admin/server/initialize/meilisearch.go:15	Failed to initialize Meilisearch	{"error": "failed to connect to meilisearch: MeilisearchTimeoutError (path \"GET /indexes\" with method \"GetIndexes\"): Get \"http://47.108.165.155:7700/indexes\": dial tcp 47.108.165.155:7700: i/o timeout"}
github.com/flipped-aurora/gin-vue-admin/server/initialize.InitMeilisearch
	/Users/a1/data/go/gin-vue-admin/server/initialize/meilisearch.go:15
main.initializeSystem
	/Users/a1/data/go/gin-vue-admin/server/main.go:47
main.main
	/Users/a1/data/go/gin-vue-admin/server/main.go:32
runtime.main
	/usr/local/go/src/runtime/proc.go:290
