[github.com/flipped-aurora/gin-vue-admin/server]2026-08-02 00:00:24.049	[34minfo[0m	/Users/a1/data/go/gin-vue-admin/server/service/quant/meilisearch.go:45	Meilisearch client initialized successfully	{"url": "http://119.29.82.70:7700"}
[github.com/flipped-aurora/gin-vue-admin/server]2026-08-02 00:00:24.208	[34minfo[0m	/Users/a1/data/go/gin-vue-admin/server/service/quant/meilisearch.go:88	News index created and configured successfully	{"index": "news"}
[github.com/flipped-aurora/gin-vue-admin/server]2026-08-02 00:00:24.208	[34minfo[0m	/Users/a1/data/go/gin-vue-admin/server/initialize/meilisearch.go:30	Meilisearch initialized successfully
[github.com/flipped-aurora/gin-vue-admin/server]2026-08-02 00:00:55.046	[34minfo[0m	/Users/a1/data/go/gin-vue-admin/server/initialize/gorm.go:86	register table success
[github.com/flipped-aurora/gin-vue-admin/server]2026-08-02 00:00:55.093	[34minfo[0m	/Users/a1/data/go/gin-vue-admin/server/initialize/router.go:62	register swagger handler
[github.com/flipped-aurora/gin-vue-admin/server]2026-08-02 00:00:56.851	[34minfo[0m	/Users/a1/data/go/gin-vue-admin/server/initialize/router.go:115	router register success
[github.com/flipped-aurora/gin-vue-admin/server]2026-08-02 00:44:55.892	[34minfo[0m	/Users/a1/data/go/gin-vue-admin/server/service/quant/meilisearch.go:45	Meilisearch client initialized successfully	{"url": "http://119.29.82.70:7700"}
[github.com/flipped-aurora/gin-vue-admin/server]2026-08-02 00:44:56.074	[34minfo[0m	/Users/a1/data/go/gin-vue-admin/server/service/quant/meilisearch.go:88	News index created and configured successfully	{"index": "news"}
[github.com/flipped-aurora/gin-vue-admin/server]2026-08-02 00:44:56.075	[34minfo[0m	/Users/a1/data/go/gin-vue-admin/server/initialize/meilisearch.go:30	Meilisearch initialized successfully
[github.com/flipped-aurora/gin-vue-admin/server]2026-08-02 00:45:35.070	[34minfo[0m	/Users/a1/data/go/gin-vue-admin/server/initialize/gorm.go:86	register table success
[github.com/flipped-aurora/gin-vue-admin/server]2026-08-02 00:45:35.140	[34minfo[0m	/Users/a1/data/go/gin-vue-admin/server/initialize/router.go:62	register swagger handler
[github.com/flipped-aurora/gin-vue-admin/server]2026-08-02 00:45:36.950	[34minfo[0m	/Users/a1/data/go/gin-vue-admin/server/initialize/router.go:115	router register success
[github.com/flipped-aurora/gin-vue-admin/server]2026-08-02 00:46:25.302	[34minfo[0m	/Users/a1/data/go/gin-vue-admin/server/service/quant/meilisearch.go:45	Meilisearch client initialized successfully	{"url": "http://119.29.82.70:7700"}
[github.com/flipped-aurora/gin-vue-admin/server]2026-08-02 00:46:25.701	[34minfo[0m	/Users/a1/data/go/gin-vue-admin/server/service/quant/meilisearch.go:88	News index created and configured successfully	{"index": "news"}
[github.com/flipped-aurora/gin-vue-admin/server]2026-08-02 00:46:25.701	[34minfo[0m	/Users/a1/data/go/gin-vue-admin/server/initialize/meilisearch.go:30	Meilisearch initialized successfully
[github.com/flipped-aurora/gin-vue-admin/server]2026-08-02 00:46:58.985	[34minfo[0m	/Users/a1/data/go/gin-vue-admin/server/initialize/gorm.go:86	register table success
[github.com/flipped-aurora/gin-vue-admin/server]2026-08-02 00:46:59.042	[34minfo[0m	/Users/a1/data/go/gin-vue-admin/server/initialize/router.go:62	register swagger handler
[github.com/flipped-aurora/gin-vue-admin/server]2026-08-02 00:47:00.877	[34minfo[0m	/Users/a1/data/go/gin-vue-admin/server/initialize/router.go:115	router register success
[github.com/flipped-aurora/gin-vue-admin/server]2026-08-02 00:47:48.851	[34minfo[0m	/Users/a1/data/go/gin-vue-admin/server/service/quant/meilisearch.go:45	Meilisearch client initialized successfully	{"url": "http://119.29.82.70:7700"}
[github.com/flipped-aurora/gin-vue-admin/server]2026-08-02 00:47:49.482	[34minfo[0m	/Users/a1/data/go/gin-vue-admin/server/service/quant/meilisearch.go:88	News index created and configured successfully	{"index": "news"}
[github.com/flipped-aurora/gin-vue-admin/server]2026-08-02 00:47:49.482	[34minfo[0m	/Users/a1/data/go/gin-vue-admin/server/initialize/meilisearch.go:30	Meilisearch initialized successfully
[github.com/flipped-aurora/gin-vue-admin/server]2026-08-02 00:47:56.478	[34minfo[0m	/Users/a1/data/go/gin-vue-admin/server/service/quant/meilisearch.go:45	Meilisearch client initialized successfully	{"url": "http://119.29.82.70:7700"}
[github.com/flipped-aurora/gin-vue-admin/server]2026-08-02 00:47:57.115	[34minfo[0m	/Users/a1/data/go/gin-vue-admin/server/service/quant/meilisearch.go:88	News index created and configured successfully	{"index": "news"}
[github.com/flipped-aurora/gin-vue-admin/server]2026-08-02 00:47:57.116	[34minfo[0m	/Users/a1/data/go/gin-vue-admin/server/initialize/meilisearch.go:30	Meilisearch initialized successfully
[github.com/flipped-aurora/gin-vue-admin/server]2026-08-02 00:48:37.479	[34minfo[0m	/Users/a1/data/go/gin-vue-admin/server/initialize/gorm.go:86	register table success
[github.com/flipped-aurora/gin-vue-admin/server]2026-08-02 00:48:37.541	[34minfo[0m	/Users/a1/data/go/gin-vue-admin/server/initialize/router.go:62	register swagger handler
[github.com/flipped-aurora/gin-vue-admin/server]2026-08-02 00:48:39.406	[34minfo[0m	/Users/a1/data/go/gin-vue-admin/server/initialize/router.go:115	router register success
[github.com/flipped-aurora/gin-vue-admin/server]2026-08-02 00:48:45.194	[34minfo[0m	/Users/a1/data/go/gin-vue-admin/server/service/quant/meilisearch.go:45	Meilisearch client initialized successfully	{"url": "http://119.29.82.70:7700"}
[github.com/flipped-aurora/gin-vue-admin/server]2026-08-02 00:48:45.451	[34minfo[0m	/Users/a1/data/go/gin-vue-admin/server/service/quant/meilisearch.go:88	News index created and configured successfully	{"index": "news"}
[github.com/flipped-aurora/gin-vue-admin/server]2026-08-02 00:48:45.451	[34minfo[0m	/Users/a1/data/go/gin-vue-admin/server/initialize/meilisearch.go:30	Meilisearch initialized successfully
[github.com/flipped-aurora/gin-vue-admin/server]2026-08-02 00:49:27.324	[34minfo[0m	/Users/a1/data/go/gin-vue-admin/server/initialize/gorm.go:86	register table success
[github.com/flipped-aurora/gin-vue-admin/server]2026-08-02 00:49:27.471	[34minfo[0m	/Users/a1/data/go/gin-vue-admin/server/initialize/router.go:62	register swagger handler
[github.com/flipped-aurora/gin-vue-admin/server]2026-08-02 00:49:30.665	[34minfo[0m	/Users/a1/data/go/gin-vue-admin/server/initialize/router.go:115	router register success
[github.com/flipped-aurora/gin-vue-admin/server]2026-08-02 00:50:09.353	[34minfo[0m	/Users/a1/data/go/gin-vue-admin/server/service/quant/meilisearch.go:45	Meilisearch client initialized successfully	{"url": "http://119.29.82.70:7700"}
[github.com/flipped-aurora/gin-vue-admin/server]2026-08-02 00:50:09.632	[34minfo[0m	/Users/a1/data/go/gin-vue-admin/server/service/quant/meilisearch.go:88	News index created and configured successfully	{"index": "news"}
[github.com/flipped-aurora/gin-vue-admin/server]2026-08-02 00:50:09.632	[34minfo[0m	/Users/a1/data/go/gin-vue-admin/server/initialize/meilisearch.go:30	Meilisearch initialized successfully
[github.com/flipped-aurora/gin-vue-admin/server]2026-08-02 00:50:39.713	[34minfo[0m	/Users/a1/data/go/gin-vue-admin/server/initialize/gorm.go:86	register table success
[github.com/flipped-aurora/gin-vue-admin/server]2026-08-02 00:50:39.767	[34minfo[0m	/Users/a1/data/go/gin-vue-admin/server/initialize/router.go:62	register swagger handler
[github.com/flipped-aurora/gin-vue-admin/server]2026-08-02 00:50:41.362	[34minfo[0m	/Users/a1/data/go/gin-vue-admin/server/initialize/router.go:115	router register success
[github.com/flipped-aurora/gin-vue-admin/server]2026-08-02 00:50:47.757	[34minfo[0m	/Users/a1/data/go/gin-vue-admin/server/service/quant/meilisearch.go:45	Meilisearch client initialized successfully	{"url": "http://119.29.82.70:7700"}
[github.com/flipped-aurora/gin-vue-admin/server]2026-08-02 00:50:47.926	[34minfo[0m	/Users/a1/data/go/gin-vue-admin/server/service/quant/meilisearch.go:88	News index created and configured successfully	{"index": "news"}
[github.com/flipped-aurora/gin-vue-admin/server]2026-08-02 00:50:47.926	[34minfo[0m	/Users/a1/data/go/gin-vue-admin/server/initialize/meilisearch.go:30	Meilisearch initialized successfully
[github.com/flipped-aurora/gin-vue-admin/server]2026-08-02 00:51:23.478	[34minfo[0m	/Users/a1/data/go/gin-vue-admin/server/service/quant/meilisearch.go:45	Meilisearch client initialized successfully	{"url": "http://119.29.82.70:7700"}
[github.com/flipped-aurora/gin-vue-admin/server]2026-08-02 00:51:24.063	[34minfo[0m	/Users/a1/data/go/gin-vue-admin/server/service/quant/meilisearch.go:88	News index created and configured successfully	{"index": "news"}
[github.com/flipped-aurora/gin-vue-admin/server]2026-08-02 00:51:24.063	[34minfo[0m	/Users/a1/data/go/gin-vue-admin/server/initialize/meilisearch.go:30	Meilisearch initialized successfully
[github.com/flipped-aurora/gin-vue-admin/server]2026-08-02 00:51:39.213	[34minfo[0m	/Users/a1/data/go/gin-vue-admin/server/service/quant/meilisearch.go:45	Meilisearch client initialized successfully	{"url": "http://119.29.82.70:7700"}
[github.com/flipped-aurora/gin-vue-admin/server]2026-08-02 00:51:39.464	[34minfo[0m	/Users/a1/data/go/gin-vue-admin/server/service/quant/meilisearch.go:88	News index created and configured successfully	{"index": "news"}
[github.com/flipped-aurora/gin-vue-admin/server]2026-08-02 00:51:39.464	[34minfo[0m	/Users/a1/data/go/gin-vue-admin/server/initialize/meilisearch.go:30	Meilisearch initialized successfully
[github.com/flipped-aurora/gin-vue-admin/server]2026-08-02 00:52:27.178	[34minfo[0m	/Users/a1/data/go/gin-vue-admin/server/service/quant/meilisearch.go:45	Meilisearch client initialized successfully	{"url": "http://119.29.82.70:7700"}
[github.com/flipped-aurora/gin-vue-admin/server]2026-08-02 00:52:27.457	[34minfo[0m	/Users/a1/data/go/gin-vue-admin/server/service/quant/meilisearch.go:88	News index created and configured successfully	{"index": "news"}
[github.com/flipped-aurora/gin-vue-admin/server]2026-08-02 00:52:27.457	[34minfo[0m	/Users/a1/data/go/gin-vue-admin/server/initialize/meilisearch.go:30	Meilisearch initialized successfully
[github.com/flipped-aurora/gin-vue-admin/server]2026-08-02 00:53:04.696	[34minfo[0m	/Users/a1/data/go/gin-vue-admin/server/initialize/gorm.go:86	register table success
[github.com/flipped-aurora/gin-vue-admin/server]2026-08-02 00:53:04.745	[34minfo[0m	/Users/a1/data/go/gin-vue-admin/server/initialize/router.go:62	register swagger handler
[github.com/flipped-aurora/gin-vue-admin/server]2026-08-02 00:53:06.460	[34minfo[0m	/Users/a1/data/go/gin-vue-admin/server/initialize/router.go:115	router register success
[github.com/flipped-aurora/gin-vue-admin/server]2026-08-02 17:01:13.034	[34minfo[0m	/Users/a1/data/go/gin-vue-admin/server/service/quant/meilisearch.go:45	Meilisearch client initialized successfully	{"url": "http://119.29.82.70:7700"}
[github.com/flipped-aurora/gin-vue-admin/server]2026-08-02 17:01:13.193	[34minfo[0m	/Users/a1/data/go/gin-vue-admin/server/service/quant/meilisearch.go:88	News index created and configured successfully	{"index": "news"}
[github.com/flipped-aurora/gin-vue-admin/server]2026-08-02 17:01:13.193	[34minfo[0m	/Users/a1/data/go/gin-vue-admin/server/initialize/meilisearch.go:30	Meilisearch initialized successfully
[github.com/flipped-aurora/gin-vue-admin/server]2026-08-02 17:01:48.334	[34minfo[0m	/Users/a1/data/go/gin-vue-admin/server/initialize/gorm.go:86	register table success
[github.com/flipped-aurora/gin-vue-admin/server]2026-08-02 17:01:48.376	[34minfo[0m	/Users/a1/data/go/gin-vue-admin/server/initialize/router.go:62	register swagger handler
[github.com/flipped-aurora/gin-vue-admin/server]2026-08-02 17:01:49.938	[34minfo[0m	/Users/a1/data/go/gin-vue-admin/server/initialize/router.go:115	router register success
[github.com/flipped-aurora/gin-vue-admin/server]2026-08-02 17:03:34.336	[34minfo[0m	/Users/a1/data/go/gin-vue-admin/server/service/quant/meilisearch.go:45	Meilisearch client initialized successfully	{"url": "http://119.29.82.70:7700"}
[github.com/flipped-aurora/gin-vue-admin/server]2026-08-02 17:03:34.558	[34minfo[0m	/Users/a1/data/go/gin-vue-admin/server/service/quant/meilisearch.go:88	News index created and configured successfully	{"index": "news"}
[github.com/flipped-aurora/gin-vue-admin/server]2026-08-02 17:03:34.558	[34minfo[0m	/Users/a1/data/go/gin-vue-admin/server/initialize/meilisearch.go:30	Meilisearch initialized successfully
[github.com/flipped-aurora/gin-vue-admin/server]2026-08-02 17:04:12.351	[34minfo[0m	/Users/a1/data/go/gin-vue-admin/server/initialize/gorm.go:86	register table success
[github.com/flipped-aurora/gin-vue-admin/server]2026-08-02 17:04:12.442	[34minfo[0m	/Users/a1/data/go/gin-vue-admin/server/initialize/router.go:62	register swagger handler
[github.com/flipped-aurora/gin-vue-admin/server]2026-08-02 17:04:14.563	[34minfo[0m	/Users/a1/data/go/gin-vue-admin/server/initialize/router.go:115	router register success
[github.com/flipped-aurora/gin-vue-admin/server]2026-08-02 17:05:02.152	[34minfo[0m	/Users/a1/data/go/gin-vue-admin/server/service/quant/meilisearch.go:45	Meilisearch client initialized successfully	{"url": "http://119.29.82.70:7700"}
[github.com/flipped-aurora/gin-vue-admin/server]2026-08-02 17:05:02.360	[34minfo[0m	/Users/a1/data/go/gin-vue-admin/server/service/quant/meilisearch.go:88	News index created and configured successfully	{"index": "news"}
[github.com/flipped-aurora/gin-vue-admin/server]2026-08-02 17:05:02.361	[34minfo[0m	/Users/a1/data/go/gin-vue-admin/server/initialize/meilisearch.go:30	Meilisearch initialized successfully
[github.com/flipped-aurora/gin-vue-admin/server]2026-08-02 17:05:53.657	[34minfo[0m	/Users/a1/data/go/gin-vue-admin/server/service/quant/meilisearch.go:45	Meilisearch client initialized successfully	{"url": "http://119.29.82.70:7700"}
[github.com/flipped-aurora/gin-vue-admin/server]2026-08-02 17:05:53.948	[34minfo[0m	/Users/a1/data/go/gin-vue-admin/server/service/quant/meilisearch.go:88	News index created and configured successfully	{"index": "news"}
[github.com/flipped-aurora/gin-vue-admin/server]2026-08-02 17:05:53.948	[34minfo[0m	/Users/a1/data/go/gin-vue-admin/server/initialize/meilisearch.go:30	Meilisearch initialized successfully
[github.com/flipped-aurora/gin-vue-admin/server]2026-08-02 17:06:32.848	[34minfo[0m	/Users/a1/data/go/gin-vue-admin/server/initialize/gorm.go:86	register table success
[github.com/flipped-aurora/gin-vue-admin/server]2026-08-02 17:06:32.904	[34minfo[0m	/Users/a1/data/go/gin-vue-admin/server/initialize/router.go:62	register swagger handler
[github.com/flipped-aurora/gin-vue-admin/server]2026-08-02 17:06:34.703	[34minfo[0m	/Users/a1/data/go/gin-vue-admin/server/initialize/router.go:115	router register success
[github.com/flipped-aurora/gin-vue-admin/server]2026-08-02 17:12:18.102	[34minfo[0m	/Users/a1/data/go/gin-vue-admin/server/service/quant/meilisearch.go:45	Meilisearch client initialized successfully	{"url": "http://119.29.82.70:7700"}
[github.com/flipped-aurora/gin-vue-admin/server]2026-08-02 17:12:18.264	[34minfo[0m	/Users/a1/data/go/gin-vue-admin/server/service/quant/meilisearch.go:88	News index created and configured successfully	{"index": "news"}
[github.com/flipped-aurora/gin-vue-admin/server]2026-08-02 17:12:18.264	[34minfo[0m	/Users/a1/data/go/gin-vue-admin/server/initialize/meilisearch.go:30	Meilisearch initialized successfully
[github.com/flipped-aurora/gin-vue-admin/server]2026-08-02 17:14:19.713	[34minfo[0m	/Users/a1/data/go/gin-vue-admin/server/service/quant/meilisearch.go:45	Meilisearch client initialized successfully	{"url": "http://119.29.82.70:7700"}
[github.com/flipped-aurora/gin-vue-admin/server]2026-08-02 17:14:19.970	[34minfo[0m	/Users/a1/data/go/gin-vue-admin/server/service/quant/meilisearch.go:88	News index created and configured successfully	{"index": "news"}
[github.com/flipped-aurora/gin-vue-admin/server]2026-08-02 17:14:19.970	[34minfo[0m	/Users/a1/data/go/gin-vue-admin/server/initialize/meilisearch.go:30	Meilisearch initialized successfully
[github.com/flipped-aurora/gin-vue-admin/server]2026-08-02 17:14:50.794	[34minfo[0m	/Users/a1/data/go/gin-vue-admin/server/initialize/gorm.go:86	register table success
[github.com/flipped-aurora/gin-vue-admin/server]2026-08-02 17:14:50.862	[34minfo[0m	/Users/a1/data/go/gin-vue-admin/server/initialize/router.go:62	register swagger handler
[github.com/flipped-aurora/gin-vue-admin/server]2026-08-02 17:14:52.527	[34minfo[0m	/Users/a1/data/go/gin-vue-admin/server/initialize/router.go:115	router register success
[github.com/flipped-aurora/gin-vue-admin/server]2026-08-02 17:15:48.389	[34minfo[0m	/Users/a1/data/go/gin-vue-admin/server/service/quant/meilisearch.go:45	Meilisearch client initialized successfully	{"url": "http://119.29.82.70:7700"}
[github.com/flipped-aurora/gin-vue-admin/server]2026-08-02 17:15:48.626	[34minfo[0m	/Users/a1/data/go/gin-vue-admin/server/service/quant/meilisearch.go:88	News index created and configured successfully	{"index": "news"}
[github.com/flipped-aurora/gin-vue-admin/server]2026-08-02 17:15:48.626	[34minfo[0m	/Users/a1/data/go/gin-vue-admin/server/initialize/meilisearch.go:30	Meilisearch initialized successfully
[github.com/flipped-aurora/gin-vue-admin/server]2026-08-02 17:16:23.568	[34minfo[0m	/Users/a1/data/go/gin-vue-admin/server/initialize/gorm.go:86	register table success
[github.com/flipped-aurora/gin-vue-admin/server]2026-08-02 17:16:23.620	[34minfo[0m	/Users/a1/data/go/gin-vue-admin/server/initialize/router.go:62	register swagger handler
[github.com/flipped-aurora/gin-vue-admin/server]2026-08-02 17:16:25.277	[34minfo[0m	/Users/a1/data/go/gin-vue-admin/server/initialize/router.go:115	router register success
[github.com/flipped-aurora/gin-vue-admin/server]2026-08-02 17:55:38.734	[34minfo[0m	/Users/a1/data/go/gin-vue-admin/server/service/quant/meilisearch.go:45	Meilisearch client initialized successfully	{"url": "http://119.29.82.70:7700"}
[github.com/flipped-aurora/gin-vue-admin/server]2026-08-02 17:55:38.893	[34minfo[0m	/Users/a1/data/go/gin-vue-admin/server/service/quant/meilisearch.go:88	News index created and configured successfully	{"index": "news"}
[github.com/flipped-aurora/gin-vue-admin/server]2026-08-02 17:55:38.893	[34minfo[0m	/Users/a1/data/go/gin-vue-admin/server/initialize/meilisearch.go:30	Meilisearch initialized successfully
[github.com/flipped-aurora/gin-vue-admin/server]2026-08-02 17:56:19.811	[34minfo[0m	/Users/a1/data/go/gin-vue-admin/server/initialize/gorm.go:86	register table success
[github.com/flipped-aurora/gin-vue-admin/server]2026-08-02 17:56:19.859	[34minfo[0m	/Users/a1/data/go/gin-vue-admin/server/initialize/router.go:62	register swagger handler
[github.com/flipped-aurora/gin-vue-admin/server]2026-08-02 17:56:21.742	[34minfo[0m	/Users/a1/data/go/gin-vue-admin/server/initialize/router.go:115	router register success
[github.com/flipped-aurora/gin-vue-admin/server]2026-08-02 17:56:53.667	[34minfo[0m	/Users/a1/data/go/gin-vue-admin/server/service/quant/meilisearch.go:45	Meilisearch client initialized successfully	{"url": "http://119.29.82.70:7700"}
[github.com/flipped-aurora/gin-vue-admin/server]2026-08-02 17:56:53.885	[34minfo[0m	/Users/a1/data/go/gin-vue-admin/server/service/quant/meilisearch.go:88	News index created and configured successfully	{"index": "news"}
[github.com/flipped-aurora/gin-vue-admin/server]2026-08-02 17:56:53.885	[34minfo[0m	/Users/a1/data/go/gin-vue-admin/server/initialize/meilisearch.go:30	Meilisearch initialized successfully
[github.com/flipped-aurora/gin-vue-admin/server]2026-08-02 17:57:29.729	[34minfo[0m	/Users/a1/data/go/gin-vue-admin/server/initialize/gorm.go:86	register table success
[github.com/flipped-aurora/gin-vue-admin/server]2026-08-02 17:57:29.787	[34minfo[0m	/Users/a1/data/go/gin-vue-admin/server/initialize/router.go:62	register swagger handler
[github.com/flipped-aurora/gin-vue-admin/server]2026-08-02 17:57:31.536	[34minfo[0m	/Users/a1/data/go/gin-vue-admin/server/initialize/router.go:115	router register success
[github.com/flipped-aurora/gin-vue-admin/server]2026-08-02 22:28:32.180	[34minfo[0m	/Users/a1/data/go/gin-vue-admin/server/service/quant/meilisearch.go:45	Meilisearch client initialized successfully	{"url": "http://119.29.82.70:7700"}
[github.com/flipped-aurora/gin-vue-admin/server]2026-08-02 22:28:32.336	[34minfo[0m	/Users/a1/data/go/gin-vue-admin/server/service/quant/meilisearch.go:88	News index created and configured successfully	{"index": "news"}
[github.com/flipped-aurora/gin-vue-admin/server]2026-08-02 22:28:32.336	[34minfo[0m	/Users/a1/data/go/gin-vue-admin/server/initialize/meilisearch.go:30	Meilisearch initialized successfully
[github.com/flipped-aurora/gin-vue-admin/server]2026-08-02 22:29:10.811	[34minfo[0m	/Users/a1/data/go/gin-vue-admin/server/initialize/gorm.go:86	register table success
[github.com/flipped-aurora/gin-vue-admin/server]2026-08-02 22:29:10.861	[34minfo[0m	/Users/a1/data/go/gin-vue-admin/server/initialize/router.go:62	register swagger handler
[github.com/flipped-aurora/gin-vue-admin/server]2026-08-02 22:29:12.702	[34minfo[0m	/Users/a1/data/go/gin-vue-admin/server/initialize/router.go:115	router register success
[github.com/flipped-aurora/gin-vue-admin/server]2026-08-02 22:29:42.038	[34minfo[0m	/Users/a1/data/go/gin-vue-admin/server/service/quant/meilisearch.go:45	Meilisearch client initialized successfully	{"url": "http://119.29.82.70:7700"}
[github.com/flipped-aurora/gin-vue-admin/server]2026-08-02 22:29:42.216	[34minfo[0m	/Users/a1/data/go/gin-vue-admin/server/service/quant/meilisearch.go:88	News index created and configured successfully	{"index": "news"}
[github.com/flipped-aurora/gin-vue-admin/server]2026-08-02 22:29:42.216	[34minfo[0m	/Users/a1/data/go/gin-vue-admin/server/initialize/meilisearch.go:30	Meilisearch initialized successfully
[github.com/flipped-aurora/gin-vue-admin/server]2026-08-02 22:30:20.474	[34minfo[0m	/Users/a1/data/go/gin-vue-admin/server/initialize/gorm.go:86	register table success
[github.com/flipped-aurora/gin-vue-admin/server]2026-08-02 22:30:20.530	[34minfo[0m	/Users/a1/data/go/gin-vue-admin/server/initialize/router.go:62	register swagger handler
[github.com/flipped-aurora/gin-vue-admin/server]2026-08-02 22:30:22.494	[34minfo[0m	/Users/a1/data/go/gin-vue-admin/server/initialize/router.go:115	router register success
[github.com/flipped-aurora/gin-vue-admin/server]2026-08-02 22:49:51.220	[34minfo[0m	/Users/a1/data/go/gin-vue-admin/server/service/quant/meilisearch.go:45	Meilisearch client initialized successfully	{"url": "http://119.29.82.70:7700"}
[github.com/flipped-aurora/gin-vue-admin/server]2026-08-02 22:49:51.387	[34minfo[0m	/Users/a1/data/go/gin-vue-admin/server/service/quant/meilisearch.go:88	News index created and configured successfully	{"index": "news"}
[github.com/flipped-aurora/gin-vue-admin/server]2026-08-02 22:49:51.388	[34minfo[0m	/Users/a1/data/go/gin-vue-admin/server/initialize/meilisearch.go:30	Meilisearch initialized successfully
[github.com/flipped-aurora/gin-vue-admin/server]2026-08-02 22:50:26.498	[34minfo[0m	/Users/a1/data/go/gin-vue-admin/server/initialize/gorm.go:86	register table success
[github.com/flipped-aurora/gin-vue-admin/server]2026-08-02 22:50:26.545	[34minfo[0m	/Users/a1/data/go/gin-vue-admin/server/initialize/router.go:62	register swagger handler
[github.com/flipped-aurora/gin-vue-admin/server]2026-08-02 22:50:28.292	[34minfo[0m	/Users/a1/data/go/gin-vue-admin/server/initialize/router.go:115	router register success
[github.com/flipped-aurora/gin-vue-admin/server]2026-08-02 22:50:49.481	[34minfo[0m	/Users/a1/data/go/gin-vue-admin/server/service/quant/meilisearch.go:45	Meilisearch client initialized successfully	{"url": "http://119.29.82.70:7700"}
[github.com/flipped-aurora/gin-vue-admin/server]2026-08-02 22:50:49.660	[34minfo[0m	/Users/a1/data/go/gin-vue-admin/server/service/quant/meilisearch.go:88	News index created and configured successfully	{"index": "news"}
[github.com/flipped-aurora/gin-vue-admin/server]2026-08-02 22:50:49.661	[34minfo[0m	/Users/a1/data/go/gin-vue-admin/server/initialize/meilisearch.go:30	Meilisearch initialized successfully
[github.com/flipped-aurora/gin-vue-admin/server]2026-08-02 22:51:21.632	[34minfo[0m	/Users/a1/data/go/gin-vue-admin/server/initialize/gorm.go:86	register table success
[github.com/flipped-aurora/gin-vue-admin/server]2026-08-02 22:51:21.678	[34minfo[0m	/Users/a1/data/go/gin-vue-admin/server/initialize/router.go:62	register swagger handler
[github.com/flipped-aurora/gin-vue-admin/server]2026-08-02 22:51:23.261	[34minfo[0m	/Users/a1/data/go/gin-vue-admin/server/initialize/router.go:115	router register success
[github.com/flipped-aurora/gin-vue-admin/server]2026-08-02 23:26:38.305	[34minfo[0m	/Users/a1/data/go/gin-vue-admin/server/service/quant/meilisearch.go:45	Meilisearch client initialized successfully	{"url": "http://119.29.82.70:7700"}
[github.com/flipped-aurora/gin-vue-admin/server]2026-08-02 23:26:38.457	[34minfo[0m	/Users/a1/data/go/gin-vue-admin/server/service/quant/meilisearch.go:88	News index created and configured successfully	{"index": "news"}
[github.com/flipped-aurora/gin-vue-admin/server]2026-08-02 23:26:38.457	[34minfo[0m	/Users/a1/data/go/gin-vue-admin/server/initialize/meilisearch.go:30	Meilisearch initialized successfully
[github.com/flipped-aurora/gin-vue-admin/server]2026-08-02 23:27:13.949	[34minfo[0m	/Users/a1/data/go/gin-vue-admin/server/initialize/gorm.go:86	register table success
[github.com/flipped-aurora/gin-vue-admin/server]2026-08-02 23:27:13.992	[34minfo[0m	/Users/a1/data/go/gin-vue-admin/server/initialize/router.go:62	register swagger handler
[github.com/flipped-aurora/gin-vue-admin/server]2026-08-02 23:27:15.653	[34minfo[0m	/Users/a1/data/go/gin-vue-admin/server/initialize/router.go:115	router register success
